[96mLANE_ENV_INFO|[0m ACTION NUMBER:      5
[96mLANE_ENV_INFO|[0m STATE DIMENSION:     25
[96mLANE_ENV_INFO|[0m ROAD SCENARIO: highway (highway-v0)
[91mFINISH: model_rwta[0m
[94mMODEL_RWTA_INFO|[0m RWTA Prob initialize
[94mMODEL_RWTA_INFO|[0m weight 3837
[94mMODEL_RWTA_INFO|[0m bias 69
[92minit      [0m 2026-04-22 19:34:42.943465
[92marguments [0m Namespace(PPO_epochs=4, adv_norm=1, alg='ppo', allow_long_train=True, critic_lr=0.00015, cuda=0, curriculum_clean_ratio=1.0, curriculum_entropy_decay=0.97, curriculum_mode='adaptive', curriculum_noise_step=0.0, curriculum_patience=1, entropy=0.015, entropy_decay=0.999, entropy_min=0.001, entropy_warmup_episodes=50, entropy_warmup_scale=1.1, eps_clip=0.2, eval_artifact_stem='', eval_checkpoint='best', eval_episodes=30, eval_only=False, eval_save_details=False, final_eval_episodes=30, gae_lambda=0.95, gamma=0.998, grad_clip=0.5, gymip_train_xml='inverted_pendulum_ChangeThk_0.050000.xml', hid_group_num=8, hid_group_size=8, hidden_num=64, highway_reward_stage='c_success', ignore_checkpoint=True, lane_profile='auto', lr=0.0001, max_noise=0.0, mini_batch_size=128, model='rwtaspk', monitor_time=False, optimizer='rmsprop', rep=11, response_window=40, reward_scale=0.8, road_scenario='highway', rollout_steps=512, rwta_del_connection='none', seed=101, snn_num_steps=15, task='gymip', thread=-1, traffic_level='standard', train_envs=4, train_num=4000, val_episodes=30, val_interval_timesteps=5000, warm_start_kind='none', warm_start_prefix='')
[92mseed      [0m 101
[92mmodel_dir [0m /root/autodl-tmp/SVPG2023/LANE/training_runs/ours/highway_standard/models
[92mprofile   [0m lane auto-stabilize: lr->0.0001, critic_lr->0.00015, gamma->0.998, entropy->0.015, entropy_min->0.001, entropy_decay->0.999, PPO_epochs->4, reward_scale->0.8, grad_clip->0.5, rollout_steps->512, mini_batch_size->128, curriculum_mode->adaptive, max_noise->0.0, curriculum_clean_ratio->1.0, curriculum_noise_step->0.0, curriculum_patience->1, curriculum_entropy_decay->0.97
[92mparallel  [0m train_envs 4
[96mLANE_ENV_INFO|[0m ACTION NUMBER:      5
[96mLANE_ENV_INFO|[0m STATE DIMENSION:     25
[96mLANE_ENV_INFO|[0m ROAD SCENARIO: highway (highway-v0)
Process SpawnProcess-3:
Traceback (most recent call last):
  File "/root/miniconda3/lib/python3.8/multiprocessing/process.py", line 315, in _bootstrap
    self.run()
  File "/root/miniconda3/lib/python3.8/multiprocessing/process.py", line 108, in run
    self._target(*self._args, **self._kwargs)
  File "/root/autodl-tmp/SVPG2023/LANE/run_RL_ours.py", line 313, in lane_parallel_worker
    connection.send({
  File "/root/miniconda3/lib/python3.8/multiprocessing/connection.py", line 206, in send
    self._send_bytes(_ForkingPickler.dumps(obj))
  File "/root/miniconda3/lib/python3.8/multiprocessing/connection.py", line 411, in _send_bytes
    self._send(header + buf)
  File "/root/miniconda3/lib/python3.8/multiprocessing/connection.py", line 368, in _send
    n = write(self._handle, buf)
BrokenPipeError: [Errno 32] Broken pipe
[96mLANE_ENV_INFO|[0m ACTION NUMBER:      5
[96mLANE_ENV_INFO|[0m STATE DIMENSION:     25
[96mLANE_ENV_INFO|[0m ROAD SCENARIO: highway (highway-v0)
Process SpawnProcess-1:
Traceback (most recent call last):
  File "/root/miniconda3/lib/python3.8/multiprocessing/process.py", line 315, in _bootstrap
    self.run()
  File "/root/miniconda3/lib/python3.8/multiprocessing/process.py", line 108, in run
    self._target(*self._args, **self._kwargs)
  File "/root/autodl-tmp/SVPG2023/LANE/run_RL_ours.py", line 313, in lane_parallel_worker
    connection.send({
  File "/root/miniconda3/lib/python3.8/multiprocessing/connection.py", line 206, in send
    self._send_bytes(_ForkingPickler.dumps(obj))
  File "/root/miniconda3/lib/python3.8/multiprocessing/connection.py", line 411, in _send_bytes
    self._send(header + buf)
  File "/root/miniconda3/lib/python3.8/multiprocessing/connection.py", line 368, in _send
    n = write(self._handle, buf)
BrokenPipeError: [Errno 32] Broken pipe
[96mLANE_ENV_INFO|[0m ACTION NUMBER:      5
[96mLANE_ENV_INFO|[0m STATE DIMENSION:     25
[96mLANE_ENV_INFO|[0m ROAD SCENARIO: highway (highway-v0)
Process SpawnProcess-4:
Traceback (most recent call last):
  File "/root/miniconda3/lib/python3.8/multiprocessing/process.py", line 315, in _bootstrap
    self.run()
  File "/root/miniconda3/lib/python3.8/multiprocessing/process.py", line 108, in run
    self._target(*self._args, **self._kwargs)
  File "/root/autodl-tmp/SVPG2023/LANE/run_RL_ours.py", line 313, in lane_parallel_worker
    connection.send({
  File "/root/miniconda3/lib/python3.8/multiprocessing/connection.py", line 206, in send
    self._send_bytes(_ForkingPickler.dumps(obj))
  File "/root/miniconda3/lib/python3.8/multiprocessing/connection.py", line 411, in _send_bytes
    self._send(header + buf)
  File "/root/miniconda3/lib/python3.8/multiprocessing/connection.py", line 368, in _send
    n = write(self._handle, buf)
BrokenPipeError: [Errno 32] Broken pipe
[96mLANE_ENV_INFO|[0m ACTION NUMBER:      5
[96mLANE_ENV_INFO|[0m STATE DIMENSION:     25
[96mLANE_ENV_INFO|[0m ROAD SCENARIO: highway (highway-v0)
Process SpawnProcess-2:
Traceback (most recent call last):
  File "/root/miniconda3/lib/python3.8/multiprocessing/process.py", line 315, in _bootstrap
    self.run()
  File "/root/miniconda3/lib/python3.8/multiprocessing/process.py", line 108, in run
    self._target(*self._args, **self._kwargs)
  File "/root/autodl-tmp/SVPG2023/LANE/run_RL_ours.py", line 313, in lane_parallel_worker
    connection.send({
  File "/root/miniconda3/lib/python3.8/multiprocessing/connection.py", line 206, in send
    self._send_bytes(_ForkingPickler.dumps(obj))
  File "/root/miniconda3/lib/python3.8/multiprocessing/connection.py", line 411, in _send_bytes
    self._send(header + buf)
  File "/root/miniconda3/lib/python3.8/multiprocessing/connection.py", line 368, in _send
    n = write(self._handle, buf)
BrokenPipeError: [Errno 32] Broken pipe
