[91mFINISH: model_mlp[0m
[91mFINISH: model_rwta[0m
Robustness evaluation start
Scenario: highway / dense
  - ours: /root/autodl-tmp/SVPG2023/LANE/training_runs/ours/highway_dense/models/ppo_gymip_rwtaspk_h8-8-40_none_rmsprop_0.000320_0.18_0.99800_4_0.1200_ro896_mb224_lam0.99_rs0.90_gc0.40_adaptive_roadhighway_tfdense_hrsc_success_ew1.10e50_te8_seed52_current

======================================
Model: ours /root/autodl-tmp/SVPG2023/LANE/training_runs/ours/highway_dense/models/ppo_gymip_rwtaspk_h8-8-40_none_rmsprop_0.000320_0.18_0.99800_4_0.1200_ro896_mb224_lam0.99_rs0.90_gc0.40_adaptive_roadhighway_tfdense_hrsc_success_ew1.10e50_te8_seed52_current

[Action Failure]
[96mLANE_ENV_INFO|[0m ACTION NUMBER:      5
[96mLANE_ENV_INFO|[0m STATE DIMENSION:     25
[96mLANE_ENV_INFO|[0m ROAD SCENARIO: highway (highway-v0)
[94mMODEL_RWTA_INFO|[0m RWTA Prob initialize
[94mMODEL_RWTA_INFO|[0m weight 3837
[94mMODEL_RWTA_INFO|[0m bias 69
[94mMODEL_RWTA_INFO|[0m load: /root/autodl-tmp/SVPG2023/LANE/training_runs/ours/highway_dense/models/ppo_gymip_rwtaspk_h8-8-40_none_rmsprop_0.000320_0.18_0.99800_4_0.1200_ro896_mb224_lam0.99_rs0.90_gc0.40_adaptive_roadhighway_tfdense_hrsc_success_ew1.10e50_te8_seed52_current.pt
[94mMODEL_RWTA_INFO|[0m RWTA Prob initialize
[94mMODEL_RWTA_INFO|[0m weight 3837
[94mMODEL_RWTA_INFO|[0m bias 69
[94mMODEL_RWTA_INFO|[0m load: /root/autodl-tmp/SVPG2023/LANE/training_runs/ours/highway_dense/models/ppo_gymip_rwtaspk_h8-8-40_none_rmsprop_0.000320_0.18_0.99800_4_0.1200_ro896_mb224_lam0.99_rs0.90_gc0.40_adaptive_roadhighway_tfdense_hrsc_success_ew1.10e50_te8_seed52_current.pt
[94mMODEL_RWTA_INFO|[0m RWTA Prob initialize
[94mMODEL_RWTA_INFO|[0m weight 3837
[94mMODEL_RWTA_INFO|[0m bias 69
[94mMODEL_RWTA_INFO|[0m load: /root/autodl-tmp/SVPG2023/LANE/training_runs/ours/highway_dense/models/ppo_gymip_rwtaspk_h8-8-40_none_rmsprop_0.000320_0.18_0.99800_4_0.1200_ro896_mb224_lam0.99_rs0.90_gc0.40_adaptive_roadhighway_tfdense_hrsc_success_ew1.10e50_te8_seed52_current.pt
[94mMODEL_RWTA_INFO|[0m RWTA Prob initialize
[94mMODEL_RWTA_INFO|[0m weight 3837
[94mMODEL_RWTA_INFO|[0m bias 69
[94mMODEL_RWTA_INFO|[0m load: /root/autodl-tmp/SVPG2023/LANE/training_runs/ours/highway_dense/models/ppo_gymip_rwtaspk_h8-8-40_none_rmsprop_0.000320_0.18_0.99800_4_0.1200_ro896_mb224_lam0.99_rs0.90_gc0.40_adaptive_roadhighway_tfdense_hrsc_success_ew1.10e50_te8_seed52_current.pt
[94mMODEL_RWTA_INFO|[0m RWTA Prob initialize
[94mMODEL_RWTA_INFO|[0m weight 3837
[94mMODEL_RWTA_INFO|[0m bias 69
[94mMODEL_RWTA_INFO|[0m load: /root/autodl-tmp/SVPG2023/LANE/training_runs/ours/highway_dense/models/ppo_gymip_rwtaspk_h8-8-40_none_rmsprop_0.000320_0.18_0.99800_4_0.1200_ro896_mb224_lam0.99_rs0.90_gc0.40_adaptive_roadhighway_tfdense_hrsc_success_ew1.10e50_te8_seed52_current.pt
[94mMODEL_RWTA_INFO|[0m RWTA Prob initialize
[94mMODEL_RWTA_INFO|[0m weight 3837
[94mMODEL_RWTA_INFO|[0m bias 69
[94mMODEL_RWTA_INFO|[0m load: /root/autodl-tmp/SVPG2023/LANE/training_runs/ours/highway_dense/models/ppo_gymip_rwtaspk_h8-8-40_none_rmsprop_0.000320_0.18_0.99800_4_0.1200_ro896_mb224_lam0.99_rs0.90_gc0.40_adaptive_roadhighway_tfdense_hrsc_success_ew1.10e50_te8_seed52_current.pt
[94mMODEL_RWTA_INFO|[0m RWTA Prob initialize
[94mMODEL_RWTA_INFO|[0m weight 3837
[94mMODEL_RWTA_INFO|[0m bias 69
[94mMODEL_RWTA_INFO|[0m load: /root/autodl-tmp/SVPG2023/LANE/training_runs/ours/highway_dense/models/ppo_gymip_rwtaspk_h8-8-40_none_rmsprop_0.000320_0.18_0.99800_4_0.1200_ro896_mb224_lam0.99_rs0.90_gc0.40_adaptive_roadhighway_tfdense_hrsc_success_ew1.10e50_te8_seed52_current.pt
[94mMODEL_RWTA_INFO|[0m RWTA Prob initialize
[94mMODEL_RWTA_INFO|[0m weight 3837
[94mMODEL_RWTA_INFO|[0m bias 69
[94mMODEL_RWTA_INFO|[0m load: /root/autodl-tmp/SVPG2023/LANE/training_runs/ours/highway_dense/models/ppo_gymip_rwtaspk_h8-8-40_none_rmsprop_0.000320_0.18_0.99800_4_0.1200_ro896_mb224_lam0.99_rs0.90_gc0.40_adaptive_roadhighway_tfdense_hrsc_success_ew1.10e50_te8_seed52_current.pt
[94mMODEL_RWTA_INFO|[0m RWTA Prob initialize
[94mMODEL_RWTA_INFO|[0m weight 3837
[94mMODEL_RWTA_INFO|[0m bias 69
[94mMODEL_RWTA_INFO|[0m load: /root/autodl-tmp/SVPG2023/LANE/training_runs/ours/highway_dense/models/ppo_gymip_rwtaspk_h8-8-40_none_rmsprop_0.000320_0.18_0.99800_4_0.1200_ro896_mb224_lam0.99_rs0.90_gc0.40_adaptive_roadhighway_tfdense_hrsc_success_ew1.10e50_te8_seed52_current.pt
[94mMODEL_RWTA_INFO|[0m RWTA Prob initialize
[94mMODEL_RWTA_INFO|[0m weight 3837
[94mMODEL_RWTA_INFO|[0m bias 69
[94mMODEL_RWTA_INFO|[0m load: /root/autodl-tmp/SVPG2023/LANE/training_runs/ours/highway_dense/models/ppo_gymip_rwtaspk_h8-8-40_none_rmsprop_0.000320_0.18_0.99800_4_0.1200_ro896_mb224_lam0.99_rs0.90_gc0.40_adaptive_roadhighway_tfdense_hrsc_success_ew1.10e50_te8_seed52_current.pt
[94mMODEL_RWTA_INFO|[0m RWTA Prob initialize
[94mMODEL_RWTA_INFO|[0m weight 3837
[94mMODEL_RWTA_INFO|[0m bias 69
[94mMODEL_RWTA_INFO|[0m load: /root/autodl-tmp/SVPG2023/LANE/training_runs/ours/highway_dense/models/ppo_gymip_rwtaspk_h8-8-40_none_rmsprop_0.000320_0.18_0.99800_4_0.1200_ro896_mb224_lam0.99_rs0.90_gc0.40_adaptive_roadhighway_tfdense_hrsc_success_ew1.10e50_te8_seed52_current.pt
[94mMODEL_RWTA_INFO|[0m RWTA Prob initialize
[94mMODEL_RWTA_INFO|[0m weight 3837
[94mMODEL_RWTA_INFO|[0m bias 69
[94mMODEL_RWTA_INFO|[0m load: /root/autodl-tmp/SVPG2023/LANE/training_runs/ours/highway_dense/models/ppo_gymip_rwtaspk_h8-8-40_none_rmsprop_0.000320_0.18_0.99800_4_0.1200_ro896_mb224_lam0.99_rs0.90_gc0.40_adaptive_roadhighway_tfdense_hrsc_success_ew1.10e50_te8_seed52_current.pt
[94mMODEL_RWTA_INFO|[0m RWTA Prob initialize
[94mMODEL_RWTA_INFO|[0m weight 3837
[94mMODEL_RWTA_INFO|[0m bias 69
[94mMODEL_RWTA_INFO|[0m load: /root/autodl-tmp/SVPG2023/LANE/training_runs/ours/highway_dense/models/ppo_gymip_rwtaspk_h8-8-40_none_rmsprop_0.000320_0.18_0.99800_4_0.1200_ro896_mb224_lam0.99_rs0.90_gc0.40_adaptive_roadhighway_tfdense_hrsc_success_ew1.10e50_te8_seed52_current.pt
[94mMODEL_RWTA_INFO|[0m RWTA Prob initialize
[94mMODEL_RWTA_INFO|[0m weight 3837
[94mMODEL_RWTA_INFO|[0m bias 69
[94mMODEL_RWTA_INFO|[0m load: /root/autodl-tmp/SVPG2023/LANE/training_runs/ours/highway_dense/models/ppo_gymip_rwtaspk_h8-8-40_none_rmsprop_0.000320_0.18_0.99800_4_0.1200_ro896_mb224_lam0.99_rs0.90_gc0.40_adaptive_roadhighway_tfdense_hrsc_success_ew1.10e50_te8_seed52_current.pt
[94mMODEL_RWTA_INFO|[0m RWTA Prob initialize
[94mMODEL_RWTA_INFO|[0m weight 3837
[94mMODEL_RWTA_INFO|[0m bias 69
[94mMODEL_RWTA_INFO|[0m load: /root/autodl-tmp/SVPG2023/LANE/training_runs/ours/highway_dense/models/ppo_gymip_rwtaspk_h8-8-40_none_rmsprop_0.000320_0.18_0.99800_4_0.1200_ro896_mb224_lam0.99_rs0.90_gc0.40_adaptive_roadhighway_tfdense_hrsc_success_ew1.10e50_te8_seed52_current.pt
[94mMODEL_RWTA_INFO|[0m RWTA Prob initialize
[94mMODEL_RWTA_INFO|[0m weight 3837
[94mMODEL_RWTA_INFO|[0m bias 69
[94mMODEL_RWTA_INFO|[0m load: /root/autodl-tmp/SVPG2023/LANE/training_runs/ours/highway_dense/models/ppo_gymip_rwtaspk_h8-8-40_none_rmsprop_0.000320_0.18_0.99800_4_0.1200_ro896_mb224_lam0.99_rs0.90_gc0.40_adaptive_roadhighway_tfdense_hrsc_success_ew1.10e50_te8_seed52_current.pt
[94mMODEL_RWTA_INFO|[0m RWTA Prob initialize
[94mMODEL_RWTA_INFO|[0m weight 3837
[94mMODEL_RWTA_INFO|[0m bias 69
[94mMODEL_RWTA_INFO|[0m load: /root/autodl-tmp/SVPG2023/LANE/training_runs/ours/highway_dense/models/ppo_gymip_rwtaspk_h8-8-40_none_rmsprop_0.000320_0.18_0.99800_4_0.1200_ro896_mb224_lam0.99_rs0.90_gc0.40_adaptive_roadhighway_tfdense_hrsc_success_ew1.10e50_te8_seed52_current.pt
[94mMODEL_RWTA_INFO|[0m RWTA Prob initialize
[94mMODEL_RWTA_INFO|[0m weight 3837
[94mMODEL_RWTA_INFO|[0m bias 69
[94mMODEL_RWTA_INFO|[0m load: /root/autodl-tmp/SVPG2023/LANE/training_runs/ours/highway_dense/models/ppo_gymip_rwtaspk_h8-8-40_none_rmsprop_0.000320_0.18_0.99800_4_0.1200_ro896_mb224_lam0.99_rs0.90_gc0.40_adaptive_roadhighway_tfdense_hrsc_success_ew1.10e50_te8_seed52_current.pt
[94mMODEL_RWTA_INFO|[0m RWTA Prob initialize
[94mMODEL_RWTA_INFO|[0m weight 3837
[94mMODEL_RWTA_INFO|[0m bias 69
[94mMODEL_RWTA_INFO|[0m load: /root/autodl-tmp/SVPG2023/LANE/training_runs/ours/highway_dense/models/ppo_gymip_rwtaspk_h8-8-40_none_rmsprop_0.000320_0.18_0.99800_4_0.1200_ro896_mb224_lam0.99_rs0.90_gc0.40_adaptive_roadhighway_tfdense_hrsc_success_ew1.10e50_te8_seed52_current.pt
[94mMODEL_RWTA_INFO|[0m RWTA Prob initialize
[94mMODEL_RWTA_INFO|[0m weight 3837
[94mMODEL_RWTA_INFO|[0m bias 69
[94mMODEL_RWTA_INFO|[0m load: /root/autodl-tmp/SVPG2023/LANE/training_runs/ours/highway_dense/models/ppo_gymip_rwtaspk_h8-8-40_none_rmsprop_0.000320_0.18_0.99800_4_0.1200_ro896_mb224_lam0.99_rs0.90_gc0.40_adaptive_roadhighway_tfdense_hrsc_success_ew1.10e50_te8_seed52_current.pt
failure_rate    0.000 | success  0.050 | collision  0.300 | timeout  0.650 | reward 242.079 | len 105.950 | speed 21.407 | progress  0.836
[96mLANE_ENV_INFO|[0m ACTION NUMBER:      5
[96mLANE_ENV_INFO|[0m STATE DIMENSION:     25
[96mLANE_ENV_INFO|[0m ROAD SCENARIO: highway (highway-v0)
[94mMODEL_RWTA_INFO|[0m RWTA Prob initialize
[94mMODEL_RWTA_INFO|[0m weight 3837
[94mMODEL_RWTA_INFO|[0m bias 69
[94mMODEL_RWTA_INFO|[0m load: /root/autodl-tmp/SVPG2023/LANE/training_runs/ours/highway_dense/models/ppo_gymip_rwtaspk_h8-8-40_none_rmsprop_0.000320_0.18_0.99800_4_0.1200_ro896_mb224_lam0.99_rs0.90_gc0.40_adaptive_roadhighway_tfdense_hrsc_success_ew1.10e50_te8_seed52_current.pt
[94mMODEL_RWTA_INFO|[0m RWTA Prob initialize
[94mMODEL_RWTA_INFO|[0m weight 3837
[94mMODEL_RWTA_INFO|[0m bias 69
[94mMODEL_RWTA_INFO|[0m load: /root/autodl-tmp/SVPG2023/LANE/training_runs/ours/highway_dense/models/ppo_gymip_rwtaspk_h8-8-40_none_rmsprop_0.000320_0.18_0.99800_4_0.1200_ro896_mb224_lam0.99_rs0.90_gc0.40_adaptive_roadhighway_tfdense_hrsc_success_ew1.10e50_te8_seed52_current.pt
[94mMODEL_RWTA_INFO|[0m RWTA Prob initialize
[94mMODEL_RWTA_INFO|[0m weight 3837
[94mMODEL_RWTA_INFO|[0m bias 69
[94mMODEL_RWTA_INFO|[0m load: /root/autodl-tmp/SVPG2023/LANE/training_runs/ours/highway_dense/models/ppo_gymip_rwtaspk_h8-8-40_none_rmsprop_0.000320_0.18_0.99800_4_0.1200_ro896_mb224_lam0.99_rs0.90_gc0.40_adaptive_roadhighway_tfdense_hrsc_success_ew1.10e50_te8_seed52_current.pt
[94mMODEL_RWTA_INFO|[0m RWTA Prob initialize
[94mMODEL_RWTA_INFO|[0m weight 3837
[94mMODEL_RWTA_INFO|[0m bias 69
[94mMODEL_RWTA_INFO|[0m load: /root/autodl-tmp/SVPG2023/LANE/training_runs/ours/highway_dense/models/ppo_gymip_rwtaspk_h8-8-40_none_rmsprop_0.000320_0.18_0.99800_4_0.1200_ro896_mb224_lam0.99_rs0.90_gc0.40_adaptive_roadhighway_tfdense_hrsc_success_ew1.10e50_te8_seed52_current.pt
[94mMODEL_RWTA_INFO|[0m RWTA Prob initialize
[94mMODEL_RWTA_INFO|[0m weight 3837
[94mMODEL_RWTA_INFO|[0m bias 69
[94mMODEL_RWTA_INFO|[0m load: /root/autodl-tmp/SVPG2023/LANE/training_runs/ours/highway_dense/models/ppo_gymip_rwtaspk_h8-8-40_none_rmsprop_0.000320_0.18_0.99800_4_0.1200_ro896_mb224_lam0.99_rs0.90_gc0.40_adaptive_roadhighway_tfdense_hrsc_success_ew1.10e50_te8_seed52_current.pt
[94mMODEL_RWTA_INFO|[0m RWTA Prob initialize
[94mMODEL_RWTA_INFO|[0m weight 3837
[94mMODEL_RWTA_INFO|[0m bias 69
[94mMODEL_RWTA_INFO|[0m load: /root/autodl-tmp/SVPG2023/LANE/training_runs/ours/highway_dense/models/ppo_gymip_rwtaspk_h8-8-40_none_rmsprop_0.000320_0.18_0.99800_4_0.1200_ro896_mb224_lam0.99_rs0.90_gc0.40_adaptive_roadhighway_tfdense_hrsc_success_ew1.10e50_te8_seed52_current.pt
[94mMODEL_RWTA_INFO|[0m RWTA Prob initialize
[94mMODEL_RWTA_INFO|[0m weight 3837
[94mMODEL_RWTA_INFO|[0m bias 69
[94mMODEL_RWTA_INFO|[0m load: /root/autodl-tmp/SVPG2023/LANE/training_runs/ours/highway_dense/models/ppo_gymip_rwtaspk_h8-8-40_none_rmsprop_0.000320_0.18_0.99800_4_0.1200_ro896_mb224_lam0.99_rs0.90_gc0.40_adaptive_roadhighway_tfdense_hrsc_success_ew1.10e50_te8_seed52_current.pt
[94mMODEL_RWTA_INFO|[0m RWTA Prob initialize
[94mMODEL_RWTA_INFO|[0m weight 3837
[94mMODEL_RWTA_INFO|[0m bias 69
[94mMODEL_RWTA_INFO|[0m load: /root/autodl-tmp/SVPG2023/LANE/training_runs/ours/highway_dense/models/ppo_gymip_rwtaspk_h8-8-40_none_rmsprop_0.000320_0.18_0.99800_4_0.1200_ro896_mb224_lam0.99_rs0.90_gc0.40_adaptive_roadhighway_tfdense_hrsc_success_ew1.10e50_te8_seed52_current.pt
[94mMODEL_RWTA_INFO|[0m RWTA Prob initialize
[94mMODEL_RWTA_INFO|[0m weight 3837
[94mMODEL_RWTA_INFO|[0m bias 69
[94mMODEL_RWTA_INFO|[0m load: /root/autodl-tmp/SVPG2023/LANE/training_runs/ours/highway_dense/models/ppo_gymip_rwtaspk_h8-8-40_none_rmsprop_0.000320_0.18_0.99800_4_0.1200_ro896_mb224_lam0.99_rs0.90_gc0.40_adaptive_roadhighway_tfdense_hrsc_success_ew1.10e50_te8_seed52_current.pt
[94mMODEL_RWTA_INFO|[0m RWTA Prob initialize
[94mMODEL_RWTA_INFO|[0m weight 3837
[94mMODEL_RWTA_INFO|[0m bias 69
[94mMODEL_RWTA_INFO|[0m load: /root/autodl-tmp/SVPG2023/LANE/training_runs/ours/highway_dense/models/ppo_gymip_rwtaspk_h8-8-40_none_rmsprop_0.000320_0.18_0.99800_4_0.1200_ro896_mb224_lam0.99_rs0.90_gc0.40_adaptive_roadhighway_tfdense_hrsc_success_ew1.10e50_te8_seed52_current.pt
[94mMODEL_RWTA_INFO|[0m RWTA Prob initialize
[94mMODEL_RWTA_INFO|[0m weight 3837
[94mMODEL_RWTA_INFO|[0m bias 69
[94mMODEL_RWTA_INFO|[0m load: /root/autodl-tmp/SVPG2023/LANE/training_runs/ours/highway_dense/models/ppo_gymip_rwtaspk_h8-8-40_none_rmsprop_0.000320_0.18_0.99800_4_0.1200_ro896_mb224_lam0.99_rs0.90_gc0.40_adaptive_roadhighway_tfdense_hrsc_success_ew1.10e50_te8_seed52_current.pt
[94mMODEL_RWTA_INFO|[0m RWTA Prob initialize
[94mMODEL_RWTA_INFO|[0m weight 3837
[94mMODEL_RWTA_INFO|[0m bias 69
[94mMODEL_RWTA_INFO|[0m load: /root/autodl-tmp/SVPG2023/LANE/training_runs/ours/highway_dense/models/ppo_gymip_rwtaspk_h8-8-40_none_rmsprop_0.000320_0.18_0.99800_4_0.1200_ro896_mb224_lam0.99_rs0.90_gc0.40_adaptive_roadhighway_tfdense_hrsc_success_ew1.10e50_te8_seed52_current.pt
[94mMODEL_RWTA_INFO|[0m RWTA Prob initialize
[94mMODEL_RWTA_INFO|[0m weight 3837
[94mMODEL_RWTA_INFO|[0m bias 69
[94mMODEL_RWTA_INFO|[0m load: /root/autodl-tmp/SVPG2023/LANE/training_runs/ours/highway_dense/models/ppo_gymip_rwtaspk_h8-8-40_none_rmsprop_0.000320_0.18_0.99800_4_0.1200_ro896_mb224_lam0.99_rs0.90_gc0.40_adaptive_roadhighway_tfdense_hrsc_success_ew1.10e50_te8_seed52_current.pt
[94mMODEL_RWTA_INFO|[0m RWTA Prob initialize
[94mMODEL_RWTA_INFO|[0m weight 3837
[94mMODEL_RWTA_INFO|[0m bias 69
[94mMODEL_RWTA_INFO|[0m load: /root/autodl-tmp/SVPG2023/LANE/training_runs/ours/highway_dense/models/ppo_gymip_rwtaspk_h8-8-40_none_rmsprop_0.000320_0.18_0.99800_4_0.1200_ro896_mb224_lam0.99_rs0.90_gc0.40_adaptive_roadhighway_tfdense_hrsc_success_ew1.10e50_te8_seed52_current.pt
[94mMODEL_RWTA_INFO|[0m RWTA Prob initialize
[94mMODEL_RWTA_INFO|[0m weight 3837
[94mMODEL_RWTA_INFO|[0m bias 69
[94mMODEL_RWTA_INFO|[0m load: /root/autodl-tmp/SVPG2023/LANE/training_runs/ours/highway_dense/models/ppo_gymip_rwtaspk_h8-8-40_none_rmsprop_0.000320_0.18_0.99800_4_0.1200_ro896_mb224_lam0.99_rs0.90_gc0.40_adaptive_roadhighway_tfdense_hrsc_success_ew1.10e50_te8_seed52_current.pt
[94mMODEL_RWTA_INFO|[0m RWTA Prob initialize
[94mMODEL_RWTA_INFO|[0m weight 3837
[94mMODEL_RWTA_INFO|[0m bias 69
[94mMODEL_RWTA_INFO|[0m load: /root/autodl-tmp/SVPG2023/LANE/training_runs/ours/highway_dense/models/ppo_gymip_rwtaspk_h8-8-40_none_rmsprop_0.000320_0.18_0.99800_4_0.1200_ro896_mb224_lam0.99_rs0.90_gc0.40_adaptive_roadhighway_tfdense_hrsc_success_ew1.10e50_te8_seed52_current.pt
[94mMODEL_RWTA_INFO|[0m RWTA Prob initialize
[94mMODEL_RWTA_INFO|[0m weight 3837
[94mMODEL_RWTA_INFO|[0m bias 69
[94mMODEL_RWTA_INFO|[0m load: /root/autodl-tmp/SVPG2023/LANE/training_runs/ours/highway_dense/models/ppo_gymip_rwtaspk_h8-8-40_none_rmsprop_0.000320_0.18_0.99800_4_0.1200_ro896_mb224_lam0.99_rs0.90_gc0.40_adaptive_roadhighway_tfdense_hrsc_success_ew1.10e50_te8_seed52_current.pt
[94mMODEL_RWTA_INFO|[0m RWTA Prob initialize
[94mMODEL_RWTA_INFO|[0m weight 3837
[94mMODEL_RWTA_INFO|[0m bias 69
[94mMODEL_RWTA_INFO|[0m load: /root/autodl-tmp/SVPG2023/LANE/training_runs/ours/highway_dense/models/ppo_gymip_rwtaspk_h8-8-40_none_rmsprop_0.000320_0.18_0.99800_4_0.1200_ro896_mb224_lam0.99_rs0.90_gc0.40_adaptive_roadhighway_tfdense_hrsc_success_ew1.10e50_te8_seed52_current.pt
[94mMODEL_RWTA_INFO|[0m RWTA Prob initialize
[94mMODEL_RWTA_INFO|[0m weight 3837
[94mMODEL_RWTA_INFO|[0m bias 69
[94mMODEL_RWTA_INFO|[0m load: /root/autodl-tmp/SVPG2023/LANE/training_runs/ours/highway_dense/models/ppo_gymip_rwtaspk_h8-8-40_none_rmsprop_0.000320_0.18_0.99800_4_0.1200_ro896_mb224_lam0.99_rs0.90_gc0.40_adaptive_roadhighway_tfdense_hrsc_success_ew1.10e50_te8_seed52_current.pt
[94mMODEL_RWTA_INFO|[0m RWTA Prob initialize
[94mMODEL_RWTA_INFO|[0m weight 3837
[94mMODEL_RWTA_INFO|[0m bias 69
[94mMODEL_RWTA_INFO|[0m load: /root/autodl-tmp/SVPG2023/LANE/training_runs/ours/highway_dense/models/ppo_gymip_rwtaspk_h8-8-40_none_rmsprop_0.000320_0.18_0.99800_4_0.1200_ro896_mb224_lam0.99_rs0.90_gc0.40_adaptive_roadhighway_tfdense_hrsc_success_ew1.10e50_te8_seed52_current.pt
failure_rate    0.100 | success  0.100 | collision  0.500 | timeout  0.400 | reward 179.196 | len  90.400 | speed 21.870 | progress  0.721
[96mLANE_ENV_INFO|[0m ACTION NUMBER:      5
[96mLANE_ENV_INFO|[0m STATE DIMENSION:     25
[96mLANE_ENV_INFO|[0m ROAD SCENARIO: highway (highway-v0)
[94mMODEL_RWTA_INFO|[0m RWTA Prob initialize
[94mMODEL_RWTA_INFO|[0m weight 3837
[94mMODEL_RWTA_INFO|[0m bias 69
[94mMODEL_RWTA_INFO|[0m load: /root/autodl-tmp/SVPG2023/LANE/training_runs/ours/highway_dense/models/ppo_gymip_rwtaspk_h8-8-40_none_rmsprop_0.000320_0.18_0.99800_4_0.1200_ro896_mb224_lam0.99_rs0.90_gc0.40_adaptive_roadhighway_tfdense_hrsc_success_ew1.10e50_te8_seed52_current.pt
[94mMODEL_RWTA_INFO|[0m RWTA Prob initialize
[94mMODEL_RWTA_INFO|[0m weight 3837
[94mMODEL_RWTA_INFO|[0m bias 69
[94mMODEL_RWTA_INFO|[0m load: /root/autodl-tmp/SVPG2023/LANE/training_runs/ours/highway_dense/models/ppo_gymip_rwtaspk_h8-8-40_none_rmsprop_0.000320_0.18_0.99800_4_0.1200_ro896_mb224_lam0.99_rs0.90_gc0.40_adaptive_roadhighway_tfdense_hrsc_success_ew1.10e50_te8_seed52_current.pt
[94mMODEL_RWTA_INFO|[0m RWTA Prob initialize
[94mMODEL_RWTA_INFO|[0m weight 3837
[94mMODEL_RWTA_INFO|[0m bias 69
[94mMODEL_RWTA_INFO|[0m load: /root/autodl-tmp/SVPG2023/LANE/training_runs/ours/highway_dense/models/ppo_gymip_rwtaspk_h8-8-40_none_rmsprop_0.000320_0.18_0.99800_4_0.1200_ro896_mb224_lam0.99_rs0.90_gc0.40_adaptive_roadhighway_tfdense_hrsc_success_ew1.10e50_te8_seed52_current.pt
[94mMODEL_RWTA_INFO|[0m RWTA Prob initialize
[94mMODEL_RWTA_INFO|[0m weight 3837
[94mMODEL_RWTA_INFO|[0m bias 69
[94mMODEL_RWTA_INFO|[0m load: /root/autodl-tmp/SVPG2023/LANE/training_runs/ours/highway_dense/models/ppo_gymip_rwtaspk_h8-8-40_none_rmsprop_0.000320_0.18_0.99800_4_0.1200_ro896_mb224_lam0.99_rs0.90_gc0.40_adaptive_roadhighway_tfdense_hrsc_success_ew1.10e50_te8_seed52_current.pt
[94mMODEL_RWTA_INFO|[0m RWTA Prob initialize
[94mMODEL_RWTA_INFO|[0m weight 3837
[94mMODEL_RWTA_INFO|[0m bias 69
[94mMODEL_RWTA_INFO|[0m load: /root/autodl-tmp/SVPG2023/LANE/training_runs/ours/highway_dense/models/ppo_gymip_rwtaspk_h8-8-40_none_rmsprop_0.000320_0.18_0.99800_4_0.1200_ro896_mb224_lam0.99_rs0.90_gc0.40_adaptive_roadhighway_tfdense_hrsc_success_ew1.10e50_te8_seed52_current.pt
[94mMODEL_RWTA_INFO|[0m RWTA Prob initialize
[94mMODEL_RWTA_INFO|[0m weight 3837
[94mMODEL_RWTA_INFO|[0m bias 69
[94mMODEL_RWTA_INFO|[0m load: /root/autodl-tmp/SVPG2023/LANE/training_runs/ours/highway_dense/models/ppo_gymip_rwtaspk_h8-8-40_none_rmsprop_0.000320_0.18_0.99800_4_0.1200_ro896_mb224_lam0.99_rs0.90_gc0.40_adaptive_roadhighway_tfdense_hrsc_success_ew1.10e50_te8_seed52_current.pt
[94mMODEL_RWTA_INFO|[0m RWTA Prob initialize
[94mMODEL_RWTA_INFO|[0m weight 3837
[94mMODEL_RWTA_INFO|[0m bias 69
[94mMODEL_RWTA_INFO|[0m load: /root/autodl-tmp/SVPG2023/LANE/training_runs/ours/highway_dense/models/ppo_gymip_rwtaspk_h8-8-40_none_rmsprop_0.000320_0.18_0.99800_4_0.1200_ro896_mb224_lam0.99_rs0.90_gc0.40_adaptive_roadhighway_tfdense_hrsc_success_ew1.10e50_te8_seed52_current.pt
[94mMODEL_RWTA_INFO|[0m RWTA Prob initialize
[94mMODEL_RWTA_INFO|[0m weight 3837
[94mMODEL_RWTA_INFO|[0m bias 69
[94mMODEL_RWTA_INFO|[0m load: /root/autodl-tmp/SVPG2023/LANE/training_runs/ours/highway_dense/models/ppo_gymip_rwtaspk_h8-8-40_none_rmsprop_0.000320_0.18_0.99800_4_0.1200_ro896_mb224_lam0.99_rs0.90_gc0.40_adaptive_roadhighway_tfdense_hrsc_success_ew1.10e50_te8_seed52_current.pt
[94mMODEL_RWTA_INFO|[0m RWTA Prob initialize
[94mMODEL_RWTA_INFO|[0m weight 3837
[94mMODEL_RWTA_INFO|[0m bias 69
[94mMODEL_RWTA_INFO|[0m load: /root/autodl-tmp/SVPG2023/LANE/training_runs/ours/highway_dense/models/ppo_gymip_rwtaspk_h8-8-40_none_rmsprop_0.000320_0.18_0.99800_4_0.1200_ro896_mb224_lam0.99_rs0.90_gc0.40_adaptive_roadhighway_tfdense_hrsc_success_ew1.10e50_te8_seed52_current.pt
[94mMODEL_RWTA_INFO|[0m RWTA Prob initialize
[94mMODEL_RWTA_INFO|[0m weight 3837
[94mMODEL_RWTA_INFO|[0m bias 69
[94mMODEL_RWTA_INFO|[0m load: /root/autodl-tmp/SVPG2023/LANE/training_runs/ours/highway_dense/models/ppo_gymip_rwtaspk_h8-8-40_none_rmsprop_0.000320_0.18_0.99800_4_0.1200_ro896_mb224_lam0.99_rs0.90_gc0.40_adaptive_roadhighway_tfdense_hrsc_success_ew1.10e50_te8_seed52_current.pt
[94mMODEL_RWTA_INFO|[0m RWTA Prob initialize
[94mMODEL_RWTA_INFO|[0m weight 3837
[94mMODEL_RWTA_INFO|[0m bias 69
[94mMODEL_RWTA_INFO|[0m load: /root/autodl-tmp/SVPG2023/LANE/training_runs/ours/highway_dense/models/ppo_gymip_rwtaspk_h8-8-40_none_rmsprop_0.000320_0.18_0.99800_4_0.1200_ro896_mb224_lam0.99_rs0.90_gc0.40_adaptive_roadhighway_tfdense_hrsc_success_ew1.10e50_te8_seed52_current.pt
[94mMODEL_RWTA_INFO|[0m RWTA Prob initialize
[94mMODEL_RWTA_INFO|[0m weight 3837
[94mMODEL_RWTA_INFO|[0m bias 69
[94mMODEL_RWTA_INFO|[0m load: /root/autodl-tmp/SVPG2023/LANE/training_runs/ours/highway_dense/models/ppo_gymip_rwtaspk_h8-8-40_none_rmsprop_0.000320_0.18_0.99800_4_0.1200_ro896_mb224_lam0.99_rs0.90_gc0.40_adaptive_roadhighway_tfdense_hrsc_success_ew1.10e50_te8_seed52_current.pt
[94mMODEL_RWTA_INFO|[0m RWTA Prob initialize
[94mMODEL_RWTA_INFO|[0m weight 3837
[94mMODEL_RWTA_INFO|[0m bias 69
[94mMODEL_RWTA_INFO|[0m load: /root/autodl-tmp/SVPG2023/LANE/training_runs/ours/highway_dense/models/ppo_gymip_rwtaspk_h8-8-40_none_rmsprop_0.000320_0.18_0.99800_4_0.1200_ro896_mb224_lam0.99_rs0.90_gc0.40_adaptive_roadhighway_tfdense_hrsc_success_ew1.10e50_te8_seed52_current.pt
[94mMODEL_RWTA_INFO|[0m RWTA Prob initialize
[94mMODEL_RWTA_INFO|[0m weight 3837
[94mMODEL_RWTA_INFO|[0m bias 69
[94mMODEL_RWTA_INFO|[0m load: /root/autodl-tmp/SVPG2023/LANE/training_runs/ours/highway_dense/models/ppo_gymip_rwtaspk_h8-8-40_none_rmsprop_0.000320_0.18_0.99800_4_0.1200_ro896_mb224_lam0.99_rs0.90_gc0.40_adaptive_roadhighway_tfdense_hrsc_success_ew1.10e50_te8_seed52_current.pt
[94mMODEL_RWTA_INFO|[0m RWTA Prob initialize
[94mMODEL_RWTA_INFO|[0m weight 3837
[94mMODEL_RWTA_INFO|[0m bias 69
[94mMODEL_RWTA_INFO|[0m load: /root/autodl-tmp/SVPG2023/LANE/training_runs/ours/highway_dense/models/ppo_gymip_rwtaspk_h8-8-40_none_rmsprop_0.000320_0.18_0.99800_4_0.1200_ro896_mb224_lam0.99_rs0.90_gc0.40_adaptive_roadhighway_tfdense_hrsc_success_ew1.10e50_te8_seed52_current.pt
[94mMODEL_RWTA_INFO|[0m RWTA Prob initialize
[94mMODEL_RWTA_INFO|[0m weight 3837
[94mMODEL_RWTA_INFO|[0m bias 69
[94mMODEL_RWTA_INFO|[0m load: /root/autodl-tmp/SVPG2023/LANE/training_runs/ours/highway_dense/models/ppo_gymip_rwtaspk_h8-8-40_none_rmsprop_0.000320_0.18_0.99800_4_0.1200_ro896_mb224_lam0.99_rs0.90_gc0.40_adaptive_roadhighway_tfdense_hrsc_success_ew1.10e50_te8_seed52_current.pt
[94mMODEL_RWTA_INFO|[0m RWTA Prob initialize
[94mMODEL_RWTA_INFO|[0m weight 3837
[94mMODEL_RWTA_INFO|[0m bias 69
[94mMODEL_RWTA_INFO|[0m load: /root/autodl-tmp/SVPG2023/LANE/training_runs/ours/highway_dense/models/ppo_gymip_rwtaspk_h8-8-40_none_rmsprop_0.000320_0.18_0.99800_4_0.1200_ro896_mb224_lam0.99_rs0.90_gc0.40_adaptive_roadhighway_tfdense_hrsc_success_ew1.10e50_te8_seed52_current.pt
[94mMODEL_RWTA_INFO|[0m RWTA Prob initialize
[94mMODEL_RWTA_INFO|[0m weight 3837
[94mMODEL_RWTA_INFO|[0m bias 69
[94mMODEL_RWTA_INFO|[0m load: /root/autodl-tmp/SVPG2023/LANE/training_runs/ours/highway_dense/models/ppo_gymip_rwtaspk_h8-8-40_none_rmsprop_0.000320_0.18_0.99800_4_0.1200_ro896_mb224_lam0.99_rs0.90_gc0.40_adaptive_roadhighway_tfdense_hrsc_success_ew1.10e50_te8_seed52_current.pt
[94mMODEL_RWTA_INFO|[0m RWTA Prob initialize
[94mMODEL_RWTA_INFO|[0m weight 3837
[94mMODEL_RWTA_INFO|[0m bias 69
[94mMODEL_RWTA_INFO|[0m load: /root/autodl-tmp/SVPG2023/LANE/training_runs/ours/highway_dense/models/ppo_gymip_rwtaspk_h8-8-40_none_rmsprop_0.000320_0.18_0.99800_4_0.1200_ro896_mb224_lam0.99_rs0.90_gc0.40_adaptive_roadhighway_tfdense_hrsc_success_ew1.10e50_te8_seed52_current.pt
[94mMODEL_RWTA_INFO|[0m RWTA Prob initialize
[94mMODEL_RWTA_INFO|[0m weight 3837
[94mMODEL_RWTA_INFO|[0m bias 69
[94mMODEL_RWTA_INFO|[0m load: /root/autodl-tmp/SVPG2023/LANE/training_runs/ours/highway_dense/models/ppo_gymip_rwtaspk_h8-8-40_none_rmsprop_0.000320_0.18_0.99800_4_0.1200_ro896_mb224_lam0.99_rs0.90_gc0.40_adaptive_roadhighway_tfdense_hrsc_success_ew1.10e50_te8_seed52_current.pt
failure_rate    0.200 | success  0.150 | collision  0.400 | timeout  0.450 | reward 190.652 | len  91.800 | speed 22.899 | progress  0.744
[96mLANE_ENV_INFO|[0m ACTION NUMBER:      5
[96mLANE_ENV_INFO|[0m STATE DIMENSION:     25
[96mLANE_ENV_INFO|[0m ROAD SCENARIO: highway (highway-v0)
[94mMODEL_RWTA_INFO|[0m RWTA Prob initialize
[94mMODEL_RWTA_INFO|[0m weight 3837
[94mMODEL_RWTA_INFO|[0m bias 69
[94mMODEL_RWTA_INFO|[0m load: /root/autodl-tmp/SVPG2023/LANE/training_runs/ours/highway_dense/models/ppo_gymip_rwtaspk_h8-8-40_none_rmsprop_0.000320_0.18_0.99800_4_0.1200_ro896_mb224_lam0.99_rs0.90_gc0.40_adaptive_roadhighway_tfdense_hrsc_success_ew1.10e50_te8_seed52_current.pt
[94mMODEL_RWTA_INFO|[0m RWTA Prob initialize
[94mMODEL_RWTA_INFO|[0m weight 3837
[94mMODEL_RWTA_INFO|[0m bias 69
[94mMODEL_RWTA_INFO|[0m load: /root/autodl-tmp/SVPG2023/LANE/training_runs/ours/highway_dense/models/ppo_gymip_rwtaspk_h8-8-40_none_rmsprop_0.000320_0.18_0.99800_4_0.1200_ro896_mb224_lam0.99_rs0.90_gc0.40_adaptive_roadhighway_tfdense_hrsc_success_ew1.10e50_te8_seed52_current.pt
[94mMODEL_RWTA_INFO|[0m RWTA Prob initialize
[94mMODEL_RWTA_INFO|[0m weight 3837
[94mMODEL_RWTA_INFO|[0m bias 69
[94mMODEL_RWTA_INFO|[0m load: /root/autodl-tmp/SVPG2023/LANE/training_runs/ours/highway_dense/models/ppo_gymip_rwtaspk_h8-8-40_none_rmsprop_0.000320_0.18_0.99800_4_0.1200_ro896_mb224_lam0.99_rs0.90_gc0.40_adaptive_roadhighway_tfdense_hrsc_success_ew1.10e50_te8_seed52_current.pt
[94mMODEL_RWTA_INFO|[0m RWTA Prob initialize
[94mMODEL_RWTA_INFO|[0m weight 3837
[94mMODEL_RWTA_INFO|[0m bias 69
[94mMODEL_RWTA_INFO|[0m load: /root/autodl-tmp/SVPG2023/LANE/training_runs/ours/highway_dense/models/ppo_gymip_rwtaspk_h8-8-40_none_rmsprop_0.000320_0.18_0.99800_4_0.1200_ro896_mb224_lam0.99_rs0.90_gc0.40_adaptive_roadhighway_tfdense_hrsc_success_ew1.10e50_te8_seed52_current.pt
[94mMODEL_RWTA_INFO|[0m RWTA Prob initialize
[94mMODEL_RWTA_INFO|[0m weight 3837
[94mMODEL_RWTA_INFO|[0m bias 69
[94mMODEL_RWTA_INFO|[0m load: /root/autodl-tmp/SVPG2023/LANE/training_runs/ours/highway_dense/models/ppo_gymip_rwtaspk_h8-8-40_none_rmsprop_0.000320_0.18_0.99800_4_0.1200_ro896_mb224_lam0.99_rs0.90_gc0.40_adaptive_roadhighway_tfdense_hrsc_success_ew1.10e50_te8_seed52_current.pt
[94mMODEL_RWTA_INFO|[0m RWTA Prob initialize
[94mMODEL_RWTA_INFO|[0m weight 3837
[94mMODEL_RWTA_INFO|[0m bias 69
[94mMODEL_RWTA_INFO|[0m load: /root/autodl-tmp/SVPG2023/LANE/training_runs/ours/highway_dense/models/ppo_gymip_rwtaspk_h8-8-40_none_rmsprop_0.000320_0.18_0.99800_4_0.1200_ro896_mb224_lam0.99_rs0.90_gc0.40_adaptive_roadhighway_tfdense_hrsc_success_ew1.10e50_te8_seed52_current.pt
[94mMODEL_RWTA_INFO|[0m RWTA Prob initialize
[94mMODEL_RWTA_INFO|[0m weight 3837
[94mMODEL_RWTA_INFO|[0m bias 69
[94mMODEL_RWTA_INFO|[0m load: /root/autodl-tmp/SVPG2023/LANE/training_runs/ours/highway_dense/models/ppo_gymip_rwtaspk_h8-8-40_none_rmsprop_0.000320_0.18_0.99800_4_0.1200_ro896_mb224_lam0.99_rs0.90_gc0.40_adaptive_roadhighway_tfdense_hrsc_success_ew1.10e50_te8_seed52_current.pt
[94mMODEL_RWTA_INFO|[0m RWTA Prob initialize
[94mMODEL_RWTA_INFO|[0m weight 3837
[94mMODEL_RWTA_INFO|[0m bias 69
[94mMODEL_RWTA_INFO|[0m load: /root/autodl-tmp/SVPG2023/LANE/training_runs/ours/highway_dense/models/ppo_gymip_rwtaspk_h8-8-40_none_rmsprop_0.000320_0.18_0.99800_4_0.1200_ro896_mb224_lam0.99_rs0.90_gc0.40_adaptive_roadhighway_tfdense_hrsc_success_ew1.10e50_te8_seed52_current.pt
[94mMODEL_RWTA_INFO|[0m RWTA Prob initialize
[94mMODEL_RWTA_INFO|[0m weight 3837
[94mMODEL_RWTA_INFO|[0m bias 69
[94mMODEL_RWTA_INFO|[0m load: /root/autodl-tmp/SVPG2023/LANE/training_runs/ours/highway_dense/models/ppo_gymip_rwtaspk_h8-8-40_none_rmsprop_0.000320_0.18_0.99800_4_0.1200_ro896_mb224_lam0.99_rs0.90_gc0.40_adaptive_roadhighway_tfdense_hrsc_success_ew1.10e50_te8_seed52_current.pt
[94mMODEL_RWTA_INFO|[0m RWTA Prob initialize
[94mMODEL_RWTA_INFO|[0m weight 3837
[94mMODEL_RWTA_INFO|[0m bias 69
[94mMODEL_RWTA_INFO|[0m load: /root/autodl-tmp/SVPG2023/LANE/training_runs/ours/highway_dense/models/ppo_gymip_rwtaspk_h8-8-40_none_rmsprop_0.000320_0.18_0.99800_4_0.1200_ro896_mb224_lam0.99_rs0.90_gc0.40_adaptive_roadhighway_tfdense_hrsc_success_ew1.10e50_te8_seed52_current.pt
[94mMODEL_RWTA_INFO|[0m RWTA Prob initialize
[94mMODEL_RWTA_INFO|[0m weight 3837
[94mMODEL_RWTA_INFO|[0m bias 69
[94mMODEL_RWTA_INFO|[0m load: /root/autodl-tmp/SVPG2023/LANE/training_runs/ours/highway_dense/models/ppo_gymip_rwtaspk_h8-8-40_none_rmsprop_0.000320_0.18_0.99800_4_0.1200_ro896_mb224_lam0.99_rs0.90_gc0.40_adaptive_roadhighway_tfdense_hrsc_success_ew1.10e50_te8_seed52_current.pt
[94mMODEL_RWTA_INFO|[0m RWTA Prob initialize
[94mMODEL_RWTA_INFO|[0m weight 3837
[94mMODEL_RWTA_INFO|[0m bias 69
[94mMODEL_RWTA_INFO|[0m load: /root/autodl-tmp/SVPG2023/LANE/training_runs/ours/highway_dense/models/ppo_gymip_rwtaspk_h8-8-40_none_rmsprop_0.000320_0.18_0.99800_4_0.1200_ro896_mb224_lam0.99_rs0.90_gc0.40_adaptive_roadhighway_tfdense_hrsc_success_ew1.10e50_te8_seed52_current.pt
[94mMODEL_RWTA_INFO|[0m RWTA Prob initialize
[94mMODEL_RWTA_INFO|[0m weight 3837
[94mMODEL_RWTA_INFO|[0m bias 69
[94mMODEL_RWTA_INFO|[0m load: /root/autodl-tmp/SVPG2023/LANE/training_runs/ours/highway_dense/models/ppo_gymip_rwtaspk_h8-8-40_none_rmsprop_0.000320_0.18_0.99800_4_0.1200_ro896_mb224_lam0.99_rs0.90_gc0.40_adaptive_roadhighway_tfdense_hrsc_success_ew1.10e50_te8_seed52_current.pt
[94mMODEL_RWTA_INFO|[0m RWTA Prob initialize
[94mMODEL_RWTA_INFO|[0m weight 3837
[94mMODEL_RWTA_INFO|[0m bias 69
[94mMODEL_RWTA_INFO|[0m load: /root/autodl-tmp/SVPG2023/LANE/training_runs/ours/highway_dense/models/ppo_gymip_rwtaspk_h8-8-40_none_rmsprop_0.000320_0.18_0.99800_4_0.1200_ro896_mb224_lam0.99_rs0.90_gc0.40_adaptive_roadhighway_tfdense_hrsc_success_ew1.10e50_te8_seed52_current.pt
[94mMODEL_RWTA_INFO|[0m RWTA Prob initialize
[94mMODEL_RWTA_INFO|[0m weight 3837
[94mMODEL_RWTA_INFO|[0m bias 69
[94mMODEL_RWTA_INFO|[0m load: /root/autodl-tmp/SVPG2023/LANE/training_runs/ours/highway_dense/models/ppo_gymip_rwtaspk_h8-8-40_none_rmsprop_0.000320_0.18_0.99800_4_0.1200_ro896_mb224_lam0.99_rs0.90_gc0.40_adaptive_roadhighway_tfdense_hrsc_success_ew1.10e50_te8_seed52_current.pt
[94mMODEL_RWTA_INFO|[0m RWTA Prob initialize
[94mMODEL_RWTA_INFO|[0m weight 3837
[94mMODEL_RWTA_INFO|[0m bias 69
[94mMODEL_RWTA_INFO|[0m load: /root/autodl-tmp/SVPG2023/LANE/training_runs/ours/highway_dense/models/ppo_gymip_rwtaspk_h8-8-40_none_rmsprop_0.000320_0.18_0.99800_4_0.1200_ro896_mb224_lam0.99_rs0.90_gc0.40_adaptive_roadhighway_tfdense_hrsc_success_ew1.10e50_te8_seed52_current.pt
[94mMODEL_RWTA_INFO|[0m RWTA Prob initialize
[94mMODEL_RWTA_INFO|[0m weight 3837
[94mMODEL_RWTA_INFO|[0m bias 69
[94mMODEL_RWTA_INFO|[0m load: /root/autodl-tmp/SVPG2023/LANE/training_runs/ours/highway_dense/models/ppo_gymip_rwtaspk_h8-8-40_none_rmsprop_0.000320_0.18_0.99800_4_0.1200_ro896_mb224_lam0.99_rs0.90_gc0.40_adaptive_roadhighway_tfdense_hrsc_success_ew1.10e50_te8_seed52_current.pt
[94mMODEL_RWTA_INFO|[0m RWTA Prob initialize
[94mMODEL_RWTA_INFO|[0m weight 3837
[94mMODEL_RWTA_INFO|[0m bias 69
[94mMODEL_RWTA_INFO|[0m load: /root/autodl-tmp/SVPG2023/LANE/training_runs/ours/highway_dense/models/ppo_gymip_rwtaspk_h8-8-40_none_rmsprop_0.000320_0.18_0.99800_4_0.1200_ro896_mb224_lam0.99_rs0.90_gc0.40_adaptive_roadhighway_tfdense_hrsc_success_ew1.10e50_te8_seed52_current.pt
[94mMODEL_RWTA_INFO|[0m RWTA Prob initialize
[94mMODEL_RWTA_INFO|[0m weight 3837
[94mMODEL_RWTA_INFO|[0m bias 69
[94mMODEL_RWTA_INFO|[0m load: /root/autodl-tmp/SVPG2023/LANE/training_runs/ours/highway_dense/models/ppo_gymip_rwtaspk_h8-8-40_none_rmsprop_0.000320_0.18_0.99800_4_0.1200_ro896_mb224_lam0.99_rs0.90_gc0.40_adaptive_roadhighway_tfdense_hrsc_success_ew1.10e50_te8_seed52_current.pt
[94mMODEL_RWTA_INFO|[0m RWTA Prob initialize
[94mMODEL_RWTA_INFO|[0m weight 3837
[94mMODEL_RWTA_INFO|[0m bias 69
[94mMODEL_RWTA_INFO|[0m load: /root/autodl-tmp/SVPG2023/LANE/training_runs/ours/highway_dense/models/ppo_gymip_rwtaspk_h8-8-40_none_rmsprop_0.000320_0.18_0.99800_4_0.1200_ro896_mb224_lam0.99_rs0.90_gc0.40_adaptive_roadhighway_tfdense_hrsc_success_ew1.10e50_te8_seed52_current.pt
failure_rate    0.300 | success  0.250 | collision  0.650 | timeout  0.100 | reward 136.938 | len  83.350 | speed 22.685 | progress  0.685
[96mLANE_ENV_INFO|[0m ACTION NUMBER:      5
[96mLANE_ENV_INFO|[0m STATE DIMENSION:     25
[96mLANE_ENV_INFO|[0m ROAD SCENARIO: highway (highway-v0)
[94mMODEL_RWTA_INFO|[0m RWTA Prob initialize
[94mMODEL_RWTA_INFO|[0m weight 3837
[94mMODEL_RWTA_INFO|[0m bias 69
[94mMODEL_RWTA_INFO|[0m load: /root/autodl-tmp/SVPG2023/LANE/training_runs/ours/highway_dense/models/ppo_gymip_rwtaspk_h8-8-40_none_rmsprop_0.000320_0.18_0.99800_4_0.1200_ro896_mb224_lam0.99_rs0.90_gc0.40_adaptive_roadhighway_tfdense_hrsc_success_ew1.10e50_te8_seed52_current.pt
[94mMODEL_RWTA_INFO|[0m RWTA Prob initialize
[94mMODEL_RWTA_INFO|[0m weight 3837
[94mMODEL_RWTA_INFO|[0m bias 69
[94mMODEL_RWTA_INFO|[0m load: /root/autodl-tmp/SVPG2023/LANE/training_runs/ours/highway_dense/models/ppo_gymip_rwtaspk_h8-8-40_none_rmsprop_0.000320_0.18_0.99800_4_0.1200_ro896_mb224_lam0.99_rs0.90_gc0.40_adaptive_roadhighway_tfdense_hrsc_success_ew1.10e50_te8_seed52_current.pt
[94mMODEL_RWTA_INFO|[0m RWTA Prob initialize
[94mMODEL_RWTA_INFO|[0m weight 3837
[94mMODEL_RWTA_INFO|[0m bias 69
[94mMODEL_RWTA_INFO|[0m load: /root/autodl-tmp/SVPG2023/LANE/training_runs/ours/highway_dense/models/ppo_gymip_rwtaspk_h8-8-40_none_rmsprop_0.000320_0.18_0.99800_4_0.1200_ro896_mb224_lam0.99_rs0.90_gc0.40_adaptive_roadhighway_tfdense_hrsc_success_ew1.10e50_te8_seed52_current.pt
[94mMODEL_RWTA_INFO|[0m RWTA Prob initialize
[94mMODEL_RWTA_INFO|[0m weight 3837
[94mMODEL_RWTA_INFO|[0m bias 69
[94mMODEL_RWTA_INFO|[0m load: /root/autodl-tmp/SVPG2023/LANE/training_runs/ours/highway_dense/models/ppo_gymip_rwtaspk_h8-8-40_none_rmsprop_0.000320_0.18_0.99800_4_0.1200_ro896_mb224_lam0.99_rs0.90_gc0.40_adaptive_roadhighway_tfdense_hrsc_success_ew1.10e50_te8_seed52_current.pt
[94mMODEL_RWTA_INFO|[0m RWTA Prob initialize
[94mMODEL_RWTA_INFO|[0m weight 3837
[94mMODEL_RWTA_INFO|[0m bias 69
[94mMODEL_RWTA_INFO|[0m load: /root/autodl-tmp/SVPG2023/LANE/training_runs/ours/highway_dense/models/ppo_gymip_rwtaspk_h8-8-40_none_rmsprop_0.000320_0.18_0.99800_4_0.1200_ro896_mb224_lam0.99_rs0.90_gc0.40_adaptive_roadhighway_tfdense_hrsc_success_ew1.10e50_te8_seed52_current.pt
[94mMODEL_RWTA_INFO|[0m RWTA Prob initialize
[94mMODEL_RWTA_INFO|[0m weight 3837
[94mMODEL_RWTA_INFO|[0m bias 69
[94mMODEL_RWTA_INFO|[0m load: /root/autodl-tmp/SVPG2023/LANE/training_runs/ours/highway_dense/models/ppo_gymip_rwtaspk_h8-8-40_none_rmsprop_0.000320_0.18_0.99800_4_0.1200_ro896_mb224_lam0.99_rs0.90_gc0.40_adaptive_roadhighway_tfdense_hrsc_success_ew1.10e50_te8_seed52_current.pt
[94mMODEL_RWTA_INFO|[0m RWTA Prob initialize
[94mMODEL_RWTA_INFO|[0m weight 3837
[94mMODEL_RWTA_INFO|[0m bias 69
[94mMODEL_RWTA_INFO|[0m load: /root/autodl-tmp/SVPG2023/LANE/training_runs/ours/highway_dense/models/ppo_gymip_rwtaspk_h8-8-40_none_rmsprop_0.000320_0.18_0.99800_4_0.1200_ro896_mb224_lam0.99_rs0.90_gc0.40_adaptive_roadhighway_tfdense_hrsc_success_ew1.10e50_te8_seed52_current.pt
[94mMODEL_RWTA_INFO|[0m RWTA Prob initialize
[94mMODEL_RWTA_INFO|[0m weight 3837
[94mMODEL_RWTA_INFO|[0m bias 69
[94mMODEL_RWTA_INFO|[0m load: /root/autodl-tmp/SVPG2023/LANE/training_runs/ours/highway_dense/models/ppo_gymip_rwtaspk_h8-8-40_none_rmsprop_0.000320_0.18_0.99800_4_0.1200_ro896_mb224_lam0.99_rs0.90_gc0.40_adaptive_roadhighway_tfdense_hrsc_success_ew1.10e50_te8_seed52_current.pt
[94mMODEL_RWTA_INFO|[0m RWTA Prob initialize
[94mMODEL_RWTA_INFO|[0m weight 3837
[94mMODEL_RWTA_INFO|[0m bias 69
[94mMODEL_RWTA_INFO|[0m load: /root/autodl-tmp/SVPG2023/LANE/training_runs/ours/highway_dense/models/ppo_gymip_rwtaspk_h8-8-40_none_rmsprop_0.000320_0.18_0.99800_4_0.1200_ro896_mb224_lam0.99_rs0.90_gc0.40_adaptive_roadhighway_tfdense_hrsc_success_ew1.10e50_te8_seed52_current.pt
[94mMODEL_RWTA_INFO|[0m RWTA Prob initialize
[94mMODEL_RWTA_INFO|[0m weight 3837
[94mMODEL_RWTA_INFO|[0m bias 69
[94mMODEL_RWTA_INFO|[0m load: /root/autodl-tmp/SVPG2023/LANE/training_runs/ours/highway_dense/models/ppo_gymip_rwtaspk_h8-8-40_none_rmsprop_0.000320_0.18_0.99800_4_0.1200_ro896_mb224_lam0.99_rs0.90_gc0.40_adaptive_roadhighway_tfdense_hrsc_success_ew1.10e50_te8_seed52_current.pt
[94mMODEL_RWTA_INFO|[0m RWTA Prob initialize
[94mMODEL_RWTA_INFO|[0m weight 3837
[94mMODEL_RWTA_INFO|[0m bias 69
[94mMODEL_RWTA_INFO|[0m load: /root/autodl-tmp/SVPG2023/LANE/training_runs/ours/highway_dense/models/ppo_gymip_rwtaspk_h8-8-40_none_rmsprop_0.000320_0.18_0.99800_4_0.1200_ro896_mb224_lam0.99_rs0.90_gc0.40_adaptive_roadhighway_tfdense_hrsc_success_ew1.10e50_te8_seed52_current.pt
[94mMODEL_RWTA_INFO|[0m RWTA Prob initialize
[94mMODEL_RWTA_INFO|[0m weight 3837
[94mMODEL_RWTA_INFO|[0m bias 69
[94mMODEL_RWTA_INFO|[0m load: /root/autodl-tmp/SVPG2023/LANE/training_runs/ours/highway_dense/models/ppo_gymip_rwtaspk_h8-8-40_none_rmsprop_0.000320_0.18_0.99800_4_0.1200_ro896_mb224_lam0.99_rs0.90_gc0.40_adaptive_roadhighway_tfdense_hrsc_success_ew1.10e50_te8_seed52_current.pt
[94mMODEL_RWTA_INFO|[0m RWTA Prob initialize
[94mMODEL_RWTA_INFO|[0m weight 3837
[94mMODEL_RWTA_INFO|[0m bias 69
[94mMODEL_RWTA_INFO|[0m load: /root/autodl-tmp/SVPG2023/LANE/training_runs/ours/highway_dense/models/ppo_gymip_rwtaspk_h8-8-40_none_rmsprop_0.000320_0.18_0.99800_4_0.1200_ro896_mb224_lam0.99_rs0.90_gc0.40_adaptive_roadhighway_tfdense_hrsc_success_ew1.10e50_te8_seed52_current.pt
[94mMODEL_RWTA_INFO|[0m RWTA Prob initialize
[94mMODEL_RWTA_INFO|[0m weight 3837
[94mMODEL_RWTA_INFO|[0m bias 69
[94mMODEL_RWTA_INFO|[0m load: /root/autodl-tmp/SVPG2023/LANE/training_runs/ours/highway_dense/models/ppo_gymip_rwtaspk_h8-8-40_none_rmsprop_0.000320_0.18_0.99800_4_0.1200_ro896_mb224_lam0.99_rs0.90_gc0.40_adaptive_roadhighway_tfdense_hrsc_success_ew1.10e50_te8_seed52_current.pt
[94mMODEL_RWTA_INFO|[0m RWTA Prob initialize
[94mMODEL_RWTA_INFO|[0m weight 3837
[94mMODEL_RWTA_INFO|[0m bias 69
[94mMODEL_RWTA_INFO|[0m load: /root/autodl-tmp/SVPG2023/LANE/training_runs/ours/highway_dense/models/ppo_gymip_rwtaspk_h8-8-40_none_rmsprop_0.000320_0.18_0.99800_4_0.1200_ro896_mb224_lam0.99_rs0.90_gc0.40_adaptive_roadhighway_tfdense_hrsc_success_ew1.10e50_te8_seed52_current.pt
[94mMODEL_RWTA_INFO|[0m RWTA Prob initialize
[94mMODEL_RWTA_INFO|[0m weight 3837
[94mMODEL_RWTA_INFO|[0m bias 69
[94mMODEL_RWTA_INFO|[0m load: /root/autodl-tmp/SVPG2023/LANE/training_runs/ours/highway_dense/models/ppo_gymip_rwtaspk_h8-8-40_none_rmsprop_0.000320_0.18_0.99800_4_0.1200_ro896_mb224_lam0.99_rs0.90_gc0.40_adaptive_roadhighway_tfdense_hrsc_success_ew1.10e50_te8_seed52_current.pt
[94mMODEL_RWTA_INFO|[0m RWTA Prob initialize
[94mMODEL_RWTA_INFO|[0m weight 3837
[94mMODEL_RWTA_INFO|[0m bias 69
[94mMODEL_RWTA_INFO|[0m load: /root/autodl-tmp/SVPG2023/LANE/training_runs/ours/highway_dense/models/ppo_gymip_rwtaspk_h8-8-40_none_rmsprop_0.000320_0.18_0.99800_4_0.1200_ro896_mb224_lam0.99_rs0.90_gc0.40_adaptive_roadhighway_tfdense_hrsc_success_ew1.10e50_te8_seed52_current.pt
[94mMODEL_RWTA_INFO|[0m RWTA Prob initialize
[94mMODEL_RWTA_INFO|[0m weight 3837
[94mMODEL_RWTA_INFO|[0m bias 69
[94mMODEL_RWTA_INFO|[0m load: /root/autodl-tmp/SVPG2023/LANE/training_runs/ours/highway_dense/models/ppo_gymip_rwtaspk_h8-8-40_none_rmsprop_0.000320_0.18_0.99800_4_0.1200_ro896_mb224_lam0.99_rs0.90_gc0.40_adaptive_roadhighway_tfdense_hrsc_success_ew1.10e50_te8_seed52_current.pt
[94mMODEL_RWTA_INFO|[0m RWTA Prob initialize
[94mMODEL_RWTA_INFO|[0m weight 3837
[94mMODEL_RWTA_INFO|[0m bias 69
[94mMODEL_RWTA_INFO|[0m load: /root/autodl-tmp/SVPG2023/LANE/training_runs/ours/highway_dense/models/ppo_gymip_rwtaspk_h8-8-40_none_rmsprop_0.000320_0.18_0.99800_4_0.1200_ro896_mb224_lam0.99_rs0.90_gc0.40_adaptive_roadhighway_tfdense_hrsc_success_ew1.10e50_te8_seed52_current.pt
[94mMODEL_RWTA_INFO|[0m RWTA Prob initialize
[94mMODEL_RWTA_INFO|[0m weight 3837
[94mMODEL_RWTA_INFO|[0m bias 69
[94mMODEL_RWTA_INFO|[0m load: /root/autodl-tmp/SVPG2023/LANE/training_runs/ours/highway_dense/models/ppo_gymip_rwtaspk_h8-8-40_none_rmsprop_0.000320_0.18_0.99800_4_0.1200_ro896_mb224_lam0.99_rs0.90_gc0.40_adaptive_roadhighway_tfdense_hrsc_success_ew1.10e50_te8_seed52_current.pt
failure_rate    0.400 | success  0.000 | collision  0.750 | timeout  0.250 | reward  88.963 | len  71.250 | speed 22.999 | progress  0.584
[96mLANE_ENV_INFO|[0m ACTION NUMBER:      5
[96mLANE_ENV_INFO|[0m STATE DIMENSION:     25
[96mLANE_ENV_INFO|[0m ROAD SCENARIO: highway (highway-v0)
[94mMODEL_RWTA_INFO|[0m RWTA Prob initialize
[94mMODEL_RWTA_INFO|[0m weight 3837
[94mMODEL_RWTA_INFO|[0m bias 69
[94mMODEL_RWTA_INFO|[0m load: /root/autodl-tmp/SVPG2023/LANE/training_runs/ours/highway_dense/models/ppo_gymip_rwtaspk_h8-8-40_none_rmsprop_0.000320_0.18_0.99800_4_0.1200_ro896_mb224_lam0.99_rs0.90_gc0.40_adaptive_roadhighway_tfdense_hrsc_success_ew1.10e50_te8_seed52_current.pt
[94mMODEL_RWTA_INFO|[0m RWTA Prob initialize
[94mMODEL_RWTA_INFO|[0m weight 3837
[94mMODEL_RWTA_INFO|[0m bias 69
[94mMODEL_RWTA_INFO|[0m load: /root/autodl-tmp/SVPG2023/LANE/training_runs/ours/highway_dense/models/ppo_gymip_rwtaspk_h8-8-40_none_rmsprop_0.000320_0.18_0.99800_4_0.1200_ro896_mb224_lam0.99_rs0.90_gc0.40_adaptive_roadhighway_tfdense_hrsc_success_ew1.10e50_te8_seed52_current.pt
[94mMODEL_RWTA_INFO|[0m RWTA Prob initialize
[94mMODEL_RWTA_INFO|[0m weight 3837
[94mMODEL_RWTA_INFO|[0m bias 69
[94mMODEL_RWTA_INFO|[0m load: /root/autodl-tmp/SVPG2023/LANE/training_runs/ours/highway_dense/models/ppo_gymip_rwtaspk_h8-8-40_none_rmsprop_0.000320_0.18_0.99800_4_0.1200_ro896_mb224_lam0.99_rs0.90_gc0.40_adaptive_roadhighway_tfdense_hrsc_success_ew1.10e50_te8_seed52_current.pt
[94mMODEL_RWTA_INFO|[0m RWTA Prob initialize
[94mMODEL_RWTA_INFO|[0m weight 3837
[94mMODEL_RWTA_INFO|[0m bias 69
[94mMODEL_RWTA_INFO|[0m load: /root/autodl-tmp/SVPG2023/LANE/training_runs/ours/highway_dense/models/ppo_gymip_rwtaspk_h8-8-40_none_rmsprop_0.000320_0.18_0.99800_4_0.1200_ro896_mb224_lam0.99_rs0.90_gc0.40_adaptive_roadhighway_tfdense_hrsc_success_ew1.10e50_te8_seed52_current.pt
[94mMODEL_RWTA_INFO|[0m RWTA Prob initialize
[94mMODEL_RWTA_INFO|[0m weight 3837
[94mMODEL_RWTA_INFO|[0m bias 69
[94mMODEL_RWTA_INFO|[0m load: /root/autodl-tmp/SVPG2023/LANE/training_runs/ours/highway_dense/models/ppo_gymip_rwtaspk_h8-8-40_none_rmsprop_0.000320_0.18_0.99800_4_0.1200_ro896_mb224_lam0.99_rs0.90_gc0.40_adaptive_roadhighway_tfdense_hrsc_success_ew1.10e50_te8_seed52_current.pt
[94mMODEL_RWTA_INFO|[0m RWTA Prob initialize
[94mMODEL_RWTA_INFO|[0m weight 3837
[94mMODEL_RWTA_INFO|[0m bias 69
[94mMODEL_RWTA_INFO|[0m load: /root/autodl-tmp/SVPG2023/LANE/training_runs/ours/highway_dense/models/ppo_gymip_rwtaspk_h8-8-40_none_rmsprop_0.000320_0.18_0.99800_4_0.1200_ro896_mb224_lam0.99_rs0.90_gc0.40_adaptive_roadhighway_tfdense_hrsc_success_ew1.10e50_te8_seed52_current.pt
[94mMODEL_RWTA_INFO|[0m RWTA Prob initialize
[94mMODEL_RWTA_INFO|[0m weight 3837
[94mMODEL_RWTA_INFO|[0m bias 69
[94mMODEL_RWTA_INFO|[0m load: /root/autodl-tmp/SVPG2023/LANE/training_runs/ours/highway_dense/models/ppo_gymip_rwtaspk_h8-8-40_none_rmsprop_0.000320_0.18_0.99800_4_0.1200_ro896_mb224_lam0.99_rs0.90_gc0.40_adaptive_roadhighway_tfdense_hrsc_success_ew1.10e50_te8_seed52_current.pt
[94mMODEL_RWTA_INFO|[0m RWTA Prob initialize
[94mMODEL_RWTA_INFO|[0m weight 3837
[94mMODEL_RWTA_INFO|[0m bias 69
[94mMODEL_RWTA_INFO|[0m load: /root/autodl-tmp/SVPG2023/LANE/training_runs/ours/highway_dense/models/ppo_gymip_rwtaspk_h8-8-40_none_rmsprop_0.000320_0.18_0.99800_4_0.1200_ro896_mb224_lam0.99_rs0.90_gc0.40_adaptive_roadhighway_tfdense_hrsc_success_ew1.10e50_te8_seed52_current.pt
[94mMODEL_RWTA_INFO|[0m RWTA Prob initialize
[94mMODEL_RWTA_INFO|[0m weight 3837
[94mMODEL_RWTA_INFO|[0m bias 69
[94mMODEL_RWTA_INFO|[0m load: /root/autodl-tmp/SVPG2023/LANE/training_runs/ours/highway_dense/models/ppo_gymip_rwtaspk_h8-8-40_none_rmsprop_0.000320_0.18_0.99800_4_0.1200_ro896_mb224_lam0.99_rs0.90_gc0.40_adaptive_roadhighway_tfdense_hrsc_success_ew1.10e50_te8_seed52_current.pt
[94mMODEL_RWTA_INFO|[0m RWTA Prob initialize
[94mMODEL_RWTA_INFO|[0m weight 3837
[94mMODEL_RWTA_INFO|[0m bias 69
[94mMODEL_RWTA_INFO|[0m load: /root/autodl-tmp/SVPG2023/LANE/training_runs/ours/highway_dense/models/ppo_gymip_rwtaspk_h8-8-40_none_rmsprop_0.000320_0.18_0.99800_4_0.1200_ro896_mb224_lam0.99_rs0.90_gc0.40_adaptive_roadhighway_tfdense_hrsc_success_ew1.10e50_te8_seed52_current.pt
[94mMODEL_RWTA_INFO|[0m RWTA Prob initialize
[94mMODEL_RWTA_INFO|[0m weight 3837
[94mMODEL_RWTA_INFO|[0m bias 69
[94mMODEL_RWTA_INFO|[0m load: /root/autodl-tmp/SVPG2023/LANE/training_runs/ours/highway_dense/models/ppo_gymip_rwtaspk_h8-8-40_none_rmsprop_0.000320_0.18_0.99800_4_0.1200_ro896_mb224_lam0.99_rs0.90_gc0.40_adaptive_roadhighway_tfdense_hrsc_success_ew1.10e50_te8_seed52_current.pt
[94mMODEL_RWTA_INFO|[0m RWTA Prob initialize
[94mMODEL_RWTA_INFO|[0m weight 3837
[94mMODEL_RWTA_INFO|[0m bias 69
[94mMODEL_RWTA_INFO|[0m load: /root/autodl-tmp/SVPG2023/LANE/training_runs/ours/highway_dense/models/ppo_gymip_rwtaspk_h8-8-40_none_rmsprop_0.000320_0.18_0.99800_4_0.1200_ro896_mb224_lam0.99_rs0.90_gc0.40_adaptive_roadhighway_tfdense_hrsc_success_ew1.10e50_te8_seed52_current.pt
[94mMODEL_RWTA_INFO|[0m RWTA Prob initialize
[94mMODEL_RWTA_INFO|[0m weight 3837
[94mMODEL_RWTA_INFO|[0m bias 69
[94mMODEL_RWTA_INFO|[0m load: /root/autodl-tmp/SVPG2023/LANE/training_runs/ours/highway_dense/models/ppo_gymip_rwtaspk_h8-8-40_none_rmsprop_0.000320_0.18_0.99800_4_0.1200_ro896_mb224_lam0.99_rs0.90_gc0.40_adaptive_roadhighway_tfdense_hrsc_success_ew1.10e50_te8_seed52_current.pt
[94mMODEL_RWTA_INFO|[0m RWTA Prob initialize
[94mMODEL_RWTA_INFO|[0m weight 3837
[94mMODEL_RWTA_INFO|[0m bias 69
[94mMODEL_RWTA_INFO|[0m load: /root/autodl-tmp/SVPG2023/LANE/training_runs/ours/highway_dense/models/ppo_gymip_rwtaspk_h8-8-40_none_rmsprop_0.000320_0.18_0.99800_4_0.1200_ro896_mb224_lam0.99_rs0.90_gc0.40_adaptive_roadhighway_tfdense_hrsc_success_ew1.10e50_te8_seed52_current.pt
[94mMODEL_RWTA_INFO|[0m RWTA Prob initialize
[94mMODEL_RWTA_INFO|[0m weight 3837
[94mMODEL_RWTA_INFO|[0m bias 69
[94mMODEL_RWTA_INFO|[0m load: /root/autodl-tmp/SVPG2023/LANE/training_runs/ours/highway_dense/models/ppo_gymip_rwtaspk_h8-8-40_none_rmsprop_0.000320_0.18_0.99800_4_0.1200_ro896_mb224_lam0.99_rs0.90_gc0.40_adaptive_roadhighway_tfdense_hrsc_success_ew1.10e50_te8_seed52_current.pt
[94mMODEL_RWTA_INFO|[0m RWTA Prob initialize
[94mMODEL_RWTA_INFO|[0m weight 3837
[94mMODEL_RWTA_INFO|[0m bias 69
[94mMODEL_RWTA_INFO|[0m load: /root/autodl-tmp/SVPG2023/LANE/training_runs/ours/highway_dense/models/ppo_gymip_rwtaspk_h8-8-40_none_rmsprop_0.000320_0.18_0.99800_4_0.1200_ro896_mb224_lam0.99_rs0.90_gc0.40_adaptive_roadhighway_tfdense_hrsc_success_ew1.10e50_te8_seed52_current.pt
[94mMODEL_RWTA_INFO|[0m RWTA Prob initialize
[94mMODEL_RWTA_INFO|[0m weight 3837
[94mMODEL_RWTA_INFO|[0m bias 69
[94mMODEL_RWTA_INFO|[0m load: /root/autodl-tmp/SVPG2023/LANE/training_runs/ours/highway_dense/models/ppo_gymip_rwtaspk_h8-8-40_none_rmsprop_0.000320_0.18_0.99800_4_0.1200_ro896_mb224_lam0.99_rs0.90_gc0.40_adaptive_roadhighway_tfdense_hrsc_success_ew1.10e50_te8_seed52_current.pt
[94mMODEL_RWTA_INFO|[0m RWTA Prob initialize
[94mMODEL_RWTA_INFO|[0m weight 3837
[94mMODEL_RWTA_INFO|[0m bias 69
[94mMODEL_RWTA_INFO|[0m load: /root/autodl-tmp/SVPG2023/LANE/training_runs/ours/highway_dense/models/ppo_gymip_rwtaspk_h8-8-40_none_rmsprop_0.000320_0.18_0.99800_4_0.1200_ro896_mb224_lam0.99_rs0.90_gc0.40_adaptive_roadhighway_tfdense_hrsc_success_ew1.10e50_te8_seed52_current.pt
[94mMODEL_RWTA_INFO|[0m RWTA Prob initialize
[94mMODEL_RWTA_INFO|[0m weight 3837
[94mMODEL_RWTA_INFO|[0m bias 69
[94mMODEL_RWTA_INFO|[0m load: /root/autodl-tmp/SVPG2023/LANE/training_runs/ours/highway_dense/models/ppo_gymip_rwtaspk_h8-8-40_none_rmsprop_0.000320_0.18_0.99800_4_0.1200_ro896_mb224_lam0.99_rs0.90_gc0.40_adaptive_roadhighway_tfdense_hrsc_success_ew1.10e50_te8_seed52_current.pt
[94mMODEL_RWTA_INFO|[0m RWTA Prob initialize
[94mMODEL_RWTA_INFO|[0m weight 3837
[94mMODEL_RWTA_INFO|[0m bias 69
[94mMODEL_RWTA_INFO|[0m load: /root/autodl-tmp/SVPG2023/LANE/training_runs/ours/highway_dense/models/ppo_gymip_rwtaspk_h8-8-40_none_rmsprop_0.000320_0.18_0.99800_4_0.1200_ro896_mb224_lam0.99_rs0.90_gc0.40_adaptive_roadhighway_tfdense_hrsc_success_ew1.10e50_te8_seed52_current.pt
failure_rate    0.500 | success  0.200 | collision  0.700 | timeout  0.100 | reward 121.467 | len  71.400 | speed 23.807 | progress  0.591

[Input Gaussian Noise]

[Weight Gaussian Noise]

Saved robustness tables to: /root/autodl-tmp/SVPG2023/LANE/thesis_figures/robustness_paper_20260423_jobs/highway_dense_ours_action_20ep
