[91mFINISH: model_mlp[0m
[91mFINISH: model_rwta[0m
Robustness evaluation start
Scenario: highway / dense
  - ours: /root/autodl-tmp/SVPG2023/LANE/training_runs/ours/highway_dense/models/ppo_gymip_rwtaspk_h8-8-40_none_rmsprop_0.000320_0.18_0.99800_4_0.1200_ro896_mb224_lam0.99_rs0.90_gc0.40_adaptive_roadhighway_tfdense_hrsc_success_ew1.10e50_te8_seed52_current

======================================
Model: ours /root/autodl-tmp/SVPG2023/LANE/training_runs/ours/highway_dense/models/ppo_gymip_rwtaspk_h8-8-40_none_rmsprop_0.000320_0.18_0.99800_4_0.1200_ro896_mb224_lam0.99_rs0.90_gc0.40_adaptive_roadhighway_tfdense_hrsc_success_ew1.10e50_te8_seed52_current

[Action Failure]

[Input Gaussian Noise]

[Weight Gaussian Noise]
[96mLANE_ENV_INFO|[0m ACTION NUMBER:      5
[96mLANE_ENV_INFO|[0m STATE DIMENSION:     25
[96mLANE_ENV_INFO|[0m ROAD SCENARIO: highway (highway-v0)
[94mMODEL_RWTA_INFO|[0m RWTA Prob initialize
[94mMODEL_RWTA_INFO|[0m weight 3837
[94mMODEL_RWTA_INFO|[0m bias 69
[94mMODEL_RWTA_INFO|[0m load: /root/autodl-tmp/SVPG2023/LANE/training_runs/ours/highway_dense/models/ppo_gymip_rwtaspk_h8-8-40_none_rmsprop_0.000320_0.18_0.99800_4_0.1200_ro896_mb224_lam0.99_rs0.90_gc0.40_adaptive_roadhighway_tfdense_hrsc_success_ew1.10e50_te8_seed52_current.pt
[94mMODEL_RWTA_INFO|[0m RWTA Prob initialize
[94mMODEL_RWTA_INFO|[0m weight 3837
[94mMODEL_RWTA_INFO|[0m bias 69
[94mMODEL_RWTA_INFO|[0m load: /root/autodl-tmp/SVPG2023/LANE/training_runs/ours/highway_dense/models/ppo_gymip_rwtaspk_h8-8-40_none_rmsprop_0.000320_0.18_0.99800_4_0.1200_ro896_mb224_lam0.99_rs0.90_gc0.40_adaptive_roadhighway_tfdense_hrsc_success_ew1.10e50_te8_seed52_current.pt
[94mMODEL_RWTA_INFO|[0m RWTA Prob initialize
[94mMODEL_RWTA_INFO|[0m weight 3837
[94mMODEL_RWTA_INFO|[0m bias 69
[94mMODEL_RWTA_INFO|[0m load: /root/autodl-tmp/SVPG2023/LANE/training_runs/ours/highway_dense/models/ppo_gymip_rwtaspk_h8-8-40_none_rmsprop_0.000320_0.18_0.99800_4_0.1200_ro896_mb224_lam0.99_rs0.90_gc0.40_adaptive_roadhighway_tfdense_hrsc_success_ew1.10e50_te8_seed52_current.pt
[94mMODEL_RWTA_INFO|[0m RWTA Prob initialize
[94mMODEL_RWTA_INFO|[0m weight 3837
[94mMODEL_RWTA_INFO|[0m bias 69
[94mMODEL_RWTA_INFO|[0m load: /root/autodl-tmp/SVPG2023/LANE/training_runs/ours/highway_dense/models/ppo_gymip_rwtaspk_h8-8-40_none_rmsprop_0.000320_0.18_0.99800_4_0.1200_ro896_mb224_lam0.99_rs0.90_gc0.40_adaptive_roadhighway_tfdense_hrsc_success_ew1.10e50_te8_seed52_current.pt
[94mMODEL_RWTA_INFO|[0m RWTA Prob initialize
[94mMODEL_RWTA_INFO|[0m weight 3837
[94mMODEL_RWTA_INFO|[0m bias 69
[94mMODEL_RWTA_INFO|[0m load: /root/autodl-tmp/SVPG2023/LANE/training_runs/ours/highway_dense/models/ppo_gymip_rwtaspk_h8-8-40_none_rmsprop_0.000320_0.18_0.99800_4_0.1200_ro896_mb224_lam0.99_rs0.90_gc0.40_adaptive_roadhighway_tfdense_hrsc_success_ew1.10e50_te8_seed52_current.pt
[94mMODEL_RWTA_INFO|[0m RWTA Prob initialize
[94mMODEL_RWTA_INFO|[0m weight 3837
[94mMODEL_RWTA_INFO|[0m bias 69
[94mMODEL_RWTA_INFO|[0m load: /root/autodl-tmp/SVPG2023/LANE/training_runs/ours/highway_dense/models/ppo_gymip_rwtaspk_h8-8-40_none_rmsprop_0.000320_0.18_0.99800_4_0.1200_ro896_mb224_lam0.99_rs0.90_gc0.40_adaptive_roadhighway_tfdense_hrsc_success_ew1.10e50_te8_seed52_current.pt
[94mMODEL_RWTA_INFO|[0m RWTA Prob initialize
[94mMODEL_RWTA_INFO|[0m weight 3837
[94mMODEL_RWTA_INFO|[0m bias 69
[94mMODEL_RWTA_INFO|[0m load: /root/autodl-tmp/SVPG2023/LANE/training_runs/ours/highway_dense/models/ppo_gymip_rwtaspk_h8-8-40_none_rmsprop_0.000320_0.18_0.99800_4_0.1200_ro896_mb224_lam0.99_rs0.90_gc0.40_adaptive_roadhighway_tfdense_hrsc_success_ew1.10e50_te8_seed52_current.pt
[94mMODEL_RWTA_INFO|[0m RWTA Prob initialize
[94mMODEL_RWTA_INFO|[0m weight 3837
[94mMODEL_RWTA_INFO|[0m bias 69
[94mMODEL_RWTA_INFO|[0m load: /root/autodl-tmp/SVPG2023/LANE/training_runs/ours/highway_dense/models/ppo_gymip_rwtaspk_h8-8-40_none_rmsprop_0.000320_0.18_0.99800_4_0.1200_ro896_mb224_lam0.99_rs0.90_gc0.40_adaptive_roadhighway_tfdense_hrsc_success_ew1.10e50_te8_seed52_current.pt
[94mMODEL_RWTA_INFO|[0m RWTA Prob initialize
[94mMODEL_RWTA_INFO|[0m weight 3837
[94mMODEL_RWTA_INFO|[0m bias 69
[94mMODEL_RWTA_INFO|[0m load: /root/autodl-tmp/SVPG2023/LANE/training_runs/ours/highway_dense/models/ppo_gymip_rwtaspk_h8-8-40_none_rmsprop_0.000320_0.18_0.99800_4_0.1200_ro896_mb224_lam0.99_rs0.90_gc0.40_adaptive_roadhighway_tfdense_hrsc_success_ew1.10e50_te8_seed52_current.pt
[94mMODEL_RWTA_INFO|[0m RWTA Prob initialize
[94mMODEL_RWTA_INFO|[0m weight 3837
[94mMODEL_RWTA_INFO|[0m bias 69
[94mMODEL_RWTA_INFO|[0m load: /root/autodl-tmp/SVPG2023/LANE/training_runs/ours/highway_dense/models/ppo_gymip_rwtaspk_h8-8-40_none_rmsprop_0.000320_0.18_0.99800_4_0.1200_ro896_mb224_lam0.99_rs0.90_gc0.40_adaptive_roadhighway_tfdense_hrsc_success_ew1.10e50_te8_seed52_current.pt
[94mMODEL_RWTA_INFO|[0m RWTA Prob initialize
[94mMODEL_RWTA_INFO|[0m weight 3837
[94mMODEL_RWTA_INFO|[0m bias 69
[94mMODEL_RWTA_INFO|[0m load: /root/autodl-tmp/SVPG2023/LANE/training_runs/ours/highway_dense/models/ppo_gymip_rwtaspk_h8-8-40_none_rmsprop_0.000320_0.18_0.99800_4_0.1200_ro896_mb224_lam0.99_rs0.90_gc0.40_adaptive_roadhighway_tfdense_hrsc_success_ew1.10e50_te8_seed52_current.pt
[94mMODEL_RWTA_INFO|[0m RWTA Prob initialize
[94mMODEL_RWTA_INFO|[0m weight 3837
[94mMODEL_RWTA_INFO|[0m bias 69
[94mMODEL_RWTA_INFO|[0m load: /root/autodl-tmp/SVPG2023/LANE/training_runs/ours/highway_dense/models/ppo_gymip_rwtaspk_h8-8-40_none_rmsprop_0.000320_0.18_0.99800_4_0.1200_ro896_mb224_lam0.99_rs0.90_gc0.40_adaptive_roadhighway_tfdense_hrsc_success_ew1.10e50_te8_seed52_current.pt
[94mMODEL_RWTA_INFO|[0m RWTA Prob initialize
[94mMODEL_RWTA_INFO|[0m weight 3837
[94mMODEL_RWTA_INFO|[0m bias 69
[94mMODEL_RWTA_INFO|[0m load: /root/autodl-tmp/SVPG2023/LANE/training_runs/ours/highway_dense/models/ppo_gymip_rwtaspk_h8-8-40_none_rmsprop_0.000320_0.18_0.99800_4_0.1200_ro896_mb224_lam0.99_rs0.90_gc0.40_adaptive_roadhighway_tfdense_hrsc_success_ew1.10e50_te8_seed52_current.pt
[94mMODEL_RWTA_INFO|[0m RWTA Prob initialize
[94mMODEL_RWTA_INFO|[0m weight 3837
[94mMODEL_RWTA_INFO|[0m bias 69
[94mMODEL_RWTA_INFO|[0m load: /root/autodl-tmp/SVPG2023/LANE/training_runs/ours/highway_dense/models/ppo_gymip_rwtaspk_h8-8-40_none_rmsprop_0.000320_0.18_0.99800_4_0.1200_ro896_mb224_lam0.99_rs0.90_gc0.40_adaptive_roadhighway_tfdense_hrsc_success_ew1.10e50_te8_seed52_current.pt
[94mMODEL_RWTA_INFO|[0m RWTA Prob initialize
[94mMODEL_RWTA_INFO|[0m weight 3837
[94mMODEL_RWTA_INFO|[0m bias 69
[94mMODEL_RWTA_INFO|[0m load: /root/autodl-tmp/SVPG2023/LANE/training_runs/ours/highway_dense/models/ppo_gymip_rwtaspk_h8-8-40_none_rmsprop_0.000320_0.18_0.99800_4_0.1200_ro896_mb224_lam0.99_rs0.90_gc0.40_adaptive_roadhighway_tfdense_hrsc_success_ew1.10e50_te8_seed52_current.pt
[94mMODEL_RWTA_INFO|[0m RWTA Prob initialize
[94mMODEL_RWTA_INFO|[0m weight 3837
[94mMODEL_RWTA_INFO|[0m bias 69
[94mMODEL_RWTA_INFO|[0m load: /root/autodl-tmp/SVPG2023/LANE/training_runs/ours/highway_dense/models/ppo_gymip_rwtaspk_h8-8-40_none_rmsprop_0.000320_0.18_0.99800_4_0.1200_ro896_mb224_lam0.99_rs0.90_gc0.40_adaptive_roadhighway_tfdense_hrsc_success_ew1.10e50_te8_seed52_current.pt
[94mMODEL_RWTA_INFO|[0m RWTA Prob initialize
[94mMODEL_RWTA_INFO|[0m weight 3837
[94mMODEL_RWTA_INFO|[0m bias 69
[94mMODEL_RWTA_INFO|[0m load: /root/autodl-tmp/SVPG2023/LANE/training_runs/ours/highway_dense/models/ppo_gymip_rwtaspk_h8-8-40_none_rmsprop_0.000320_0.18_0.99800_4_0.1200_ro896_mb224_lam0.99_rs0.90_gc0.40_adaptive_roadhighway_tfdense_hrsc_success_ew1.10e50_te8_seed52_current.pt
[94mMODEL_RWTA_INFO|[0m RWTA Prob initialize
[94mMODEL_RWTA_INFO|[0m weight 3837
[94mMODEL_RWTA_INFO|[0m bias 69
[94mMODEL_RWTA_INFO|[0m load: /root/autodl-tmp/SVPG2023/LANE/training_runs/ours/highway_dense/models/ppo_gymip_rwtaspk_h8-8-40_none_rmsprop_0.000320_0.18_0.99800_4_0.1200_ro896_mb224_lam0.99_rs0.90_gc0.40_adaptive_roadhighway_tfdense_hrsc_success_ew1.10e50_te8_seed52_current.pt
[94mMODEL_RWTA_INFO|[0m RWTA Prob initialize
[94mMODEL_RWTA_INFO|[0m weight 3837
[94mMODEL_RWTA_INFO|[0m bias 69
[94mMODEL_RWTA_INFO|[0m load: /root/autodl-tmp/SVPG2023/LANE/training_runs/ours/highway_dense/models/ppo_gymip_rwtaspk_h8-8-40_none_rmsprop_0.000320_0.18_0.99800_4_0.1200_ro896_mb224_lam0.99_rs0.90_gc0.40_adaptive_roadhighway_tfdense_hrsc_success_ew1.10e50_te8_seed52_current.pt
[94mMODEL_RWTA_INFO|[0m RWTA Prob initialize
[94mMODEL_RWTA_INFO|[0m weight 3837
[94mMODEL_RWTA_INFO|[0m bias 69
[94mMODEL_RWTA_INFO|[0m load: /root/autodl-tmp/SVPG2023/LANE/training_runs/ours/highway_dense/models/ppo_gymip_rwtaspk_h8-8-40_none_rmsprop_0.000320_0.18_0.99800_4_0.1200_ro896_mb224_lam0.99_rs0.90_gc0.40_adaptive_roadhighway_tfdense_hrsc_success_ew1.10e50_te8_seed52_current.pt
weight_noise    0.000 | success  0.050 | collision  0.300 | timeout  0.650 | reward 242.079 | len 105.950 | speed 21.407 | progress  0.836
[96mLANE_ENV_INFO|[0m ACTION NUMBER:      5
[96mLANE_ENV_INFO|[0m STATE DIMENSION:     25
[96mLANE_ENV_INFO|[0m ROAD SCENARIO: highway (highway-v0)
[94mMODEL_RWTA_INFO|[0m RWTA Prob initialize
[94mMODEL_RWTA_INFO|[0m weight 3837
[94mMODEL_RWTA_INFO|[0m bias 69
[94mMODEL_RWTA_INFO|[0m load: /root/autodl-tmp/SVPG2023/LANE/training_runs/ours/highway_dense/models/ppo_gymip_rwtaspk_h8-8-40_none_rmsprop_0.000320_0.18_0.99800_4_0.1200_ro896_mb224_lam0.99_rs0.90_gc0.40_adaptive_roadhighway_tfdense_hrsc_success_ew1.10e50_te8_seed52_current.pt
[94mMODEL_RWTA_INFO|[0m RWTA Prob initialize
[94mMODEL_RWTA_INFO|[0m weight 3837
[94mMODEL_RWTA_INFO|[0m bias 69
[94mMODEL_RWTA_INFO|[0m load: /root/autodl-tmp/SVPG2023/LANE/training_runs/ours/highway_dense/models/ppo_gymip_rwtaspk_h8-8-40_none_rmsprop_0.000320_0.18_0.99800_4_0.1200_ro896_mb224_lam0.99_rs0.90_gc0.40_adaptive_roadhighway_tfdense_hrsc_success_ew1.10e50_te8_seed52_current.pt
[94mMODEL_RWTA_INFO|[0m RWTA Prob initialize
[94mMODEL_RWTA_INFO|[0m weight 3837
[94mMODEL_RWTA_INFO|[0m bias 69
[94mMODEL_RWTA_INFO|[0m load: /root/autodl-tmp/SVPG2023/LANE/training_runs/ours/highway_dense/models/ppo_gymip_rwtaspk_h8-8-40_none_rmsprop_0.000320_0.18_0.99800_4_0.1200_ro896_mb224_lam0.99_rs0.90_gc0.40_adaptive_roadhighway_tfdense_hrsc_success_ew1.10e50_te8_seed52_current.pt
[94mMODEL_RWTA_INFO|[0m RWTA Prob initialize
[94mMODEL_RWTA_INFO|[0m weight 3837
[94mMODEL_RWTA_INFO|[0m bias 69
[94mMODEL_RWTA_INFO|[0m load: /root/autodl-tmp/SVPG2023/LANE/training_runs/ours/highway_dense/models/ppo_gymip_rwtaspk_h8-8-40_none_rmsprop_0.000320_0.18_0.99800_4_0.1200_ro896_mb224_lam0.99_rs0.90_gc0.40_adaptive_roadhighway_tfdense_hrsc_success_ew1.10e50_te8_seed52_current.pt
[94mMODEL_RWTA_INFO|[0m RWTA Prob initialize
[94mMODEL_RWTA_INFO|[0m weight 3837
[94mMODEL_RWTA_INFO|[0m bias 69
[94mMODEL_RWTA_INFO|[0m load: /root/autodl-tmp/SVPG2023/LANE/training_runs/ours/highway_dense/models/ppo_gymip_rwtaspk_h8-8-40_none_rmsprop_0.000320_0.18_0.99800_4_0.1200_ro896_mb224_lam0.99_rs0.90_gc0.40_adaptive_roadhighway_tfdense_hrsc_success_ew1.10e50_te8_seed52_current.pt
[94mMODEL_RWTA_INFO|[0m RWTA Prob initialize
[94mMODEL_RWTA_INFO|[0m weight 3837
[94mMODEL_RWTA_INFO|[0m bias 69
[94mMODEL_RWTA_INFO|[0m load: /root/autodl-tmp/SVPG2023/LANE/training_runs/ours/highway_dense/models/ppo_gymip_rwtaspk_h8-8-40_none_rmsprop_0.000320_0.18_0.99800_4_0.1200_ro896_mb224_lam0.99_rs0.90_gc0.40_adaptive_roadhighway_tfdense_hrsc_success_ew1.10e50_te8_seed52_current.pt
[94mMODEL_RWTA_INFO|[0m RWTA Prob initialize
[94mMODEL_RWTA_INFO|[0m weight 3837
[94mMODEL_RWTA_INFO|[0m bias 69
[94mMODEL_RWTA_INFO|[0m load: /root/autodl-tmp/SVPG2023/LANE/training_runs/ours/highway_dense/models/ppo_gymip_rwtaspk_h8-8-40_none_rmsprop_0.000320_0.18_0.99800_4_0.1200_ro896_mb224_lam0.99_rs0.90_gc0.40_adaptive_roadhighway_tfdense_hrsc_success_ew1.10e50_te8_seed52_current.pt
[94mMODEL_RWTA_INFO|[0m RWTA Prob initialize
[94mMODEL_RWTA_INFO|[0m weight 3837
[94mMODEL_RWTA_INFO|[0m bias 69
[94mMODEL_RWTA_INFO|[0m load: /root/autodl-tmp/SVPG2023/LANE/training_runs/ours/highway_dense/models/ppo_gymip_rwtaspk_h8-8-40_none_rmsprop_0.000320_0.18_0.99800_4_0.1200_ro896_mb224_lam0.99_rs0.90_gc0.40_adaptive_roadhighway_tfdense_hrsc_success_ew1.10e50_te8_seed52_current.pt
[94mMODEL_RWTA_INFO|[0m RWTA Prob initialize
[94mMODEL_RWTA_INFO|[0m weight 3837
[94mMODEL_RWTA_INFO|[0m bias 69
[94mMODEL_RWTA_INFO|[0m load: /root/autodl-tmp/SVPG2023/LANE/training_runs/ours/highway_dense/models/ppo_gymip_rwtaspk_h8-8-40_none_rmsprop_0.000320_0.18_0.99800_4_0.1200_ro896_mb224_lam0.99_rs0.90_gc0.40_adaptive_roadhighway_tfdense_hrsc_success_ew1.10e50_te8_seed52_current.pt
[94mMODEL_RWTA_INFO|[0m RWTA Prob initialize
[94mMODEL_RWTA_INFO|[0m weight 3837
[94mMODEL_RWTA_INFO|[0m bias 69
[94mMODEL_RWTA_INFO|[0m load: /root/autodl-tmp/SVPG2023/LANE/training_runs/ours/highway_dense/models/ppo_gymip_rwtaspk_h8-8-40_none_rmsprop_0.000320_0.18_0.99800_4_0.1200_ro896_mb224_lam0.99_rs0.90_gc0.40_adaptive_roadhighway_tfdense_hrsc_success_ew1.10e50_te8_seed52_current.pt
[94mMODEL_RWTA_INFO|[0m RWTA Prob initialize
[94mMODEL_RWTA_INFO|[0m weight 3837
[94mMODEL_RWTA_INFO|[0m bias 69
[94mMODEL_RWTA_INFO|[0m load: /root/autodl-tmp/SVPG2023/LANE/training_runs/ours/highway_dense/models/ppo_gymip_rwtaspk_h8-8-40_none_rmsprop_0.000320_0.18_0.99800_4_0.1200_ro896_mb224_lam0.99_rs0.90_gc0.40_adaptive_roadhighway_tfdense_hrsc_success_ew1.10e50_te8_seed52_current.pt
[94mMODEL_RWTA_INFO|[0m RWTA Prob initialize
[94mMODEL_RWTA_INFO|[0m weight 3837
[94mMODEL_RWTA_INFO|[0m bias 69
[94mMODEL_RWTA_INFO|[0m load: /root/autodl-tmp/SVPG2023/LANE/training_runs/ours/highway_dense/models/ppo_gymip_rwtaspk_h8-8-40_none_rmsprop_0.000320_0.18_0.99800_4_0.1200_ro896_mb224_lam0.99_rs0.90_gc0.40_adaptive_roadhighway_tfdense_hrsc_success_ew1.10e50_te8_seed52_current.pt
[94mMODEL_RWTA_INFO|[0m RWTA Prob initialize
[94mMODEL_RWTA_INFO|[0m weight 3837
[94mMODEL_RWTA_INFO|[0m bias 69
[94mMODEL_RWTA_INFO|[0m load: /root/autodl-tmp/SVPG2023/LANE/training_runs/ours/highway_dense/models/ppo_gymip_rwtaspk_h8-8-40_none_rmsprop_0.000320_0.18_0.99800_4_0.1200_ro896_mb224_lam0.99_rs0.90_gc0.40_adaptive_roadhighway_tfdense_hrsc_success_ew1.10e50_te8_seed52_current.pt
[94mMODEL_RWTA_INFO|[0m RWTA Prob initialize
[94mMODEL_RWTA_INFO|[0m weight 3837
[94mMODEL_RWTA_INFO|[0m bias 69
[94mMODEL_RWTA_INFO|[0m load: /root/autodl-tmp/SVPG2023/LANE/training_runs/ours/highway_dense/models/ppo_gymip_rwtaspk_h8-8-40_none_rmsprop_0.000320_0.18_0.99800_4_0.1200_ro896_mb224_lam0.99_rs0.90_gc0.40_adaptive_roadhighway_tfdense_hrsc_success_ew1.10e50_te8_seed52_current.pt
[94mMODEL_RWTA_INFO|[0m RWTA Prob initialize
[94mMODEL_RWTA_INFO|[0m weight 3837
[94mMODEL_RWTA_INFO|[0m bias 69
[94mMODEL_RWTA_INFO|[0m load: /root/autodl-tmp/SVPG2023/LANE/training_runs/ours/highway_dense/models/ppo_gymip_rwtaspk_h8-8-40_none_rmsprop_0.000320_0.18_0.99800_4_0.1200_ro896_mb224_lam0.99_rs0.90_gc0.40_adaptive_roadhighway_tfdense_hrsc_success_ew1.10e50_te8_seed52_current.pt
[94mMODEL_RWTA_INFO|[0m RWTA Prob initialize
[94mMODEL_RWTA_INFO|[0m weight 3837
[94mMODEL_RWTA_INFO|[0m bias 69
[94mMODEL_RWTA_INFO|[0m load: /root/autodl-tmp/SVPG2023/LANE/training_runs/ours/highway_dense/models/ppo_gymip_rwtaspk_h8-8-40_none_rmsprop_0.000320_0.18_0.99800_4_0.1200_ro896_mb224_lam0.99_rs0.90_gc0.40_adaptive_roadhighway_tfdense_hrsc_success_ew1.10e50_te8_seed52_current.pt
[94mMODEL_RWTA_INFO|[0m RWTA Prob initialize
[94mMODEL_RWTA_INFO|[0m weight 3837
[94mMODEL_RWTA_INFO|[0m bias 69
[94mMODEL_RWTA_INFO|[0m load: /root/autodl-tmp/SVPG2023/LANE/training_runs/ours/highway_dense/models/ppo_gymip_rwtaspk_h8-8-40_none_rmsprop_0.000320_0.18_0.99800_4_0.1200_ro896_mb224_lam0.99_rs0.90_gc0.40_adaptive_roadhighway_tfdense_hrsc_success_ew1.10e50_te8_seed52_current.pt
[94mMODEL_RWTA_INFO|[0m RWTA Prob initialize
[94mMODEL_RWTA_INFO|[0m weight 3837
[94mMODEL_RWTA_INFO|[0m bias 69
[94mMODEL_RWTA_INFO|[0m load: /root/autodl-tmp/SVPG2023/LANE/training_runs/ours/highway_dense/models/ppo_gymip_rwtaspk_h8-8-40_none_rmsprop_0.000320_0.18_0.99800_4_0.1200_ro896_mb224_lam0.99_rs0.90_gc0.40_adaptive_roadhighway_tfdense_hrsc_success_ew1.10e50_te8_seed52_current.pt
[94mMODEL_RWTA_INFO|[0m RWTA Prob initialize
[94mMODEL_RWTA_INFO|[0m weight 3837
[94mMODEL_RWTA_INFO|[0m bias 69
[94mMODEL_RWTA_INFO|[0m load: /root/autodl-tmp/SVPG2023/LANE/training_runs/ours/highway_dense/models/ppo_gymip_rwtaspk_h8-8-40_none_rmsprop_0.000320_0.18_0.99800_4_0.1200_ro896_mb224_lam0.99_rs0.90_gc0.40_adaptive_roadhighway_tfdense_hrsc_success_ew1.10e50_te8_seed52_current.pt
[94mMODEL_RWTA_INFO|[0m RWTA Prob initialize
[94mMODEL_RWTA_INFO|[0m weight 3837
[94mMODEL_RWTA_INFO|[0m bias 69
[94mMODEL_RWTA_INFO|[0m load: /root/autodl-tmp/SVPG2023/LANE/training_runs/ours/highway_dense/models/ppo_gymip_rwtaspk_h8-8-40_none_rmsprop_0.000320_0.18_0.99800_4_0.1200_ro896_mb224_lam0.99_rs0.90_gc0.40_adaptive_roadhighway_tfdense_hrsc_success_ew1.10e50_te8_seed52_current.pt
weight_noise    0.020 | success  0.050 | collision  0.650 | timeout  0.300 | reward 110.527 | len  70.050 | speed 23.440 | progress  0.556
[96mLANE_ENV_INFO|[0m ACTION NUMBER:      5
[96mLANE_ENV_INFO|[0m STATE DIMENSION:     25
[96mLANE_ENV_INFO|[0m ROAD SCENARIO: highway (highway-v0)
[94mMODEL_RWTA_INFO|[0m RWTA Prob initialize
[94mMODEL_RWTA_INFO|[0m weight 3837
[94mMODEL_RWTA_INFO|[0m bias 69
[94mMODEL_RWTA_INFO|[0m load: /root/autodl-tmp/SVPG2023/LANE/training_runs/ours/highway_dense/models/ppo_gymip_rwtaspk_h8-8-40_none_rmsprop_0.000320_0.18_0.99800_4_0.1200_ro896_mb224_lam0.99_rs0.90_gc0.40_adaptive_roadhighway_tfdense_hrsc_success_ew1.10e50_te8_seed52_current.pt
[94mMODEL_RWTA_INFO|[0m RWTA Prob initialize
[94mMODEL_RWTA_INFO|[0m weight 3837
[94mMODEL_RWTA_INFO|[0m bias 69
[94mMODEL_RWTA_INFO|[0m load: /root/autodl-tmp/SVPG2023/LANE/training_runs/ours/highway_dense/models/ppo_gymip_rwtaspk_h8-8-40_none_rmsprop_0.000320_0.18_0.99800_4_0.1200_ro896_mb224_lam0.99_rs0.90_gc0.40_adaptive_roadhighway_tfdense_hrsc_success_ew1.10e50_te8_seed52_current.pt
[94mMODEL_RWTA_INFO|[0m RWTA Prob initialize
[94mMODEL_RWTA_INFO|[0m weight 3837
[94mMODEL_RWTA_INFO|[0m bias 69
[94mMODEL_RWTA_INFO|[0m load: /root/autodl-tmp/SVPG2023/LANE/training_runs/ours/highway_dense/models/ppo_gymip_rwtaspk_h8-8-40_none_rmsprop_0.000320_0.18_0.99800_4_0.1200_ro896_mb224_lam0.99_rs0.90_gc0.40_adaptive_roadhighway_tfdense_hrsc_success_ew1.10e50_te8_seed52_current.pt
[94mMODEL_RWTA_INFO|[0m RWTA Prob initialize
[94mMODEL_RWTA_INFO|[0m weight 3837
[94mMODEL_RWTA_INFO|[0m bias 69
[94mMODEL_RWTA_INFO|[0m load: /root/autodl-tmp/SVPG2023/LANE/training_runs/ours/highway_dense/models/ppo_gymip_rwtaspk_h8-8-40_none_rmsprop_0.000320_0.18_0.99800_4_0.1200_ro896_mb224_lam0.99_rs0.90_gc0.40_adaptive_roadhighway_tfdense_hrsc_success_ew1.10e50_te8_seed52_current.pt
[94mMODEL_RWTA_INFO|[0m RWTA Prob initialize
[94mMODEL_RWTA_INFO|[0m weight 3837
[94mMODEL_RWTA_INFO|[0m bias 69
[94mMODEL_RWTA_INFO|[0m load: /root/autodl-tmp/SVPG2023/LANE/training_runs/ours/highway_dense/models/ppo_gymip_rwtaspk_h8-8-40_none_rmsprop_0.000320_0.18_0.99800_4_0.1200_ro896_mb224_lam0.99_rs0.90_gc0.40_adaptive_roadhighway_tfdense_hrsc_success_ew1.10e50_te8_seed52_current.pt
[94mMODEL_RWTA_INFO|[0m RWTA Prob initialize
[94mMODEL_RWTA_INFO|[0m weight 3837
[94mMODEL_RWTA_INFO|[0m bias 69
[94mMODEL_RWTA_INFO|[0m load: /root/autodl-tmp/SVPG2023/LANE/training_runs/ours/highway_dense/models/ppo_gymip_rwtaspk_h8-8-40_none_rmsprop_0.000320_0.18_0.99800_4_0.1200_ro896_mb224_lam0.99_rs0.90_gc0.40_adaptive_roadhighway_tfdense_hrsc_success_ew1.10e50_te8_seed52_current.pt
[94mMODEL_RWTA_INFO|[0m RWTA Prob initialize
[94mMODEL_RWTA_INFO|[0m weight 3837
[94mMODEL_RWTA_INFO|[0m bias 69
[94mMODEL_RWTA_INFO|[0m load: /root/autodl-tmp/SVPG2023/LANE/training_runs/ours/highway_dense/models/ppo_gymip_rwtaspk_h8-8-40_none_rmsprop_0.000320_0.18_0.99800_4_0.1200_ro896_mb224_lam0.99_rs0.90_gc0.40_adaptive_roadhighway_tfdense_hrsc_success_ew1.10e50_te8_seed52_current.pt
[94mMODEL_RWTA_INFO|[0m RWTA Prob initialize
[94mMODEL_RWTA_INFO|[0m weight 3837
[94mMODEL_RWTA_INFO|[0m bias 69
[94mMODEL_RWTA_INFO|[0m load: /root/autodl-tmp/SVPG2023/LANE/training_runs/ours/highway_dense/models/ppo_gymip_rwtaspk_h8-8-40_none_rmsprop_0.000320_0.18_0.99800_4_0.1200_ro896_mb224_lam0.99_rs0.90_gc0.40_adaptive_roadhighway_tfdense_hrsc_success_ew1.10e50_te8_seed52_current.pt
[94mMODEL_RWTA_INFO|[0m RWTA Prob initialize
[94mMODEL_RWTA_INFO|[0m weight 3837
[94mMODEL_RWTA_INFO|[0m bias 69
[94mMODEL_RWTA_INFO|[0m load: /root/autodl-tmp/SVPG2023/LANE/training_runs/ours/highway_dense/models/ppo_gymip_rwtaspk_h8-8-40_none_rmsprop_0.000320_0.18_0.99800_4_0.1200_ro896_mb224_lam0.99_rs0.90_gc0.40_adaptive_roadhighway_tfdense_hrsc_success_ew1.10e50_te8_seed52_current.pt
[94mMODEL_RWTA_INFO|[0m RWTA Prob initialize
[94mMODEL_RWTA_INFO|[0m weight 3837
[94mMODEL_RWTA_INFO|[0m bias 69
[94mMODEL_RWTA_INFO|[0m load: /root/autodl-tmp/SVPG2023/LANE/training_runs/ours/highway_dense/models/ppo_gymip_rwtaspk_h8-8-40_none_rmsprop_0.000320_0.18_0.99800_4_0.1200_ro896_mb224_lam0.99_rs0.90_gc0.40_adaptive_roadhighway_tfdense_hrsc_success_ew1.10e50_te8_seed52_current.pt
[94mMODEL_RWTA_INFO|[0m RWTA Prob initialize
[94mMODEL_RWTA_INFO|[0m weight 3837
[94mMODEL_RWTA_INFO|[0m bias 69
[94mMODEL_RWTA_INFO|[0m load: /root/autodl-tmp/SVPG2023/LANE/training_runs/ours/highway_dense/models/ppo_gymip_rwtaspk_h8-8-40_none_rmsprop_0.000320_0.18_0.99800_4_0.1200_ro896_mb224_lam0.99_rs0.90_gc0.40_adaptive_roadhighway_tfdense_hrsc_success_ew1.10e50_te8_seed52_current.pt
[94mMODEL_RWTA_INFO|[0m RWTA Prob initialize
[94mMODEL_RWTA_INFO|[0m weight 3837
[94mMODEL_RWTA_INFO|[0m bias 69
[94mMODEL_RWTA_INFO|[0m load: /root/autodl-tmp/SVPG2023/LANE/training_runs/ours/highway_dense/models/ppo_gymip_rwtaspk_h8-8-40_none_rmsprop_0.000320_0.18_0.99800_4_0.1200_ro896_mb224_lam0.99_rs0.90_gc0.40_adaptive_roadhighway_tfdense_hrsc_success_ew1.10e50_te8_seed52_current.pt
[94mMODEL_RWTA_INFO|[0m RWTA Prob initialize
[94mMODEL_RWTA_INFO|[0m weight 3837
[94mMODEL_RWTA_INFO|[0m bias 69
[94mMODEL_RWTA_INFO|[0m load: /root/autodl-tmp/SVPG2023/LANE/training_runs/ours/highway_dense/models/ppo_gymip_rwtaspk_h8-8-40_none_rmsprop_0.000320_0.18_0.99800_4_0.1200_ro896_mb224_lam0.99_rs0.90_gc0.40_adaptive_roadhighway_tfdense_hrsc_success_ew1.10e50_te8_seed52_current.pt
[94mMODEL_RWTA_INFO|[0m RWTA Prob initialize
[94mMODEL_RWTA_INFO|[0m weight 3837
[94mMODEL_RWTA_INFO|[0m bias 69
[94mMODEL_RWTA_INFO|[0m load: /root/autodl-tmp/SVPG2023/LANE/training_runs/ours/highway_dense/models/ppo_gymip_rwtaspk_h8-8-40_none_rmsprop_0.000320_0.18_0.99800_4_0.1200_ro896_mb224_lam0.99_rs0.90_gc0.40_adaptive_roadhighway_tfdense_hrsc_success_ew1.10e50_te8_seed52_current.pt
[94mMODEL_RWTA_INFO|[0m RWTA Prob initialize
[94mMODEL_RWTA_INFO|[0m weight 3837
[94mMODEL_RWTA_INFO|[0m bias 69
[94mMODEL_RWTA_INFO|[0m load: /root/autodl-tmp/SVPG2023/LANE/training_runs/ours/highway_dense/models/ppo_gymip_rwtaspk_h8-8-40_none_rmsprop_0.000320_0.18_0.99800_4_0.1200_ro896_mb224_lam0.99_rs0.90_gc0.40_adaptive_roadhighway_tfdense_hrsc_success_ew1.10e50_te8_seed52_current.pt
[94mMODEL_RWTA_INFO|[0m RWTA Prob initialize
[94mMODEL_RWTA_INFO|[0m weight 3837
[94mMODEL_RWTA_INFO|[0m bias 69
[94mMODEL_RWTA_INFO|[0m load: /root/autodl-tmp/SVPG2023/LANE/training_runs/ours/highway_dense/models/ppo_gymip_rwtaspk_h8-8-40_none_rmsprop_0.000320_0.18_0.99800_4_0.1200_ro896_mb224_lam0.99_rs0.90_gc0.40_adaptive_roadhighway_tfdense_hrsc_success_ew1.10e50_te8_seed52_current.pt
[94mMODEL_RWTA_INFO|[0m RWTA Prob initialize
[94mMODEL_RWTA_INFO|[0m weight 3837
[94mMODEL_RWTA_INFO|[0m bias 69
[94mMODEL_RWTA_INFO|[0m load: /root/autodl-tmp/SVPG2023/LANE/training_runs/ours/highway_dense/models/ppo_gymip_rwtaspk_h8-8-40_none_rmsprop_0.000320_0.18_0.99800_4_0.1200_ro896_mb224_lam0.99_rs0.90_gc0.40_adaptive_roadhighway_tfdense_hrsc_success_ew1.10e50_te8_seed52_current.pt
[94mMODEL_RWTA_INFO|[0m RWTA Prob initialize
[94mMODEL_RWTA_INFO|[0m weight 3837
[94mMODEL_RWTA_INFO|[0m bias 69
[94mMODEL_RWTA_INFO|[0m load: /root/autodl-tmp/SVPG2023/LANE/training_runs/ours/highway_dense/models/ppo_gymip_rwtaspk_h8-8-40_none_rmsprop_0.000320_0.18_0.99800_4_0.1200_ro896_mb224_lam0.99_rs0.90_gc0.40_adaptive_roadhighway_tfdense_hrsc_success_ew1.10e50_te8_seed52_current.pt
[94mMODEL_RWTA_INFO|[0m RWTA Prob initialize
[94mMODEL_RWTA_INFO|[0m weight 3837
[94mMODEL_RWTA_INFO|[0m bias 69
[94mMODEL_RWTA_INFO|[0m load: /root/autodl-tmp/SVPG2023/LANE/training_runs/ours/highway_dense/models/ppo_gymip_rwtaspk_h8-8-40_none_rmsprop_0.000320_0.18_0.99800_4_0.1200_ro896_mb224_lam0.99_rs0.90_gc0.40_adaptive_roadhighway_tfdense_hrsc_success_ew1.10e50_te8_seed52_current.pt
[94mMODEL_RWTA_INFO|[0m RWTA Prob initialize
[94mMODEL_RWTA_INFO|[0m weight 3837
[94mMODEL_RWTA_INFO|[0m bias 69
[94mMODEL_RWTA_INFO|[0m load: /root/autodl-tmp/SVPG2023/LANE/training_runs/ours/highway_dense/models/ppo_gymip_rwtaspk_h8-8-40_none_rmsprop_0.000320_0.18_0.99800_4_0.1200_ro896_mb224_lam0.99_rs0.90_gc0.40_adaptive_roadhighway_tfdense_hrsc_success_ew1.10e50_te8_seed52_current.pt
weight_noise    0.050 | success  0.050 | collision  0.900 | timeout  0.050 | reward  58.732 | len  44.800 | speed 26.425 | progress  0.362
[96mLANE_ENV_INFO|[0m ACTION NUMBER:      5
[96mLANE_ENV_INFO|[0m STATE DIMENSION:     25
[96mLANE_ENV_INFO|[0m ROAD SCENARIO: highway (highway-v0)
[94mMODEL_RWTA_INFO|[0m RWTA Prob initialize
[94mMODEL_RWTA_INFO|[0m weight 3837
[94mMODEL_RWTA_INFO|[0m bias 69
[94mMODEL_RWTA_INFO|[0m load: /root/autodl-tmp/SVPG2023/LANE/training_runs/ours/highway_dense/models/ppo_gymip_rwtaspk_h8-8-40_none_rmsprop_0.000320_0.18_0.99800_4_0.1200_ro896_mb224_lam0.99_rs0.90_gc0.40_adaptive_roadhighway_tfdense_hrsc_success_ew1.10e50_te8_seed52_current.pt
[94mMODEL_RWTA_INFO|[0m RWTA Prob initialize
[94mMODEL_RWTA_INFO|[0m weight 3837
[94mMODEL_RWTA_INFO|[0m bias 69
[94mMODEL_RWTA_INFO|[0m load: /root/autodl-tmp/SVPG2023/LANE/training_runs/ours/highway_dense/models/ppo_gymip_rwtaspk_h8-8-40_none_rmsprop_0.000320_0.18_0.99800_4_0.1200_ro896_mb224_lam0.99_rs0.90_gc0.40_adaptive_roadhighway_tfdense_hrsc_success_ew1.10e50_te8_seed52_current.pt
[94mMODEL_RWTA_INFO|[0m RWTA Prob initialize
[94mMODEL_RWTA_INFO|[0m weight 3837
[94mMODEL_RWTA_INFO|[0m bias 69
[94mMODEL_RWTA_INFO|[0m load: /root/autodl-tmp/SVPG2023/LANE/training_runs/ours/highway_dense/models/ppo_gymip_rwtaspk_h8-8-40_none_rmsprop_0.000320_0.18_0.99800_4_0.1200_ro896_mb224_lam0.99_rs0.90_gc0.40_adaptive_roadhighway_tfdense_hrsc_success_ew1.10e50_te8_seed52_current.pt
[94mMODEL_RWTA_INFO|[0m RWTA Prob initialize
[94mMODEL_RWTA_INFO|[0m weight 3837
[94mMODEL_RWTA_INFO|[0m bias 69
[94mMODEL_RWTA_INFO|[0m load: /root/autodl-tmp/SVPG2023/LANE/training_runs/ours/highway_dense/models/ppo_gymip_rwtaspk_h8-8-40_none_rmsprop_0.000320_0.18_0.99800_4_0.1200_ro896_mb224_lam0.99_rs0.90_gc0.40_adaptive_roadhighway_tfdense_hrsc_success_ew1.10e50_te8_seed52_current.pt
[94mMODEL_RWTA_INFO|[0m RWTA Prob initialize
[94mMODEL_RWTA_INFO|[0m weight 3837
[94mMODEL_RWTA_INFO|[0m bias 69
[94mMODEL_RWTA_INFO|[0m load: /root/autodl-tmp/SVPG2023/LANE/training_runs/ours/highway_dense/models/ppo_gymip_rwtaspk_h8-8-40_none_rmsprop_0.000320_0.18_0.99800_4_0.1200_ro896_mb224_lam0.99_rs0.90_gc0.40_adaptive_roadhighway_tfdense_hrsc_success_ew1.10e50_te8_seed52_current.pt
[94mMODEL_RWTA_INFO|[0m RWTA Prob initialize
[94mMODEL_RWTA_INFO|[0m weight 3837
[94mMODEL_RWTA_INFO|[0m bias 69
[94mMODEL_RWTA_INFO|[0m load: /root/autodl-tmp/SVPG2023/LANE/training_runs/ours/highway_dense/models/ppo_gymip_rwtaspk_h8-8-40_none_rmsprop_0.000320_0.18_0.99800_4_0.1200_ro896_mb224_lam0.99_rs0.90_gc0.40_adaptive_roadhighway_tfdense_hrsc_success_ew1.10e50_te8_seed52_current.pt
[94mMODEL_RWTA_INFO|[0m RWTA Prob initialize
[94mMODEL_RWTA_INFO|[0m weight 3837
[94mMODEL_RWTA_INFO|[0m bias 69
[94mMODEL_RWTA_INFO|[0m load: /root/autodl-tmp/SVPG2023/LANE/training_runs/ours/highway_dense/models/ppo_gymip_rwtaspk_h8-8-40_none_rmsprop_0.000320_0.18_0.99800_4_0.1200_ro896_mb224_lam0.99_rs0.90_gc0.40_adaptive_roadhighway_tfdense_hrsc_success_ew1.10e50_te8_seed52_current.pt
[94mMODEL_RWTA_INFO|[0m RWTA Prob initialize
[94mMODEL_RWTA_INFO|[0m weight 3837
[94mMODEL_RWTA_INFO|[0m bias 69
[94mMODEL_RWTA_INFO|[0m load: /root/autodl-tmp/SVPG2023/LANE/training_runs/ours/highway_dense/models/ppo_gymip_rwtaspk_h8-8-40_none_rmsprop_0.000320_0.18_0.99800_4_0.1200_ro896_mb224_lam0.99_rs0.90_gc0.40_adaptive_roadhighway_tfdense_hrsc_success_ew1.10e50_te8_seed52_current.pt
[94mMODEL_RWTA_INFO|[0m RWTA Prob initialize
[94mMODEL_RWTA_INFO|[0m weight 3837
[94mMODEL_RWTA_INFO|[0m bias 69
[94mMODEL_RWTA_INFO|[0m load: /root/autodl-tmp/SVPG2023/LANE/training_runs/ours/highway_dense/models/ppo_gymip_rwtaspk_h8-8-40_none_rmsprop_0.000320_0.18_0.99800_4_0.1200_ro896_mb224_lam0.99_rs0.90_gc0.40_adaptive_roadhighway_tfdense_hrsc_success_ew1.10e50_te8_seed52_current.pt
[94mMODEL_RWTA_INFO|[0m RWTA Prob initialize
[94mMODEL_RWTA_INFO|[0m weight 3837
[94mMODEL_RWTA_INFO|[0m bias 69
[94mMODEL_RWTA_INFO|[0m load: /root/autodl-tmp/SVPG2023/LANE/training_runs/ours/highway_dense/models/ppo_gymip_rwtaspk_h8-8-40_none_rmsprop_0.000320_0.18_0.99800_4_0.1200_ro896_mb224_lam0.99_rs0.90_gc0.40_adaptive_roadhighway_tfdense_hrsc_success_ew1.10e50_te8_seed52_current.pt
[94mMODEL_RWTA_INFO|[0m RWTA Prob initialize
[94mMODEL_RWTA_INFO|[0m weight 3837
[94mMODEL_RWTA_INFO|[0m bias 69
[94mMODEL_RWTA_INFO|[0m load: /root/autodl-tmp/SVPG2023/LANE/training_runs/ours/highway_dense/models/ppo_gymip_rwtaspk_h8-8-40_none_rmsprop_0.000320_0.18_0.99800_4_0.1200_ro896_mb224_lam0.99_rs0.90_gc0.40_adaptive_roadhighway_tfdense_hrsc_success_ew1.10e50_te8_seed52_current.pt
[94mMODEL_RWTA_INFO|[0m RWTA Prob initialize
[94mMODEL_RWTA_INFO|[0m weight 3837
[94mMODEL_RWTA_INFO|[0m bias 69
[94mMODEL_RWTA_INFO|[0m load: /root/autodl-tmp/SVPG2023/LANE/training_runs/ours/highway_dense/models/ppo_gymip_rwtaspk_h8-8-40_none_rmsprop_0.000320_0.18_0.99800_4_0.1200_ro896_mb224_lam0.99_rs0.90_gc0.40_adaptive_roadhighway_tfdense_hrsc_success_ew1.10e50_te8_seed52_current.pt
[94mMODEL_RWTA_INFO|[0m RWTA Prob initialize
[94mMODEL_RWTA_INFO|[0m weight 3837
[94mMODEL_RWTA_INFO|[0m bias 69
[94mMODEL_RWTA_INFO|[0m load: /root/autodl-tmp/SVPG2023/LANE/training_runs/ours/highway_dense/models/ppo_gymip_rwtaspk_h8-8-40_none_rmsprop_0.000320_0.18_0.99800_4_0.1200_ro896_mb224_lam0.99_rs0.90_gc0.40_adaptive_roadhighway_tfdense_hrsc_success_ew1.10e50_te8_seed52_current.pt
[94mMODEL_RWTA_INFO|[0m RWTA Prob initialize
[94mMODEL_RWTA_INFO|[0m weight 3837
[94mMODEL_RWTA_INFO|[0m bias 69
[94mMODEL_RWTA_INFO|[0m load: /root/autodl-tmp/SVPG2023/LANE/training_runs/ours/highway_dense/models/ppo_gymip_rwtaspk_h8-8-40_none_rmsprop_0.000320_0.18_0.99800_4_0.1200_ro896_mb224_lam0.99_rs0.90_gc0.40_adaptive_roadhighway_tfdense_hrsc_success_ew1.10e50_te8_seed52_current.pt
[94mMODEL_RWTA_INFO|[0m RWTA Prob initialize
[94mMODEL_RWTA_INFO|[0m weight 3837
[94mMODEL_RWTA_INFO|[0m bias 69
[94mMODEL_RWTA_INFO|[0m load: /root/autodl-tmp/SVPG2023/LANE/training_runs/ours/highway_dense/models/ppo_gymip_rwtaspk_h8-8-40_none_rmsprop_0.000320_0.18_0.99800_4_0.1200_ro896_mb224_lam0.99_rs0.90_gc0.40_adaptive_roadhighway_tfdense_hrsc_success_ew1.10e50_te8_seed52_current.pt
[94mMODEL_RWTA_INFO|[0m RWTA Prob initialize
[94mMODEL_RWTA_INFO|[0m weight 3837
[94mMODEL_RWTA_INFO|[0m bias 69
[94mMODEL_RWTA_INFO|[0m load: /root/autodl-tmp/SVPG2023/LANE/training_runs/ours/highway_dense/models/ppo_gymip_rwtaspk_h8-8-40_none_rmsprop_0.000320_0.18_0.99800_4_0.1200_ro896_mb224_lam0.99_rs0.90_gc0.40_adaptive_roadhighway_tfdense_hrsc_success_ew1.10e50_te8_seed52_current.pt
[94mMODEL_RWTA_INFO|[0m RWTA Prob initialize
[94mMODEL_RWTA_INFO|[0m weight 3837
[94mMODEL_RWTA_INFO|[0m bias 69
[94mMODEL_RWTA_INFO|[0m load: /root/autodl-tmp/SVPG2023/LANE/training_runs/ours/highway_dense/models/ppo_gymip_rwtaspk_h8-8-40_none_rmsprop_0.000320_0.18_0.99800_4_0.1200_ro896_mb224_lam0.99_rs0.90_gc0.40_adaptive_roadhighway_tfdense_hrsc_success_ew1.10e50_te8_seed52_current.pt
[94mMODEL_RWTA_INFO|[0m RWTA Prob initialize
[94mMODEL_RWTA_INFO|[0m weight 3837
[94mMODEL_RWTA_INFO|[0m bias 69
[94mMODEL_RWTA_INFO|[0m load: /root/autodl-tmp/SVPG2023/LANE/training_runs/ours/highway_dense/models/ppo_gymip_rwtaspk_h8-8-40_none_rmsprop_0.000320_0.18_0.99800_4_0.1200_ro896_mb224_lam0.99_rs0.90_gc0.40_adaptive_roadhighway_tfdense_hrsc_success_ew1.10e50_te8_seed52_current.pt
[94mMODEL_RWTA_INFO|[0m RWTA Prob initialize
[94mMODEL_RWTA_INFO|[0m weight 3837
[94mMODEL_RWTA_INFO|[0m bias 69
[94mMODEL_RWTA_INFO|[0m load: /root/autodl-tmp/SVPG2023/LANE/training_runs/ours/highway_dense/models/ppo_gymip_rwtaspk_h8-8-40_none_rmsprop_0.000320_0.18_0.99800_4_0.1200_ro896_mb224_lam0.99_rs0.90_gc0.40_adaptive_roadhighway_tfdense_hrsc_success_ew1.10e50_te8_seed52_current.pt
[94mMODEL_RWTA_INFO|[0m RWTA Prob initialize
[94mMODEL_RWTA_INFO|[0m weight 3837
[94mMODEL_RWTA_INFO|[0m bias 69
[94mMODEL_RWTA_INFO|[0m load: /root/autodl-tmp/SVPG2023/LANE/training_runs/ours/highway_dense/models/ppo_gymip_rwtaspk_h8-8-40_none_rmsprop_0.000320_0.18_0.99800_4_0.1200_ro896_mb224_lam0.99_rs0.90_gc0.40_adaptive_roadhighway_tfdense_hrsc_success_ew1.10e50_te8_seed52_current.pt
weight_noise    0.100 | success  0.050 | collision  0.700 | timeout  0.250 | reward  67.199 | len  62.400 | speed 24.845 | progress  0.505

Saved robustness tables to: /root/autodl-tmp/SVPG2023/LANE/thesis_figures/robustness_paper_20260423_jobs/highway_dense_ours_weight_20ep
