[91mFINISH: model_mlp[0m
[91mFINISH: model_rwta[0m
Robustness evaluation start
Scenario: highway / standard
  - ours: /root/autodl-tmp/SVPG2023/LANE/training_runs/ours/highway_standard/models/ppo_gymip_rwtaspk_h8-8-40_none_rmsprop_0.000400_0.28_0.99800_4_0.1200_ro768_mb192_lam0.99_rs0.90_gc0.40_adaptive_roadhighway_tfstandard_seed37_best

======================================
Model: ours /root/autodl-tmp/SVPG2023/LANE/training_runs/ours/highway_standard/models/ppo_gymip_rwtaspk_h8-8-40_none_rmsprop_0.000400_0.28_0.99800_4_0.1200_ro768_mb192_lam0.99_rs0.90_gc0.40_adaptive_roadhighway_tfstandard_seed37_best

[Action Failure]

[Input Gaussian Noise]
[96mLANE_ENV_INFO|[0m ACTION NUMBER:      5
[96mLANE_ENV_INFO|[0m STATE DIMENSION:     25
[96mLANE_ENV_INFO|[0m ROAD SCENARIO: highway (highway-v0)
[94mMODEL_RWTA_INFO|[0m RWTA Prob initialize
[94mMODEL_RWTA_INFO|[0m weight 3837
[94mMODEL_RWTA_INFO|[0m bias 69
[94mMODEL_RWTA_INFO|[0m load: /root/autodl-tmp/SVPG2023/LANE/training_runs/ours/highway_standard/models/ppo_gymip_rwtaspk_h8-8-40_none_rmsprop_0.000400_0.28_0.99800_4_0.1200_ro768_mb192_lam0.99_rs0.90_gc0.40_adaptive_roadhighway_tfstandard_seed37_best.pt
[94mMODEL_RWTA_INFO|[0m RWTA Prob initialize
[94mMODEL_RWTA_INFO|[0m weight 3837
[94mMODEL_RWTA_INFO|[0m bias 69
[94mMODEL_RWTA_INFO|[0m load: /root/autodl-tmp/SVPG2023/LANE/training_runs/ours/highway_standard/models/ppo_gymip_rwtaspk_h8-8-40_none_rmsprop_0.000400_0.28_0.99800_4_0.1200_ro768_mb192_lam0.99_rs0.90_gc0.40_adaptive_roadhighway_tfstandard_seed37_best.pt
[94mMODEL_RWTA_INFO|[0m RWTA Prob initialize
[94mMODEL_RWTA_INFO|[0m weight 3837
[94mMODEL_RWTA_INFO|[0m bias 69
[94mMODEL_RWTA_INFO|[0m load: /root/autodl-tmp/SVPG2023/LANE/training_runs/ours/highway_standard/models/ppo_gymip_rwtaspk_h8-8-40_none_rmsprop_0.000400_0.28_0.99800_4_0.1200_ro768_mb192_lam0.99_rs0.90_gc0.40_adaptive_roadhighway_tfstandard_seed37_best.pt
[94mMODEL_RWTA_INFO|[0m RWTA Prob initialize
[94mMODEL_RWTA_INFO|[0m weight 3837
[94mMODEL_RWTA_INFO|[0m bias 69
[94mMODEL_RWTA_INFO|[0m load: /root/autodl-tmp/SVPG2023/LANE/training_runs/ours/highway_standard/models/ppo_gymip_rwtaspk_h8-8-40_none_rmsprop_0.000400_0.28_0.99800_4_0.1200_ro768_mb192_lam0.99_rs0.90_gc0.40_adaptive_roadhighway_tfstandard_seed37_best.pt
[94mMODEL_RWTA_INFO|[0m RWTA Prob initialize
[94mMODEL_RWTA_INFO|[0m weight 3837
[94mMODEL_RWTA_INFO|[0m bias 69
[94mMODEL_RWTA_INFO|[0m load: /root/autodl-tmp/SVPG2023/LANE/training_runs/ours/highway_standard/models/ppo_gymip_rwtaspk_h8-8-40_none_rmsprop_0.000400_0.28_0.99800_4_0.1200_ro768_mb192_lam0.99_rs0.90_gc0.40_adaptive_roadhighway_tfstandard_seed37_best.pt
[94mMODEL_RWTA_INFO|[0m RWTA Prob initialize
[94mMODEL_RWTA_INFO|[0m weight 3837
[94mMODEL_RWTA_INFO|[0m bias 69
[94mMODEL_RWTA_INFO|[0m load: /root/autodl-tmp/SVPG2023/LANE/training_runs/ours/highway_standard/models/ppo_gymip_rwtaspk_h8-8-40_none_rmsprop_0.000400_0.28_0.99800_4_0.1200_ro768_mb192_lam0.99_rs0.90_gc0.40_adaptive_roadhighway_tfstandard_seed37_best.pt
[94mMODEL_RWTA_INFO|[0m RWTA Prob initialize
[94mMODEL_RWTA_INFO|[0m weight 3837
[94mMODEL_RWTA_INFO|[0m bias 69
[94mMODEL_RWTA_INFO|[0m load: /root/autodl-tmp/SVPG2023/LANE/training_runs/ours/highway_standard/models/ppo_gymip_rwtaspk_h8-8-40_none_rmsprop_0.000400_0.28_0.99800_4_0.1200_ro768_mb192_lam0.99_rs0.90_gc0.40_adaptive_roadhighway_tfstandard_seed37_best.pt
[94mMODEL_RWTA_INFO|[0m RWTA Prob initialize
[94mMODEL_RWTA_INFO|[0m weight 3837
[94mMODEL_RWTA_INFO|[0m bias 69
[94mMODEL_RWTA_INFO|[0m load: /root/autodl-tmp/SVPG2023/LANE/training_runs/ours/highway_standard/models/ppo_gymip_rwtaspk_h8-8-40_none_rmsprop_0.000400_0.28_0.99800_4_0.1200_ro768_mb192_lam0.99_rs0.90_gc0.40_adaptive_roadhighway_tfstandard_seed37_best.pt
[94mMODEL_RWTA_INFO|[0m RWTA Prob initialize
[94mMODEL_RWTA_INFO|[0m weight 3837
[94mMODEL_RWTA_INFO|[0m bias 69
[94mMODEL_RWTA_INFO|[0m load: /root/autodl-tmp/SVPG2023/LANE/training_runs/ours/highway_standard/models/ppo_gymip_rwtaspk_h8-8-40_none_rmsprop_0.000400_0.28_0.99800_4_0.1200_ro768_mb192_lam0.99_rs0.90_gc0.40_adaptive_roadhighway_tfstandard_seed37_best.pt
[94mMODEL_RWTA_INFO|[0m RWTA Prob initialize
[94mMODEL_RWTA_INFO|[0m weight 3837
[94mMODEL_RWTA_INFO|[0m bias 69
[94mMODEL_RWTA_INFO|[0m load: /root/autodl-tmp/SVPG2023/LANE/training_runs/ours/highway_standard/models/ppo_gymip_rwtaspk_h8-8-40_none_rmsprop_0.000400_0.28_0.99800_4_0.1200_ro768_mb192_lam0.99_rs0.90_gc0.40_adaptive_roadhighway_tfstandard_seed37_best.pt
[94mMODEL_RWTA_INFO|[0m RWTA Prob initialize
[94mMODEL_RWTA_INFO|[0m weight 3837
[94mMODEL_RWTA_INFO|[0m bias 69
[94mMODEL_RWTA_INFO|[0m load: /root/autodl-tmp/SVPG2023/LANE/training_runs/ours/highway_standard/models/ppo_gymip_rwtaspk_h8-8-40_none_rmsprop_0.000400_0.28_0.99800_4_0.1200_ro768_mb192_lam0.99_rs0.90_gc0.40_adaptive_roadhighway_tfstandard_seed37_best.pt
[94mMODEL_RWTA_INFO|[0m RWTA Prob initialize
[94mMODEL_RWTA_INFO|[0m weight 3837
[94mMODEL_RWTA_INFO|[0m bias 69
[94mMODEL_RWTA_INFO|[0m load: /root/autodl-tmp/SVPG2023/LANE/training_runs/ours/highway_standard/models/ppo_gymip_rwtaspk_h8-8-40_none_rmsprop_0.000400_0.28_0.99800_4_0.1200_ro768_mb192_lam0.99_rs0.90_gc0.40_adaptive_roadhighway_tfstandard_seed37_best.pt
[94mMODEL_RWTA_INFO|[0m RWTA Prob initialize
[94mMODEL_RWTA_INFO|[0m weight 3837
[94mMODEL_RWTA_INFO|[0m bias 69
[94mMODEL_RWTA_INFO|[0m load: /root/autodl-tmp/SVPG2023/LANE/training_runs/ours/highway_standard/models/ppo_gymip_rwtaspk_h8-8-40_none_rmsprop_0.000400_0.28_0.99800_4_0.1200_ro768_mb192_lam0.99_rs0.90_gc0.40_adaptive_roadhighway_tfstandard_seed37_best.pt
[94mMODEL_RWTA_INFO|[0m RWTA Prob initialize
[94mMODEL_RWTA_INFO|[0m weight 3837
[94mMODEL_RWTA_INFO|[0m bias 69
[94mMODEL_RWTA_INFO|[0m load: /root/autodl-tmp/SVPG2023/LANE/training_runs/ours/highway_standard/models/ppo_gymip_rwtaspk_h8-8-40_none_rmsprop_0.000400_0.28_0.99800_4_0.1200_ro768_mb192_lam0.99_rs0.90_gc0.40_adaptive_roadhighway_tfstandard_seed37_best.pt
[94mMODEL_RWTA_INFO|[0m RWTA Prob initialize
[94mMODEL_RWTA_INFO|[0m weight 3837
[94mMODEL_RWTA_INFO|[0m bias 69
[94mMODEL_RWTA_INFO|[0m load: /root/autodl-tmp/SVPG2023/LANE/training_runs/ours/highway_standard/models/ppo_gymip_rwtaspk_h8-8-40_none_rmsprop_0.000400_0.28_0.99800_4_0.1200_ro768_mb192_lam0.99_rs0.90_gc0.40_adaptive_roadhighway_tfstandard_seed37_best.pt
[94mMODEL_RWTA_INFO|[0m RWTA Prob initialize
[94mMODEL_RWTA_INFO|[0m weight 3837
[94mMODEL_RWTA_INFO|[0m bias 69
[94mMODEL_RWTA_INFO|[0m load: /root/autodl-tmp/SVPG2023/LANE/training_runs/ours/highway_standard/models/ppo_gymip_rwtaspk_h8-8-40_none_rmsprop_0.000400_0.28_0.99800_4_0.1200_ro768_mb192_lam0.99_rs0.90_gc0.40_adaptive_roadhighway_tfstandard_seed37_best.pt
[94mMODEL_RWTA_INFO|[0m RWTA Prob initialize
[94mMODEL_RWTA_INFO|[0m weight 3837
[94mMODEL_RWTA_INFO|[0m bias 69
[94mMODEL_RWTA_INFO|[0m load: /root/autodl-tmp/SVPG2023/LANE/training_runs/ours/highway_standard/models/ppo_gymip_rwtaspk_h8-8-40_none_rmsprop_0.000400_0.28_0.99800_4_0.1200_ro768_mb192_lam0.99_rs0.90_gc0.40_adaptive_roadhighway_tfstandard_seed37_best.pt
[94mMODEL_RWTA_INFO|[0m RWTA Prob initialize
[94mMODEL_RWTA_INFO|[0m weight 3837
[94mMODEL_RWTA_INFO|[0m bias 69
[94mMODEL_RWTA_INFO|[0m load: /root/autodl-tmp/SVPG2023/LANE/training_runs/ours/highway_standard/models/ppo_gymip_rwtaspk_h8-8-40_none_rmsprop_0.000400_0.28_0.99800_4_0.1200_ro768_mb192_lam0.99_rs0.90_gc0.40_adaptive_roadhighway_tfstandard_seed37_best.pt
[94mMODEL_RWTA_INFO|[0m RWTA Prob initialize
[94mMODEL_RWTA_INFO|[0m weight 3837
[94mMODEL_RWTA_INFO|[0m bias 69
[94mMODEL_RWTA_INFO|[0m load: /root/autodl-tmp/SVPG2023/LANE/training_runs/ours/highway_standard/models/ppo_gymip_rwtaspk_h8-8-40_none_rmsprop_0.000400_0.28_0.99800_4_0.1200_ro768_mb192_lam0.99_rs0.90_gc0.40_adaptive_roadhighway_tfstandard_seed37_best.pt
[94mMODEL_RWTA_INFO|[0m RWTA Prob initialize
[94mMODEL_RWTA_INFO|[0m weight 3837
[94mMODEL_RWTA_INFO|[0m bias 69
[94mMODEL_RWTA_INFO|[0m load: /root/autodl-tmp/SVPG2023/LANE/training_runs/ours/highway_standard/models/ppo_gymip_rwtaspk_h8-8-40_none_rmsprop_0.000400_0.28_0.99800_4_0.1200_ro768_mb192_lam0.99_rs0.90_gc0.40_adaptive_roadhighway_tfstandard_seed37_best.pt
input_noise     0.000 | success  0.650 | collision  0.350 | timeout  0.000 | reward 505.905 | len  99.400 | speed 29.174 | progress  0.828
[96mLANE_ENV_INFO|[0m ACTION NUMBER:      5
[96mLANE_ENV_INFO|[0m STATE DIMENSION:     25
[96mLANE_ENV_INFO|[0m ROAD SCENARIO: highway (highway-v0)
[94mMODEL_RWTA_INFO|[0m RWTA Prob initialize
[94mMODEL_RWTA_INFO|[0m weight 3837
[94mMODEL_RWTA_INFO|[0m bias 69
[94mMODEL_RWTA_INFO|[0m load: /root/autodl-tmp/SVPG2023/LANE/training_runs/ours/highway_standard/models/ppo_gymip_rwtaspk_h8-8-40_none_rmsprop_0.000400_0.28_0.99800_4_0.1200_ro768_mb192_lam0.99_rs0.90_gc0.40_adaptive_roadhighway_tfstandard_seed37_best.pt
[94mMODEL_RWTA_INFO|[0m RWTA Prob initialize
[94mMODEL_RWTA_INFO|[0m weight 3837
[94mMODEL_RWTA_INFO|[0m bias 69
[94mMODEL_RWTA_INFO|[0m load: /root/autodl-tmp/SVPG2023/LANE/training_runs/ours/highway_standard/models/ppo_gymip_rwtaspk_h8-8-40_none_rmsprop_0.000400_0.28_0.99800_4_0.1200_ro768_mb192_lam0.99_rs0.90_gc0.40_adaptive_roadhighway_tfstandard_seed37_best.pt
[94mMODEL_RWTA_INFO|[0m RWTA Prob initialize
[94mMODEL_RWTA_INFO|[0m weight 3837
[94mMODEL_RWTA_INFO|[0m bias 69
[94mMODEL_RWTA_INFO|[0m load: /root/autodl-tmp/SVPG2023/LANE/training_runs/ours/highway_standard/models/ppo_gymip_rwtaspk_h8-8-40_none_rmsprop_0.000400_0.28_0.99800_4_0.1200_ro768_mb192_lam0.99_rs0.90_gc0.40_adaptive_roadhighway_tfstandard_seed37_best.pt
[94mMODEL_RWTA_INFO|[0m RWTA Prob initialize
[94mMODEL_RWTA_INFO|[0m weight 3837
[94mMODEL_RWTA_INFO|[0m bias 69
[94mMODEL_RWTA_INFO|[0m load: /root/autodl-tmp/SVPG2023/LANE/training_runs/ours/highway_standard/models/ppo_gymip_rwtaspk_h8-8-40_none_rmsprop_0.000400_0.28_0.99800_4_0.1200_ro768_mb192_lam0.99_rs0.90_gc0.40_adaptive_roadhighway_tfstandard_seed37_best.pt
[94mMODEL_RWTA_INFO|[0m RWTA Prob initialize
[94mMODEL_RWTA_INFO|[0m weight 3837
[94mMODEL_RWTA_INFO|[0m bias 69
[94mMODEL_RWTA_INFO|[0m load: /root/autodl-tmp/SVPG2023/LANE/training_runs/ours/highway_standard/models/ppo_gymip_rwtaspk_h8-8-40_none_rmsprop_0.000400_0.28_0.99800_4_0.1200_ro768_mb192_lam0.99_rs0.90_gc0.40_adaptive_roadhighway_tfstandard_seed37_best.pt
[94mMODEL_RWTA_INFO|[0m RWTA Prob initialize
[94mMODEL_RWTA_INFO|[0m weight 3837
[94mMODEL_RWTA_INFO|[0m bias 69
[94mMODEL_RWTA_INFO|[0m load: /root/autodl-tmp/SVPG2023/LANE/training_runs/ours/highway_standard/models/ppo_gymip_rwtaspk_h8-8-40_none_rmsprop_0.000400_0.28_0.99800_4_0.1200_ro768_mb192_lam0.99_rs0.90_gc0.40_adaptive_roadhighway_tfstandard_seed37_best.pt
[94mMODEL_RWTA_INFO|[0m RWTA Prob initialize
[94mMODEL_RWTA_INFO|[0m weight 3837
[94mMODEL_RWTA_INFO|[0m bias 69
[94mMODEL_RWTA_INFO|[0m load: /root/autodl-tmp/SVPG2023/LANE/training_runs/ours/highway_standard/models/ppo_gymip_rwtaspk_h8-8-40_none_rmsprop_0.000400_0.28_0.99800_4_0.1200_ro768_mb192_lam0.99_rs0.90_gc0.40_adaptive_roadhighway_tfstandard_seed37_best.pt
[94mMODEL_RWTA_INFO|[0m RWTA Prob initialize
[94mMODEL_RWTA_INFO|[0m weight 3837
[94mMODEL_RWTA_INFO|[0m bias 69
[94mMODEL_RWTA_INFO|[0m load: /root/autodl-tmp/SVPG2023/LANE/training_runs/ours/highway_standard/models/ppo_gymip_rwtaspk_h8-8-40_none_rmsprop_0.000400_0.28_0.99800_4_0.1200_ro768_mb192_lam0.99_rs0.90_gc0.40_adaptive_roadhighway_tfstandard_seed37_best.pt
[94mMODEL_RWTA_INFO|[0m RWTA Prob initialize
[94mMODEL_RWTA_INFO|[0m weight 3837
[94mMODEL_RWTA_INFO|[0m bias 69
[94mMODEL_RWTA_INFO|[0m load: /root/autodl-tmp/SVPG2023/LANE/training_runs/ours/highway_standard/models/ppo_gymip_rwtaspk_h8-8-40_none_rmsprop_0.000400_0.28_0.99800_4_0.1200_ro768_mb192_lam0.99_rs0.90_gc0.40_adaptive_roadhighway_tfstandard_seed37_best.pt
[94mMODEL_RWTA_INFO|[0m RWTA Prob initialize
[94mMODEL_RWTA_INFO|[0m weight 3837
[94mMODEL_RWTA_INFO|[0m bias 69
[94mMODEL_RWTA_INFO|[0m load: /root/autodl-tmp/SVPG2023/LANE/training_runs/ours/highway_standard/models/ppo_gymip_rwtaspk_h8-8-40_none_rmsprop_0.000400_0.28_0.99800_4_0.1200_ro768_mb192_lam0.99_rs0.90_gc0.40_adaptive_roadhighway_tfstandard_seed37_best.pt
[94mMODEL_RWTA_INFO|[0m RWTA Prob initialize
[94mMODEL_RWTA_INFO|[0m weight 3837
[94mMODEL_RWTA_INFO|[0m bias 69
[94mMODEL_RWTA_INFO|[0m load: /root/autodl-tmp/SVPG2023/LANE/training_runs/ours/highway_standard/models/ppo_gymip_rwtaspk_h8-8-40_none_rmsprop_0.000400_0.28_0.99800_4_0.1200_ro768_mb192_lam0.99_rs0.90_gc0.40_adaptive_roadhighway_tfstandard_seed37_best.pt
[94mMODEL_RWTA_INFO|[0m RWTA Prob initialize
[94mMODEL_RWTA_INFO|[0m weight 3837
[94mMODEL_RWTA_INFO|[0m bias 69
[94mMODEL_RWTA_INFO|[0m load: /root/autodl-tmp/SVPG2023/LANE/training_runs/ours/highway_standard/models/ppo_gymip_rwtaspk_h8-8-40_none_rmsprop_0.000400_0.28_0.99800_4_0.1200_ro768_mb192_lam0.99_rs0.90_gc0.40_adaptive_roadhighway_tfstandard_seed37_best.pt
[94mMODEL_RWTA_INFO|[0m RWTA Prob initialize
[94mMODEL_RWTA_INFO|[0m weight 3837
[94mMODEL_RWTA_INFO|[0m bias 69
[94mMODEL_RWTA_INFO|[0m load: /root/autodl-tmp/SVPG2023/LANE/training_runs/ours/highway_standard/models/ppo_gymip_rwtaspk_h8-8-40_none_rmsprop_0.000400_0.28_0.99800_4_0.1200_ro768_mb192_lam0.99_rs0.90_gc0.40_adaptive_roadhighway_tfstandard_seed37_best.pt
[94mMODEL_RWTA_INFO|[0m RWTA Prob initialize
[94mMODEL_RWTA_INFO|[0m weight 3837
[94mMODEL_RWTA_INFO|[0m bias 69
[94mMODEL_RWTA_INFO|[0m load: /root/autodl-tmp/SVPG2023/LANE/training_runs/ours/highway_standard/models/ppo_gymip_rwtaspk_h8-8-40_none_rmsprop_0.000400_0.28_0.99800_4_0.1200_ro768_mb192_lam0.99_rs0.90_gc0.40_adaptive_roadhighway_tfstandard_seed37_best.pt
[94mMODEL_RWTA_INFO|[0m RWTA Prob initialize
[94mMODEL_RWTA_INFO|[0m weight 3837
[94mMODEL_RWTA_INFO|[0m bias 69
[94mMODEL_RWTA_INFO|[0m load: /root/autodl-tmp/SVPG2023/LANE/training_runs/ours/highway_standard/models/ppo_gymip_rwtaspk_h8-8-40_none_rmsprop_0.000400_0.28_0.99800_4_0.1200_ro768_mb192_lam0.99_rs0.90_gc0.40_adaptive_roadhighway_tfstandard_seed37_best.pt
[94mMODEL_RWTA_INFO|[0m RWTA Prob initialize
[94mMODEL_RWTA_INFO|[0m weight 3837
[94mMODEL_RWTA_INFO|[0m bias 69
[94mMODEL_RWTA_INFO|[0m load: /root/autodl-tmp/SVPG2023/LANE/training_runs/ours/highway_standard/models/ppo_gymip_rwtaspk_h8-8-40_none_rmsprop_0.000400_0.28_0.99800_4_0.1200_ro768_mb192_lam0.99_rs0.90_gc0.40_adaptive_roadhighway_tfstandard_seed37_best.pt
[94mMODEL_RWTA_INFO|[0m RWTA Prob initialize
[94mMODEL_RWTA_INFO|[0m weight 3837
[94mMODEL_RWTA_INFO|[0m bias 69
[94mMODEL_RWTA_INFO|[0m load: /root/autodl-tmp/SVPG2023/LANE/training_runs/ours/highway_standard/models/ppo_gymip_rwtaspk_h8-8-40_none_rmsprop_0.000400_0.28_0.99800_4_0.1200_ro768_mb192_lam0.99_rs0.90_gc0.40_adaptive_roadhighway_tfstandard_seed37_best.pt
[94mMODEL_RWTA_INFO|[0m RWTA Prob initialize
[94mMODEL_RWTA_INFO|[0m weight 3837
[94mMODEL_RWTA_INFO|[0m bias 69
[94mMODEL_RWTA_INFO|[0m load: /root/autodl-tmp/SVPG2023/LANE/training_runs/ours/highway_standard/models/ppo_gymip_rwtaspk_h8-8-40_none_rmsprop_0.000400_0.28_0.99800_4_0.1200_ro768_mb192_lam0.99_rs0.90_gc0.40_adaptive_roadhighway_tfstandard_seed37_best.pt
[94mMODEL_RWTA_INFO|[0m RWTA Prob initialize
[94mMODEL_RWTA_INFO|[0m weight 3837
[94mMODEL_RWTA_INFO|[0m bias 69
[94mMODEL_RWTA_INFO|[0m load: /root/autodl-tmp/SVPG2023/LANE/training_runs/ours/highway_standard/models/ppo_gymip_rwtaspk_h8-8-40_none_rmsprop_0.000400_0.28_0.99800_4_0.1200_ro768_mb192_lam0.99_rs0.90_gc0.40_adaptive_roadhighway_tfstandard_seed37_best.pt
[94mMODEL_RWTA_INFO|[0m RWTA Prob initialize
[94mMODEL_RWTA_INFO|[0m weight 3837
[94mMODEL_RWTA_INFO|[0m bias 69
[94mMODEL_RWTA_INFO|[0m load: /root/autodl-tmp/SVPG2023/LANE/training_runs/ours/highway_standard/models/ppo_gymip_rwtaspk_h8-8-40_none_rmsprop_0.000400_0.28_0.99800_4_0.1200_ro768_mb192_lam0.99_rs0.90_gc0.40_adaptive_roadhighway_tfstandard_seed37_best.pt
input_noise     0.050 | success  0.650 | collision  0.350 | timeout  0.000 | reward 505.905 | len  99.400 | speed 29.174 | progress  0.828
[96mLANE_ENV_INFO|[0m ACTION NUMBER:      5
[96mLANE_ENV_INFO|[0m STATE DIMENSION:     25
[96mLANE_ENV_INFO|[0m ROAD SCENARIO: highway (highway-v0)
[94mMODEL_RWTA_INFO|[0m RWTA Prob initialize
[94mMODEL_RWTA_INFO|[0m weight 3837
[94mMODEL_RWTA_INFO|[0m bias 69
[94mMODEL_RWTA_INFO|[0m load: /root/autodl-tmp/SVPG2023/LANE/training_runs/ours/highway_standard/models/ppo_gymip_rwtaspk_h8-8-40_none_rmsprop_0.000400_0.28_0.99800_4_0.1200_ro768_mb192_lam0.99_rs0.90_gc0.40_adaptive_roadhighway_tfstandard_seed37_best.pt
[94mMODEL_RWTA_INFO|[0m RWTA Prob initialize
[94mMODEL_RWTA_INFO|[0m weight 3837
[94mMODEL_RWTA_INFO|[0m bias 69
[94mMODEL_RWTA_INFO|[0m load: /root/autodl-tmp/SVPG2023/LANE/training_runs/ours/highway_standard/models/ppo_gymip_rwtaspk_h8-8-40_none_rmsprop_0.000400_0.28_0.99800_4_0.1200_ro768_mb192_lam0.99_rs0.90_gc0.40_adaptive_roadhighway_tfstandard_seed37_best.pt
[94mMODEL_RWTA_INFO|[0m RWTA Prob initialize
[94mMODEL_RWTA_INFO|[0m weight 3837
[94mMODEL_RWTA_INFO|[0m bias 69
[94mMODEL_RWTA_INFO|[0m load: /root/autodl-tmp/SVPG2023/LANE/training_runs/ours/highway_standard/models/ppo_gymip_rwtaspk_h8-8-40_none_rmsprop_0.000400_0.28_0.99800_4_0.1200_ro768_mb192_lam0.99_rs0.90_gc0.40_adaptive_roadhighway_tfstandard_seed37_best.pt
[94mMODEL_RWTA_INFO|[0m RWTA Prob initialize
[94mMODEL_RWTA_INFO|[0m weight 3837
[94mMODEL_RWTA_INFO|[0m bias 69
[94mMODEL_RWTA_INFO|[0m load: /root/autodl-tmp/SVPG2023/LANE/training_runs/ours/highway_standard/models/ppo_gymip_rwtaspk_h8-8-40_none_rmsprop_0.000400_0.28_0.99800_4_0.1200_ro768_mb192_lam0.99_rs0.90_gc0.40_adaptive_roadhighway_tfstandard_seed37_best.pt
[94mMODEL_RWTA_INFO|[0m RWTA Prob initialize
[94mMODEL_RWTA_INFO|[0m weight 3837
[94mMODEL_RWTA_INFO|[0m bias 69
[94mMODEL_RWTA_INFO|[0m load: /root/autodl-tmp/SVPG2023/LANE/training_runs/ours/highway_standard/models/ppo_gymip_rwtaspk_h8-8-40_none_rmsprop_0.000400_0.28_0.99800_4_0.1200_ro768_mb192_lam0.99_rs0.90_gc0.40_adaptive_roadhighway_tfstandard_seed37_best.pt
[94mMODEL_RWTA_INFO|[0m RWTA Prob initialize
[94mMODEL_RWTA_INFO|[0m weight 3837
[94mMODEL_RWTA_INFO|[0m bias 69
[94mMODEL_RWTA_INFO|[0m load: /root/autodl-tmp/SVPG2023/LANE/training_runs/ours/highway_standard/models/ppo_gymip_rwtaspk_h8-8-40_none_rmsprop_0.000400_0.28_0.99800_4_0.1200_ro768_mb192_lam0.99_rs0.90_gc0.40_adaptive_roadhighway_tfstandard_seed37_best.pt
[94mMODEL_RWTA_INFO|[0m RWTA Prob initialize
[94mMODEL_RWTA_INFO|[0m weight 3837
[94mMODEL_RWTA_INFO|[0m bias 69
[94mMODEL_RWTA_INFO|[0m load: /root/autodl-tmp/SVPG2023/LANE/training_runs/ours/highway_standard/models/ppo_gymip_rwtaspk_h8-8-40_none_rmsprop_0.000400_0.28_0.99800_4_0.1200_ro768_mb192_lam0.99_rs0.90_gc0.40_adaptive_roadhighway_tfstandard_seed37_best.pt
[94mMODEL_RWTA_INFO|[0m RWTA Prob initialize
[94mMODEL_RWTA_INFO|[0m weight 3837
[94mMODEL_RWTA_INFO|[0m bias 69
[94mMODEL_RWTA_INFO|[0m load: /root/autodl-tmp/SVPG2023/LANE/training_runs/ours/highway_standard/models/ppo_gymip_rwtaspk_h8-8-40_none_rmsprop_0.000400_0.28_0.99800_4_0.1200_ro768_mb192_lam0.99_rs0.90_gc0.40_adaptive_roadhighway_tfstandard_seed37_best.pt
[94mMODEL_RWTA_INFO|[0m RWTA Prob initialize
[94mMODEL_RWTA_INFO|[0m weight 3837
[94mMODEL_RWTA_INFO|[0m bias 69
[94mMODEL_RWTA_INFO|[0m load: /root/autodl-tmp/SVPG2023/LANE/training_runs/ours/highway_standard/models/ppo_gymip_rwtaspk_h8-8-40_none_rmsprop_0.000400_0.28_0.99800_4_0.1200_ro768_mb192_lam0.99_rs0.90_gc0.40_adaptive_roadhighway_tfstandard_seed37_best.pt
[94mMODEL_RWTA_INFO|[0m RWTA Prob initialize
[94mMODEL_RWTA_INFO|[0m weight 3837
[94mMODEL_RWTA_INFO|[0m bias 69
[94mMODEL_RWTA_INFO|[0m load: /root/autodl-tmp/SVPG2023/LANE/training_runs/ours/highway_standard/models/ppo_gymip_rwtaspk_h8-8-40_none_rmsprop_0.000400_0.28_0.99800_4_0.1200_ro768_mb192_lam0.99_rs0.90_gc0.40_adaptive_roadhighway_tfstandard_seed37_best.pt
[94mMODEL_RWTA_INFO|[0m RWTA Prob initialize
[94mMODEL_RWTA_INFO|[0m weight 3837
[94mMODEL_RWTA_INFO|[0m bias 69
[94mMODEL_RWTA_INFO|[0m load: /root/autodl-tmp/SVPG2023/LANE/training_runs/ours/highway_standard/models/ppo_gymip_rwtaspk_h8-8-40_none_rmsprop_0.000400_0.28_0.99800_4_0.1200_ro768_mb192_lam0.99_rs0.90_gc0.40_adaptive_roadhighway_tfstandard_seed37_best.pt
[94mMODEL_RWTA_INFO|[0m RWTA Prob initialize
[94mMODEL_RWTA_INFO|[0m weight 3837
[94mMODEL_RWTA_INFO|[0m bias 69
[94mMODEL_RWTA_INFO|[0m load: /root/autodl-tmp/SVPG2023/LANE/training_runs/ours/highway_standard/models/ppo_gymip_rwtaspk_h8-8-40_none_rmsprop_0.000400_0.28_0.99800_4_0.1200_ro768_mb192_lam0.99_rs0.90_gc0.40_adaptive_roadhighway_tfstandard_seed37_best.pt
[94mMODEL_RWTA_INFO|[0m RWTA Prob initialize
[94mMODEL_RWTA_INFO|[0m weight 3837
[94mMODEL_RWTA_INFO|[0m bias 69
[94mMODEL_RWTA_INFO|[0m load: /root/autodl-tmp/SVPG2023/LANE/training_runs/ours/highway_standard/models/ppo_gymip_rwtaspk_h8-8-40_none_rmsprop_0.000400_0.28_0.99800_4_0.1200_ro768_mb192_lam0.99_rs0.90_gc0.40_adaptive_roadhighway_tfstandard_seed37_best.pt
[94mMODEL_RWTA_INFO|[0m RWTA Prob initialize
[94mMODEL_RWTA_INFO|[0m weight 3837
[94mMODEL_RWTA_INFO|[0m bias 69
[94mMODEL_RWTA_INFO|[0m load: /root/autodl-tmp/SVPG2023/LANE/training_runs/ours/highway_standard/models/ppo_gymip_rwtaspk_h8-8-40_none_rmsprop_0.000400_0.28_0.99800_4_0.1200_ro768_mb192_lam0.99_rs0.90_gc0.40_adaptive_roadhighway_tfstandard_seed37_best.pt
[94mMODEL_RWTA_INFO|[0m RWTA Prob initialize
[94mMODEL_RWTA_INFO|[0m weight 3837
[94mMODEL_RWTA_INFO|[0m bias 69
[94mMODEL_RWTA_INFO|[0m load: /root/autodl-tmp/SVPG2023/LANE/training_runs/ours/highway_standard/models/ppo_gymip_rwtaspk_h8-8-40_none_rmsprop_0.000400_0.28_0.99800_4_0.1200_ro768_mb192_lam0.99_rs0.90_gc0.40_adaptive_roadhighway_tfstandard_seed37_best.pt
[94mMODEL_RWTA_INFO|[0m RWTA Prob initialize
[94mMODEL_RWTA_INFO|[0m weight 3837
[94mMODEL_RWTA_INFO|[0m bias 69
[94mMODEL_RWTA_INFO|[0m load: /root/autodl-tmp/SVPG2023/LANE/training_runs/ours/highway_standard/models/ppo_gymip_rwtaspk_h8-8-40_none_rmsprop_0.000400_0.28_0.99800_4_0.1200_ro768_mb192_lam0.99_rs0.90_gc0.40_adaptive_roadhighway_tfstandard_seed37_best.pt
[94mMODEL_RWTA_INFO|[0m RWTA Prob initialize
[94mMODEL_RWTA_INFO|[0m weight 3837
[94mMODEL_RWTA_INFO|[0m bias 69
[94mMODEL_RWTA_INFO|[0m load: /root/autodl-tmp/SVPG2023/LANE/training_runs/ours/highway_standard/models/ppo_gymip_rwtaspk_h8-8-40_none_rmsprop_0.000400_0.28_0.99800_4_0.1200_ro768_mb192_lam0.99_rs0.90_gc0.40_adaptive_roadhighway_tfstandard_seed37_best.pt
[94mMODEL_RWTA_INFO|[0m RWTA Prob initialize
[94mMODEL_RWTA_INFO|[0m weight 3837
[94mMODEL_RWTA_INFO|[0m bias 69
[94mMODEL_RWTA_INFO|[0m load: /root/autodl-tmp/SVPG2023/LANE/training_runs/ours/highway_standard/models/ppo_gymip_rwtaspk_h8-8-40_none_rmsprop_0.000400_0.28_0.99800_4_0.1200_ro768_mb192_lam0.99_rs0.90_gc0.40_adaptive_roadhighway_tfstandard_seed37_best.pt
[94mMODEL_RWTA_INFO|[0m RWTA Prob initialize
[94mMODEL_RWTA_INFO|[0m weight 3837
[94mMODEL_RWTA_INFO|[0m bias 69
[94mMODEL_RWTA_INFO|[0m load: /root/autodl-tmp/SVPG2023/LANE/training_runs/ours/highway_standard/models/ppo_gymip_rwtaspk_h8-8-40_none_rmsprop_0.000400_0.28_0.99800_4_0.1200_ro768_mb192_lam0.99_rs0.90_gc0.40_adaptive_roadhighway_tfstandard_seed37_best.pt
[94mMODEL_RWTA_INFO|[0m RWTA Prob initialize
[94mMODEL_RWTA_INFO|[0m weight 3837
[94mMODEL_RWTA_INFO|[0m bias 69
[94mMODEL_RWTA_INFO|[0m load: /root/autodl-tmp/SVPG2023/LANE/training_runs/ours/highway_standard/models/ppo_gymip_rwtaspk_h8-8-40_none_rmsprop_0.000400_0.28_0.99800_4_0.1200_ro768_mb192_lam0.99_rs0.90_gc0.40_adaptive_roadhighway_tfstandard_seed37_best.pt
input_noise     0.100 | success  0.650 | collision  0.350 | timeout  0.000 | reward 505.905 | len  99.400 | speed 29.174 | progress  0.828
[96mLANE_ENV_INFO|[0m ACTION NUMBER:      5
[96mLANE_ENV_INFO|[0m STATE DIMENSION:     25
[96mLANE_ENV_INFO|[0m ROAD SCENARIO: highway (highway-v0)
[94mMODEL_RWTA_INFO|[0m RWTA Prob initialize
[94mMODEL_RWTA_INFO|[0m weight 3837
[94mMODEL_RWTA_INFO|[0m bias 69
[94mMODEL_RWTA_INFO|[0m load: /root/autodl-tmp/SVPG2023/LANE/training_runs/ours/highway_standard/models/ppo_gymip_rwtaspk_h8-8-40_none_rmsprop_0.000400_0.28_0.99800_4_0.1200_ro768_mb192_lam0.99_rs0.90_gc0.40_adaptive_roadhighway_tfstandard_seed37_best.pt
[94mMODEL_RWTA_INFO|[0m RWTA Prob initialize
[94mMODEL_RWTA_INFO|[0m weight 3837
[94mMODEL_RWTA_INFO|[0m bias 69
[94mMODEL_RWTA_INFO|[0m load: /root/autodl-tmp/SVPG2023/LANE/training_runs/ours/highway_standard/models/ppo_gymip_rwtaspk_h8-8-40_none_rmsprop_0.000400_0.28_0.99800_4_0.1200_ro768_mb192_lam0.99_rs0.90_gc0.40_adaptive_roadhighway_tfstandard_seed37_best.pt
[94mMODEL_RWTA_INFO|[0m RWTA Prob initialize
[94mMODEL_RWTA_INFO|[0m weight 3837
[94mMODEL_RWTA_INFO|[0m bias 69
[94mMODEL_RWTA_INFO|[0m load: /root/autodl-tmp/SVPG2023/LANE/training_runs/ours/highway_standard/models/ppo_gymip_rwtaspk_h8-8-40_none_rmsprop_0.000400_0.28_0.99800_4_0.1200_ro768_mb192_lam0.99_rs0.90_gc0.40_adaptive_roadhighway_tfstandard_seed37_best.pt
[94mMODEL_RWTA_INFO|[0m RWTA Prob initialize
[94mMODEL_RWTA_INFO|[0m weight 3837
[94mMODEL_RWTA_INFO|[0m bias 69
[94mMODEL_RWTA_INFO|[0m load: /root/autodl-tmp/SVPG2023/LANE/training_runs/ours/highway_standard/models/ppo_gymip_rwtaspk_h8-8-40_none_rmsprop_0.000400_0.28_0.99800_4_0.1200_ro768_mb192_lam0.99_rs0.90_gc0.40_adaptive_roadhighway_tfstandard_seed37_best.pt
[94mMODEL_RWTA_INFO|[0m RWTA Prob initialize
[94mMODEL_RWTA_INFO|[0m weight 3837
[94mMODEL_RWTA_INFO|[0m bias 69
[94mMODEL_RWTA_INFO|[0m load: /root/autodl-tmp/SVPG2023/LANE/training_runs/ours/highway_standard/models/ppo_gymip_rwtaspk_h8-8-40_none_rmsprop_0.000400_0.28_0.99800_4_0.1200_ro768_mb192_lam0.99_rs0.90_gc0.40_adaptive_roadhighway_tfstandard_seed37_best.pt
[94mMODEL_RWTA_INFO|[0m RWTA Prob initialize
[94mMODEL_RWTA_INFO|[0m weight 3837
[94mMODEL_RWTA_INFO|[0m bias 69
[94mMODEL_RWTA_INFO|[0m load: /root/autodl-tmp/SVPG2023/LANE/training_runs/ours/highway_standard/models/ppo_gymip_rwtaspk_h8-8-40_none_rmsprop_0.000400_0.28_0.99800_4_0.1200_ro768_mb192_lam0.99_rs0.90_gc0.40_adaptive_roadhighway_tfstandard_seed37_best.pt
[94mMODEL_RWTA_INFO|[0m RWTA Prob initialize
[94mMODEL_RWTA_INFO|[0m weight 3837
[94mMODEL_RWTA_INFO|[0m bias 69
[94mMODEL_RWTA_INFO|[0m load: /root/autodl-tmp/SVPG2023/LANE/training_runs/ours/highway_standard/models/ppo_gymip_rwtaspk_h8-8-40_none_rmsprop_0.000400_0.28_0.99800_4_0.1200_ro768_mb192_lam0.99_rs0.90_gc0.40_adaptive_roadhighway_tfstandard_seed37_best.pt
[94mMODEL_RWTA_INFO|[0m RWTA Prob initialize
[94mMODEL_RWTA_INFO|[0m weight 3837
[94mMODEL_RWTA_INFO|[0m bias 69
[94mMODEL_RWTA_INFO|[0m load: /root/autodl-tmp/SVPG2023/LANE/training_runs/ours/highway_standard/models/ppo_gymip_rwtaspk_h8-8-40_none_rmsprop_0.000400_0.28_0.99800_4_0.1200_ro768_mb192_lam0.99_rs0.90_gc0.40_adaptive_roadhighway_tfstandard_seed37_best.pt
[94mMODEL_RWTA_INFO|[0m RWTA Prob initialize
[94mMODEL_RWTA_INFO|[0m weight 3837
[94mMODEL_RWTA_INFO|[0m bias 69
[94mMODEL_RWTA_INFO|[0m load: /root/autodl-tmp/SVPG2023/LANE/training_runs/ours/highway_standard/models/ppo_gymip_rwtaspk_h8-8-40_none_rmsprop_0.000400_0.28_0.99800_4_0.1200_ro768_mb192_lam0.99_rs0.90_gc0.40_adaptive_roadhighway_tfstandard_seed37_best.pt
[94mMODEL_RWTA_INFO|[0m RWTA Prob initialize
[94mMODEL_RWTA_INFO|[0m weight 3837
[94mMODEL_RWTA_INFO|[0m bias 69
[94mMODEL_RWTA_INFO|[0m load: /root/autodl-tmp/SVPG2023/LANE/training_runs/ours/highway_standard/models/ppo_gymip_rwtaspk_h8-8-40_none_rmsprop_0.000400_0.28_0.99800_4_0.1200_ro768_mb192_lam0.99_rs0.90_gc0.40_adaptive_roadhighway_tfstandard_seed37_best.pt
[94mMODEL_RWTA_INFO|[0m RWTA Prob initialize
[94mMODEL_RWTA_INFO|[0m weight 3837
[94mMODEL_RWTA_INFO|[0m bias 69
[94mMODEL_RWTA_INFO|[0m load: /root/autodl-tmp/SVPG2023/LANE/training_runs/ours/highway_standard/models/ppo_gymip_rwtaspk_h8-8-40_none_rmsprop_0.000400_0.28_0.99800_4_0.1200_ro768_mb192_lam0.99_rs0.90_gc0.40_adaptive_roadhighway_tfstandard_seed37_best.pt
[94mMODEL_RWTA_INFO|[0m RWTA Prob initialize
[94mMODEL_RWTA_INFO|[0m weight 3837
[94mMODEL_RWTA_INFO|[0m bias 69
[94mMODEL_RWTA_INFO|[0m load: /root/autodl-tmp/SVPG2023/LANE/training_runs/ours/highway_standard/models/ppo_gymip_rwtaspk_h8-8-40_none_rmsprop_0.000400_0.28_0.99800_4_0.1200_ro768_mb192_lam0.99_rs0.90_gc0.40_adaptive_roadhighway_tfstandard_seed37_best.pt
[94mMODEL_RWTA_INFO|[0m RWTA Prob initialize
[94mMODEL_RWTA_INFO|[0m weight 3837
[94mMODEL_RWTA_INFO|[0m bias 69
[94mMODEL_RWTA_INFO|[0m load: /root/autodl-tmp/SVPG2023/LANE/training_runs/ours/highway_standard/models/ppo_gymip_rwtaspk_h8-8-40_none_rmsprop_0.000400_0.28_0.99800_4_0.1200_ro768_mb192_lam0.99_rs0.90_gc0.40_adaptive_roadhighway_tfstandard_seed37_best.pt
[94mMODEL_RWTA_INFO|[0m RWTA Prob initialize
[94mMODEL_RWTA_INFO|[0m weight 3837
[94mMODEL_RWTA_INFO|[0m bias 69
[94mMODEL_RWTA_INFO|[0m load: /root/autodl-tmp/SVPG2023/LANE/training_runs/ours/highway_standard/models/ppo_gymip_rwtaspk_h8-8-40_none_rmsprop_0.000400_0.28_0.99800_4_0.1200_ro768_mb192_lam0.99_rs0.90_gc0.40_adaptive_roadhighway_tfstandard_seed37_best.pt
[94mMODEL_RWTA_INFO|[0m RWTA Prob initialize
[94mMODEL_RWTA_INFO|[0m weight 3837
[94mMODEL_RWTA_INFO|[0m bias 69
[94mMODEL_RWTA_INFO|[0m load: /root/autodl-tmp/SVPG2023/LANE/training_runs/ours/highway_standard/models/ppo_gymip_rwtaspk_h8-8-40_none_rmsprop_0.000400_0.28_0.99800_4_0.1200_ro768_mb192_lam0.99_rs0.90_gc0.40_adaptive_roadhighway_tfstandard_seed37_best.pt
[94mMODEL_RWTA_INFO|[0m RWTA Prob initialize
[94mMODEL_RWTA_INFO|[0m weight 3837
[94mMODEL_RWTA_INFO|[0m bias 69
[94mMODEL_RWTA_INFO|[0m load: /root/autodl-tmp/SVPG2023/LANE/training_runs/ours/highway_standard/models/ppo_gymip_rwtaspk_h8-8-40_none_rmsprop_0.000400_0.28_0.99800_4_0.1200_ro768_mb192_lam0.99_rs0.90_gc0.40_adaptive_roadhighway_tfstandard_seed37_best.pt
[94mMODEL_RWTA_INFO|[0m RWTA Prob initialize
[94mMODEL_RWTA_INFO|[0m weight 3837
[94mMODEL_RWTA_INFO|[0m bias 69
[94mMODEL_RWTA_INFO|[0m load: /root/autodl-tmp/SVPG2023/LANE/training_runs/ours/highway_standard/models/ppo_gymip_rwtaspk_h8-8-40_none_rmsprop_0.000400_0.28_0.99800_4_0.1200_ro768_mb192_lam0.99_rs0.90_gc0.40_adaptive_roadhighway_tfstandard_seed37_best.pt
[94mMODEL_RWTA_INFO|[0m RWTA Prob initialize
[94mMODEL_RWTA_INFO|[0m weight 3837
[94mMODEL_RWTA_INFO|[0m bias 69
[94mMODEL_RWTA_INFO|[0m load: /root/autodl-tmp/SVPG2023/LANE/training_runs/ours/highway_standard/models/ppo_gymip_rwtaspk_h8-8-40_none_rmsprop_0.000400_0.28_0.99800_4_0.1200_ro768_mb192_lam0.99_rs0.90_gc0.40_adaptive_roadhighway_tfstandard_seed37_best.pt
[94mMODEL_RWTA_INFO|[0m RWTA Prob initialize
[94mMODEL_RWTA_INFO|[0m weight 3837
[94mMODEL_RWTA_INFO|[0m bias 69
[94mMODEL_RWTA_INFO|[0m load: /root/autodl-tmp/SVPG2023/LANE/training_runs/ours/highway_standard/models/ppo_gymip_rwtaspk_h8-8-40_none_rmsprop_0.000400_0.28_0.99800_4_0.1200_ro768_mb192_lam0.99_rs0.90_gc0.40_adaptive_roadhighway_tfstandard_seed37_best.pt
[94mMODEL_RWTA_INFO|[0m RWTA Prob initialize
[94mMODEL_RWTA_INFO|[0m weight 3837
[94mMODEL_RWTA_INFO|[0m bias 69
[94mMODEL_RWTA_INFO|[0m load: /root/autodl-tmp/SVPG2023/LANE/training_runs/ours/highway_standard/models/ppo_gymip_rwtaspk_h8-8-40_none_rmsprop_0.000400_0.28_0.99800_4_0.1200_ro768_mb192_lam0.99_rs0.90_gc0.40_adaptive_roadhighway_tfstandard_seed37_best.pt
input_noise     0.150 | success  0.650 | collision  0.350 | timeout  0.000 | reward 505.905 | len  99.400 | speed 29.174 | progress  0.828
[96mLANE_ENV_INFO|[0m ACTION NUMBER:      5
[96mLANE_ENV_INFO|[0m STATE DIMENSION:     25
[96mLANE_ENV_INFO|[0m ROAD SCENARIO: highway (highway-v0)
[94mMODEL_RWTA_INFO|[0m RWTA Prob initialize
[94mMODEL_RWTA_INFO|[0m weight 3837
[94mMODEL_RWTA_INFO|[0m bias 69
[94mMODEL_RWTA_INFO|[0m load: /root/autodl-tmp/SVPG2023/LANE/training_runs/ours/highway_standard/models/ppo_gymip_rwtaspk_h8-8-40_none_rmsprop_0.000400_0.28_0.99800_4_0.1200_ro768_mb192_lam0.99_rs0.90_gc0.40_adaptive_roadhighway_tfstandard_seed37_best.pt
[94mMODEL_RWTA_INFO|[0m RWTA Prob initialize
[94mMODEL_RWTA_INFO|[0m weight 3837
[94mMODEL_RWTA_INFO|[0m bias 69
[94mMODEL_RWTA_INFO|[0m load: /root/autodl-tmp/SVPG2023/LANE/training_runs/ours/highway_standard/models/ppo_gymip_rwtaspk_h8-8-40_none_rmsprop_0.000400_0.28_0.99800_4_0.1200_ro768_mb192_lam0.99_rs0.90_gc0.40_adaptive_roadhighway_tfstandard_seed37_best.pt
[94mMODEL_RWTA_INFO|[0m RWTA Prob initialize
[94mMODEL_RWTA_INFO|[0m weight 3837
[94mMODEL_RWTA_INFO|[0m bias 69
[94mMODEL_RWTA_INFO|[0m load: /root/autodl-tmp/SVPG2023/LANE/training_runs/ours/highway_standard/models/ppo_gymip_rwtaspk_h8-8-40_none_rmsprop_0.000400_0.28_0.99800_4_0.1200_ro768_mb192_lam0.99_rs0.90_gc0.40_adaptive_roadhighway_tfstandard_seed37_best.pt
[94mMODEL_RWTA_INFO|[0m RWTA Prob initialize
[94mMODEL_RWTA_INFO|[0m weight 3837
[94mMODEL_RWTA_INFO|[0m bias 69
[94mMODEL_RWTA_INFO|[0m load: /root/autodl-tmp/SVPG2023/LANE/training_runs/ours/highway_standard/models/ppo_gymip_rwtaspk_h8-8-40_none_rmsprop_0.000400_0.28_0.99800_4_0.1200_ro768_mb192_lam0.99_rs0.90_gc0.40_adaptive_roadhighway_tfstandard_seed37_best.pt
[94mMODEL_RWTA_INFO|[0m RWTA Prob initialize
[94mMODEL_RWTA_INFO|[0m weight 3837
[94mMODEL_RWTA_INFO|[0m bias 69
[94mMODEL_RWTA_INFO|[0m load: /root/autodl-tmp/SVPG2023/LANE/training_runs/ours/highway_standard/models/ppo_gymip_rwtaspk_h8-8-40_none_rmsprop_0.000400_0.28_0.99800_4_0.1200_ro768_mb192_lam0.99_rs0.90_gc0.40_adaptive_roadhighway_tfstandard_seed37_best.pt
[94mMODEL_RWTA_INFO|[0m RWTA Prob initialize
[94mMODEL_RWTA_INFO|[0m weight 3837
[94mMODEL_RWTA_INFO|[0m bias 69
[94mMODEL_RWTA_INFO|[0m load: /root/autodl-tmp/SVPG2023/LANE/training_runs/ours/highway_standard/models/ppo_gymip_rwtaspk_h8-8-40_none_rmsprop_0.000400_0.28_0.99800_4_0.1200_ro768_mb192_lam0.99_rs0.90_gc0.40_adaptive_roadhighway_tfstandard_seed37_best.pt
[94mMODEL_RWTA_INFO|[0m RWTA Prob initialize
[94mMODEL_RWTA_INFO|[0m weight 3837
[94mMODEL_RWTA_INFO|[0m bias 69
[94mMODEL_RWTA_INFO|[0m load: /root/autodl-tmp/SVPG2023/LANE/training_runs/ours/highway_standard/models/ppo_gymip_rwtaspk_h8-8-40_none_rmsprop_0.000400_0.28_0.99800_4_0.1200_ro768_mb192_lam0.99_rs0.90_gc0.40_adaptive_roadhighway_tfstandard_seed37_best.pt
[94mMODEL_RWTA_INFO|[0m RWTA Prob initialize
[94mMODEL_RWTA_INFO|[0m weight 3837
[94mMODEL_RWTA_INFO|[0m bias 69
[94mMODEL_RWTA_INFO|[0m load: /root/autodl-tmp/SVPG2023/LANE/training_runs/ours/highway_standard/models/ppo_gymip_rwtaspk_h8-8-40_none_rmsprop_0.000400_0.28_0.99800_4_0.1200_ro768_mb192_lam0.99_rs0.90_gc0.40_adaptive_roadhighway_tfstandard_seed37_best.pt
[94mMODEL_RWTA_INFO|[0m RWTA Prob initialize
[94mMODEL_RWTA_INFO|[0m weight 3837
[94mMODEL_RWTA_INFO|[0m bias 69
[94mMODEL_RWTA_INFO|[0m load: /root/autodl-tmp/SVPG2023/LANE/training_runs/ours/highway_standard/models/ppo_gymip_rwtaspk_h8-8-40_none_rmsprop_0.000400_0.28_0.99800_4_0.1200_ro768_mb192_lam0.99_rs0.90_gc0.40_adaptive_roadhighway_tfstandard_seed37_best.pt
[94mMODEL_RWTA_INFO|[0m RWTA Prob initialize
[94mMODEL_RWTA_INFO|[0m weight 3837
[94mMODEL_RWTA_INFO|[0m bias 69
[94mMODEL_RWTA_INFO|[0m load: /root/autodl-tmp/SVPG2023/LANE/training_runs/ours/highway_standard/models/ppo_gymip_rwtaspk_h8-8-40_none_rmsprop_0.000400_0.28_0.99800_4_0.1200_ro768_mb192_lam0.99_rs0.90_gc0.40_adaptive_roadhighway_tfstandard_seed37_best.pt
[94mMODEL_RWTA_INFO|[0m RWTA Prob initialize
[94mMODEL_RWTA_INFO|[0m weight 3837
[94mMODEL_RWTA_INFO|[0m bias 69
[94mMODEL_RWTA_INFO|[0m load: /root/autodl-tmp/SVPG2023/LANE/training_runs/ours/highway_standard/models/ppo_gymip_rwtaspk_h8-8-40_none_rmsprop_0.000400_0.28_0.99800_4_0.1200_ro768_mb192_lam0.99_rs0.90_gc0.40_adaptive_roadhighway_tfstandard_seed37_best.pt
[94mMODEL_RWTA_INFO|[0m RWTA Prob initialize
[94mMODEL_RWTA_INFO|[0m weight 3837
[94mMODEL_RWTA_INFO|[0m bias 69
[94mMODEL_RWTA_INFO|[0m load: /root/autodl-tmp/SVPG2023/LANE/training_runs/ours/highway_standard/models/ppo_gymip_rwtaspk_h8-8-40_none_rmsprop_0.000400_0.28_0.99800_4_0.1200_ro768_mb192_lam0.99_rs0.90_gc0.40_adaptive_roadhighway_tfstandard_seed37_best.pt
[94mMODEL_RWTA_INFO|[0m RWTA Prob initialize
[94mMODEL_RWTA_INFO|[0m weight 3837
[94mMODEL_RWTA_INFO|[0m bias 69
[94mMODEL_RWTA_INFO|[0m load: /root/autodl-tmp/SVPG2023/LANE/training_runs/ours/highway_standard/models/ppo_gymip_rwtaspk_h8-8-40_none_rmsprop_0.000400_0.28_0.99800_4_0.1200_ro768_mb192_lam0.99_rs0.90_gc0.40_adaptive_roadhighway_tfstandard_seed37_best.pt
[94mMODEL_RWTA_INFO|[0m RWTA Prob initialize
[94mMODEL_RWTA_INFO|[0m weight 3837
[94mMODEL_RWTA_INFO|[0m bias 69
[94mMODEL_RWTA_INFO|[0m load: /root/autodl-tmp/SVPG2023/LANE/training_runs/ours/highway_standard/models/ppo_gymip_rwtaspk_h8-8-40_none_rmsprop_0.000400_0.28_0.99800_4_0.1200_ro768_mb192_lam0.99_rs0.90_gc0.40_adaptive_roadhighway_tfstandard_seed37_best.pt
[94mMODEL_RWTA_INFO|[0m RWTA Prob initialize
[94mMODEL_RWTA_INFO|[0m weight 3837
[94mMODEL_RWTA_INFO|[0m bias 69
[94mMODEL_RWTA_INFO|[0m load: /root/autodl-tmp/SVPG2023/LANE/training_runs/ours/highway_standard/models/ppo_gymip_rwtaspk_h8-8-40_none_rmsprop_0.000400_0.28_0.99800_4_0.1200_ro768_mb192_lam0.99_rs0.90_gc0.40_adaptive_roadhighway_tfstandard_seed37_best.pt
[94mMODEL_RWTA_INFO|[0m RWTA Prob initialize
[94mMODEL_RWTA_INFO|[0m weight 3837
[94mMODEL_RWTA_INFO|[0m bias 69
[94mMODEL_RWTA_INFO|[0m load: /root/autodl-tmp/SVPG2023/LANE/training_runs/ours/highway_standard/models/ppo_gymip_rwtaspk_h8-8-40_none_rmsprop_0.000400_0.28_0.99800_4_0.1200_ro768_mb192_lam0.99_rs0.90_gc0.40_adaptive_roadhighway_tfstandard_seed37_best.pt
[94mMODEL_RWTA_INFO|[0m RWTA Prob initialize
[94mMODEL_RWTA_INFO|[0m weight 3837
[94mMODEL_RWTA_INFO|[0m bias 69
[94mMODEL_RWTA_INFO|[0m load: /root/autodl-tmp/SVPG2023/LANE/training_runs/ours/highway_standard/models/ppo_gymip_rwtaspk_h8-8-40_none_rmsprop_0.000400_0.28_0.99800_4_0.1200_ro768_mb192_lam0.99_rs0.90_gc0.40_adaptive_roadhighway_tfstandard_seed37_best.pt
[94mMODEL_RWTA_INFO|[0m RWTA Prob initialize
[94mMODEL_RWTA_INFO|[0m weight 3837
[94mMODEL_RWTA_INFO|[0m bias 69
[94mMODEL_RWTA_INFO|[0m load: /root/autodl-tmp/SVPG2023/LANE/training_runs/ours/highway_standard/models/ppo_gymip_rwtaspk_h8-8-40_none_rmsprop_0.000400_0.28_0.99800_4_0.1200_ro768_mb192_lam0.99_rs0.90_gc0.40_adaptive_roadhighway_tfstandard_seed37_best.pt
[94mMODEL_RWTA_INFO|[0m RWTA Prob initialize
[94mMODEL_RWTA_INFO|[0m weight 3837
[94mMODEL_RWTA_INFO|[0m bias 69
[94mMODEL_RWTA_INFO|[0m load: /root/autodl-tmp/SVPG2023/LANE/training_runs/ours/highway_standard/models/ppo_gymip_rwtaspk_h8-8-40_none_rmsprop_0.000400_0.28_0.99800_4_0.1200_ro768_mb192_lam0.99_rs0.90_gc0.40_adaptive_roadhighway_tfstandard_seed37_best.pt
[94mMODEL_RWTA_INFO|[0m RWTA Prob initialize
[94mMODEL_RWTA_INFO|[0m weight 3837
[94mMODEL_RWTA_INFO|[0m bias 69
[94mMODEL_RWTA_INFO|[0m load: /root/autodl-tmp/SVPG2023/LANE/training_runs/ours/highway_standard/models/ppo_gymip_rwtaspk_h8-8-40_none_rmsprop_0.000400_0.28_0.99800_4_0.1200_ro768_mb192_lam0.99_rs0.90_gc0.40_adaptive_roadhighway_tfstandard_seed37_best.pt
input_noise     0.200 | success  0.650 | collision  0.350 | timeout  0.000 | reward 505.905 | len  99.400 | speed 29.174 | progress  0.828

[Weight Gaussian Noise]

Saved robustness tables to: /root/autodl-tmp/SVPG2023/LANE/thesis_figures/robustness_paper_20260423_jobs/highway_standard_ours_input_20ep
