[91mFINISH: model_mlp[0m
[91mFINISH: model_rwta[0m
Robustness evaluation start
Scenario: highway / dense
  - baseline: /root/autodl-tmp/SVPG2023/LANE/training_runs/baseline/highway_dense/models/ppo_gymip_rwtaspk_h8-8-40_none_rmsprop_0.000600_0.35_0.99800_4_0.1500_roadhighway_tfdense_rep42_best
  - ours: /root/autodl-tmp/SVPG2023/LANE/training_runs/ours/highway_dense/models/ppo_gymip_rwtaspk_h8-8-40_none_rmsprop_0.000320_0.18_0.99800_4_0.1200_ro896_mb224_lam0.99_rs0.90_gc0.40_adaptive_roadhighway_tfdense_hrsc_success_ew1.10e50_te8_seed52_current

======================================
Model: baseline /root/autodl-tmp/SVPG2023/LANE/training_runs/baseline/highway_dense/models/ppo_gymip_rwtaspk_h8-8-40_none_rmsprop_0.000600_0.35_0.99800_4_0.1500_roadhighway_tfdense_rep42_best
[96mLANE_ENV_INFO|[0m ACTION NUMBER:      5
[96mLANE_ENV_INFO|[0m STATE DIMENSION:     25
[96mLANE_ENV_INFO|[0m ROAD SCENARIO: highway (highway-v0)
[94mMODEL_RWTA_INFO|[0m RWTA Prob initialize
[94mMODEL_RWTA_INFO|[0m weight 3837
[94mMODEL_RWTA_INFO|[0m bias 69
[94mMODEL_RWTA_INFO|[0m load: /root/autodl-tmp/SVPG2023/LANE/training_runs/baseline/highway_dense/models/ppo_gymip_rwtaspk_h8-8-40_none_rmsprop_0.000600_0.35_0.99800_4_0.1500_roadhighway_tfdense_rep42_best.pt
🚗 正在马路上飞驰... 当前回合已开 0 步🚗 正在马路上飞驰... 当前回合已开 10 步🚗 正在马路上飞驰... 当前回合已开 20 步🚗 正在马路上飞驰... 当前回合已开 30 步🚗 正在马路上飞驰... 当前回合已开 40 步🚗 💥 回合结束！最终活了: 44 步 | 步奖励: -31.88 | 累计回报: 10.48 | 原始回报: 35.58    
[94mMODEL_RWTA_INFO|[0m RWTA Prob initialize
[94mMODEL_RWTA_INFO|[0m weight 3837
[94mMODEL_RWTA_INFO|[0m bias 69
[94mMODEL_RWTA_INFO|[0m load: /root/autodl-tmp/SVPG2023/LANE/training_runs/baseline/highway_dense/models/ppo_gymip_rwtaspk_h8-8-40_none_rmsprop_0.000600_0.35_0.99800_4_0.1500_roadhighway_tfdense_rep42_best.pt
🚗 正在马路上飞驰... 当前回合已开 0 步🚗 正在马路上飞驰... 当前回合已开 10 步🚗 正在马路上飞驰... 当前回合已开 20 步🚗 💥 回合结束！最终活了: 30 步 | 步奖励: -24.95 | 累计回报: 75.55 | 原始回报: 28.35    
[94mMODEL_RWTA_INFO|[0m RWTA Prob initialize
[94mMODEL_RWTA_INFO|[0m weight 3837
[94mMODEL_RWTA_INFO|[0m bias 69
[94mMODEL_RWTA_INFO|[0m load: /root/autodl-tmp/SVPG2023/LANE/training_runs/baseline/highway_dense/models/ppo_gymip_rwtaspk_h8-8-40_none_rmsprop_0.000600_0.35_0.99800_4_0.1500_roadhighway_tfdense_rep42_best.pt
🚗 正在马路上飞驰... 当前回合已开 0 步🚗 正在马路上飞驰... 当前回合已开 10 步🚗 正在马路上飞驰... 当前回合已开 20 步🚗 正在马路上飞驰... 当前回合已开 30 步🚗 正在马路上飞驰... 当前回合已开 40 步🚗 正在马路上飞驰... 当前回合已开 50 步